00000000 r 
03f80000 T _start
03f80020 t _undefined_instruction
03f80024 t _software_interrupt
03f80028 t _prefetch_abort
03f8002c t _data_abort
03f80030 t _not_used
03f80034 t _irq
03f80038 t _fiq
03f80040 t _TEXT_BASE
03f80044 T _armboot_start
03f80048 T _bss_start
03f8004c T _bss_end
03f80050 t reset
03f80064 t relocate
03f80084 t copy_loop
03f80094 t stack_setup
03f800a4 t clear_bss
03f800b0 t clbss_l
03f800c4 t _start_armboot
03f800c8 t cpu_init_crit
03f80100 t undefined_instruction
03f80160 t software_interrupt
03f801c0 t prefetch_abort
03f80220 t data_abort
03f80280 t not_used
03f802e0 t irq
03f80340 t fiq
03f803a0 t _TEXT_BASE
03f803a4 T lowlevel_init
03f803a8 T enable_interrupts
03f803ac T disable_interrupts
03f803b4 T bad_mode
03f803d0 T show_regs
03f80510 T do_undefined_instruction
03f80534 T do_software_interrupt
03f80558 T do_prefetch_abort
03f8057c T do_data_abort
03f805a0 T do_not_used
03f805c4 T do_fiq
03f805e8 T do_irq
03f8060c t READ_TIMER
03f80640 T set_timer
03f80650 T reset_timer_masked
03f80670 T reset_timer
03f80674 T interrupt_init
03f806b8 T get_timer_masked
03f806ec T get_timer
03f80700 T udelay
03f80768 T udelay_masked
03f807bc T get_ticks
03f807d0 T get_tbclk
03f807dc T reset_cpu
03f80838 t display_banner
03f808a8 t init_baudrate
03f80904 T nand_init
03f80928 T sbrk
03f80960 T raise
03f80964 T hang
03f80978 T start_armboot
03f80b8c t __fswab16
03f80b9c t __fswab32
03f80ba4 t startAgainTimeout
03f80bb8 t startAgainHandler
03f80bbc t NetCopyIP
03f80bc4 t NetReadIP
03f80be0 t PingHandler
03f80c08 t NetWriteIP
03f80c24 t PingTimeout
03f80c40 T NetSetHandler
03f80c50 T NetSetTimeout
03f80c80 T NetStartAgain
03f80cfc T NetSendPacket
03f80d00 T NetCksum
03f80d34 T NetCksumOk
03f80d58 T NetEthHdrSize
03f80d9c T NetSetEther
03f80e44 T ArpRequest
03f80f28 T ArpTimeoutCheck
03f80f9c T PingSend
03f810c0 T NetSetIP
03f811a4 T NetSendUDPPacket
03f812dc T copy_filename
03f81320 T ip_to_string
03f81364 T string_to_ip
03f813cc T VLAN_to_string
03f81424 T string_to_VLAN
03f81470 T print_IPaddr
03f8148c T NetReceive
03f81934 T getenv_IPaddr
03f81944 T getenv_VLAN
03f81954 T NetLoop
03f81d64 t __fswab16
03f81d74 t TftpSend
03f81ed4 t TftpTimeout
03f81f30 t TftpHandler
03f82168 T TftpStart
03f82360 t __fswab16
03f82370 t __fswab32
03f82378 t truncate_sz
03f823ac t NetCopyLong
03f823b4 t NetCopyIP
03f823bc t NetReadLong
03f823d8 t DhcpOptionsProcess
03f82544 t DhcpExtended
03f8269c t BootpCopyNetParams
03f82748 t DhcpHandler
03f82a50 t NetWriteIP.clone.0
03f82a6c T BootpRequest
03f82c0c t BootpTimeout
03f82c54 T DhcpRequest
03f82c58 t RarpHandler
03f82cb4 T RarpRequest
03f82da8 t RarpTimeout
03f82df0 T eth_parse_enetaddr
03f82e44 T eth_getenv_enetaddr
03f82ea0 T eth_initialize
03f82ebc t __fswab32
03f82ec4 t NfsTimeout
03f82ee8 t basename
03f82f28 t dirname
03f82f44 t rpc_add_credentials
03f83008 t rpc_lookup_reply
03f830a8 t nfs_mount_reply
03f8313c t nfs_umountall_reply
03f831c0 t nfs_lookup_reply
03f8324c t rpc_req
03f83344 t rpc_lookup_req
03f833a4 t nfs_mount_req
03f83438 t nfs_umountall_req
03f83490 t nfs_lookup_req
03f83538 t nfs_read_req
03f835b8 t nfs_readlink_req
03f83610 t NfsSend
03f83698 t nfs_readlink_reply
03f83790 t nfs_read_reply.clone.0
03f838c8 t NfsHandler
03f83aa0 T NfsStart
03f83cd0 t delete_char.clone.0
03f83dac T readline
03f83fa0 T run_command
03f843d0 T main_loop
03f8458c T do_run
03f8460c t __fswab32
03f84614 T autoscript
03f8477c T do_autoscript
03f847bc t print_num
03f847d4 T do_bdinfo
03f848a8 T do_go
03f84928 t __fswab32
03f84930 t zfree
03f84938 t zalloc
03f84948 T do_bootd
03f8496c T print_image_hdr
03f84ac4 t do_imls
03f84bf0 t image_info
03f84ce0 T do_iminfo
03f84d40 T gunzip
03f84e8c T do_bootm
03f8539c T do_coninfo
03f85468 T get_dev
03f854f0 T do_fat_fsinfo
03f855c8 T do_fat_ls
03f856d0 T do_fat_fsstore
03f85840 T do_fat_fsload
03f859c0 t flash_fill_sect_ranges
03f85b88 t addr_spec
03f85d0c t abbrev_spec
03f85e6c T do_flinfo
03f85f18 T flash_sect_erase
03f86000 T do_flerase
03f861dc T flash_sect_protect
03f862e0 T do_protect
03f86588 t __fswab32
03f86590 T do_i2c_loop
03f866a4 T do_i2c_probe
03f866f4 T do_i2c_md
03f868dc T do_i2c_crc
03f86a2c T do_i2c_reg_set
03f86b2c T do_i2c_mw
03f86c60 t mod_i2c_mem.clone.0
03f86e68 T do_i2c_nm
03f86e90 T do_i2c_mm
03f86eb8 t __fswab32
03f86ec0 t ide_outb
03f86ee4 t ide_inb
03f86f08 t ident_cpy
03f86f78 t ide_wait
03f86fc0 T do_diskboot
03f87310 t input_data.clone.0
03f87348 t ide_ident
03f8744c T ide_read
03f87634 T ide_init
03f877b4 T ide_get_dev
03f877c8 T ide_write
03f87930 T do_ide
03f87cf4 t evalstr
03f87d10 t evalexp
03f87d58 T binary_test
03f87f18 T do_itest
03f87fc4 t bin_data_init
03f87fe4 t bin_data_char
03f88014 t load_serial
03f88228 T do_load_serial
03f88304 T send_pad
03f88330 T ktrans
03f88350 T chk1
03f88378 T s1_sendpacket
03f8839c T send_ack
03f883f8 T send_nack
03f88454 T k_data_init
03f88474 T k_data_save
03f884a0 T k_data_restore
03f884cc T k_data_char
03f8851c T handle_send_packet
03f886e0 T do_load_serial_bin
03f88ae8 T do_mem_base
03f88b28 T do_mem_crc
03f88c64 T do_mem_mtest
03f88d88 T cmd_get_data_size
03f88dd8 T do_mem_loop
03f88ed4 T do_mem_cp
03f890d4 T do_mem_cmp
03f89270 T do_mem_mw
03f89340 t mod_mem.clone.0
03f89498 T do_mem_nm
03f894c0 T do_mem_mm
03f894e8 T do_mem_md
03f896d0 t extract_range
03f89718 T MII_dump_0_to_5
03f899d8 T do_mii
03f89e5c T do_sleep
03f89eec T do_mmc_write
03f89fd0 T do_mmc_read
03f8a0b4 T do_mmc
03f8a12c t sd_check_ctrlc
03f8a150 T do_mmc_wait_insert
03f8a1ec T do_dma_cp
03f8a3d0 T free_dma_channels
03f8a3e8 t __fswab32
03f8a3f0 T isbbtbadblock
03f8a448 T update_bbt_inram
03f8a48c t nand_print
03f8a540 T WRITE_NAND_COMMAND
03f8a558 T nfc_ecc_set
03f8a6ac T shift_bit
03f8a6d4 T NFC_WAIT_READY
03f8a704 T NAND_WAIT_READY
03f8a74c T NFC_WAIT_CMD_READY
03f8a77c T NAND_WAIT_IDLE
03f8a7b8 T check_block
03f8a8c8 T NanD_Address
03f8aa58 T nand_init_pdma
03f8aa8c T nand_free_pdma
03f8aaa8 T nand_alloc_desc_pool
03f8aac8 T nand_init_short_desc
03f8ab18 T nand_init_long_desc
03f8ab78 T nand_config_pdma
03f8abac T nfc_dma_cfg
03f8ad08 T nand_pdma_handler
03f8adec T nand_read_page
03f8af6c T NFC_CHECK_ECC
03f8afd4 T nfc_BCH_ecc_correct
03f8b058 T nfc_BCH_ecc_check
03f8b150 T nfc_BCH_read_page
03f8b328 T nfc_BCH_read_8kpage
03f8b62c T nand_read_status
03f8b6b0 T wmt_nand_erase
03f8b770 T nand_page_program
03f8b874 T nand_page_program_random
03f8ba24 T nand_write_block
03f8bc74 T update_bbt_inflash
03f8c004 T nand_read_block
03f8c0bc T creat_bbt
03f8c2a8 T nfc_1bit_ecc_correct
03f8c424 T nfc_1bit_read_page
03f8c48c T wmt_nand_reset
03f8c4dc T nand_readID
03f8c55c T wmt_calc_clock
03f8c8b0 T wmt_get_timing
03f8c95c T get_pattern_small
03f8c9f0 T get_pattern_large
03f8cabc T WMT_check_pattern
03f8cb64 T find_bbt
03f8cd50 T nand_probe
03f8d758 T check_block_table
03f8d83c T nand_erase
03f8d974 T WMTLoadImageFormNAND
03f8daac T WMTSaveImageToNAND
03f8dd1c T WMTEraseNAND
03f8de84 T tellme_whereistable
03f8df28 T tellme_badblock
03f8dff4 T nand_rw
03f8e510 T do_nandboot
03f8e784 T WMTEraseNANDALL
03f8e854 T tellme_nandinfo
03f8e994 T do_nand
03f8f304 T do_ping
03f8f394 t netboot_common
03f8f63c T do_nfs
03f8f648 T do_dhcp
03f8f654 T do_rarpb
03f8f660 T do_tftpb
03f8f66c T do_bootp
03f8f678 t envmatch
03f8f6ec T do_saveenv
03f8f718 T do_printenv
03f8f8c8 T _do_setenv
03f8fd28 T do_setenv
03f8fd64 T setenv
03f8fd94 T getenv
03f8fe14 T getenv_r
03f8fed0 t __fswab32
03f8fed8 T do_usbboot
03f90294 T usb_get_class_desc
03f90340 T usb_display_class_sub
03f904b4 T usb_display_string
03f904e8 T usb_display_desc
03f90630 T usb_display_conf_desc
03f906dc T usb_display_if_desc
03f90764 T usb_display_ep_desc
03f90820 T usb_display_config
03f908b0 T usb_show_tree_graph
03f90bc4 T usb_show_tree
03f90bf4 T do_usb
03f91088 T do_echo
03f91108 T do_version
03f91128 T var_complete
03f911b0 T do_exit
03f911e0 T do_test
03f91648 T find_cmd
03f916dc T do_help
03f9189c t install_auto_complete_handler.clone.1
03f918b8 T install_auto_complete
03f918e4 T cmd_auto_complete
03f91d60 t console_setfile
03f91e04 T serial_printf
03f91e48 T fgetc
03f91e74 T ftstc
03f91ea0 T fputc
03f91ec8 T fputs
03f91ef0 T fprintf
03f91f38 T getc
03f91f50 T tstc
03f91f68 T putc
03f91f84 T puts
03f91fa0 T printf
03f91fe4 T vprintf
03f92018 T ctrlc
03f92064 T disable_ctrlc
03f9207c T had_ctrlc
03f9208c T clear_ctrlc
03f920a0 T dbg
03f920ac T console_assign
03f9213c T console_init_f
03f9214c T console_init_r
03f922dc T device_register
03f92300 T devices_init
03f923c4 T devices_done
03f923e0 T malloc_bin_reloc
03f92420 T malloc_trim
03f924f0 T free
03f9271c T cfree
03f92720 T malloc
03f92c9c T calloc
03f92d78 T memalign
03f92e88 T pvalloc
03f92ea0 T valloc
03f92eac T realloc
03f932fc T malloc_usable_size
03f9333c T mallopt
03f933b0 T env_get_char_memory
03f933d4 t env_get_char_init
03f933f4 T env_crc_update
03f93420 T env_get_addr
03f93444 T env_relocate
03f934e4 T env_complete
03f93620 T env_get_char_spec
03f9362c T env_init
03f93734 T saveenv
03f93880 T env_relocate_spec
03f939c0 t dummy
03f939c4 T get_version
03f939cc T jumptable_init
03f93a74 t display_set_pwm
03f93b50 T display_init
03f93ca0 T display_clear
03f93cac t wmt_display_main
03f93ee0 t rgb2color565
03f93ef8 t rgb2color888
03f93f04 t putcolor2fb16
03f93f1c t putcolor2fb32
03f93f34 T mv_initPrimary
03f93fcc T mv_drawLine
03f94068 T mv_drawRect
03f940d4 T mv_fillRect
03f94130 T mv_loadBmp
03f94520 T mv_textOut
03f946b8 T uboot_vpp_alloc_framebuffer
03f9476c T lcd_poweron_ctl
03f94890 T vpp_mod_init
03f948a0 T vpp_device_init
03f948e0 T wmt_graphic_init
03f94c44 T excute_reg_op
03f94d28 t wmt_do_mbit
03f94d64 t atoi
03f94de8 T do_textout
03f94fc0 T parse_gpio_operation
03f9508c T parse_pwm_params
03f95304 T flash_protect
03f953d4 T addr2info
03f95444 T flash_write
03f955a0 T flash_perror
03f95680 t b_reset
03f9569c t static_get
03f956b8 t static_peek
03f956c4 t file_peek
03f956d0 t setup_string_in_str
03f956fc t is_assignment
03f95750 t file_get
03f95918 t syntax_err
03f95924 t xmalloc
03f95944 t free_pipe_list
03f95a2c t b_free
03f95a50 t xrealloc
03f95a70 t done_command
03f95af8 t insert_var_value
03f95ca4 t b_addchr
03f95d1c t b_addqchr
03f95d68 t set_local_var.clone.3
03f95eec T simple_itoa
03f95f48 T new_pipe
03f95f70 t initialize_context
03f95fa8 t done_pipe
03f95ff4 T reserved_word
03f96128 t done_word
03f96294 T mapset
03f962b8 T update_ifs_map
03f96328 T parse_string_outer
03f963e8 t run_list_real
03f96bdc t parse_stream_outer
03f9717c T parse_file_outer
03f971c0 T u_boot_hush_start
03f97238 T NewHandle
03f97294 T DisposeHandle
03f972b4 T GetHandleSize
03f972bc T SetHandleSize
03f97338 T ListCreate
03f97398 T ListSetAllocationPolicy
03f973ac T ListDispose
03f973b0 T ListInsertItems
03f97574 T ListInsertItem
03f9757c T ListGetItems
03f975b8 T ListGetPtrToItem
03f975e4 T ListGetDataPtr
03f975f0 T ListGetItemSize
03f975fc T ListNumItems
03f97608 T miiphy_init
03f97624 T miiphy_register
03f97700 T miiphy_set_current_dev
03f9775c T miiphy_get_current_dev
03f97774 T miiphy_read
03f97800 T miiphy_write
03f9788c T miiphy_listdev
03f978f4 T miiphy_info
03f97980 T miiphy_reset
03f97a20 T miiphy_speed
03f97aa0 T miiphy_duplex
03f97b20 t hex1_bin
03f97b60 t hex2_bin
03f97b94 T srec_decode
03f97e00 t usb_set_maxpacket_ep
03f97ed4 T wait_ms
03f97ef4 T usb_disable_asynch
03f97f14 T usb_submit_int_msg
03f97f18 T usb_control_msg
03f98058 T usb_bulk_msg
03f980e0 T usb_maxpacket
03f98144 T usb_set_maxpacket
03f981a8 T usb_parse_config
03f98314 T usb_clear_halt
03f98444 T usb_get_descriptor
03f984c8 T usb_get_configuration_no
03f9857c T usb_set_address
03f985c0 T usb_set_interface
03f9869c T usb_set_configuration
03f9873c T usb_set_protocol
03f987b8 T usb_set_idle
03f98838 T usb_get_report
03f988c0 T usb_get_class_descriptor
03f98948 T usb_get_string
03f989f0 t usb_string_sub
03f98ae8 T usb_string
03f98c30 T usb_get_dev_index
03f98c7c T usb_alloc_new_device
03f98dc8 T usb_get_hub_descriptor
03f98e48 T usb_clear_hub_feature
03f98ebc T usb_clear_port_feature
03f98f38 T usb_set_port_feature
03f98fb4 t usb_hub_power_on
03f99010 T usb_get_hub_status
03f99084 T usb_get_port_status
03f99104 T usb_hub_reset
03f99118 T usb_stop
03f99154 T usb_hub_allocate
03f99198 T hub_port_reset
03f99238 T usb_new_device
03f99600 T usb_scan_devices
03f996a8 T usb_init
03f99748 T usb_hub_port_connect_change
03f998cc T usb_hub_configure
03f99b1c T usb_hub_probe
03f99b78 T portspeed
03f99bac t usb_stor_irq
03f99be0 t usb_stor_BBB_reset
03f99d3c t usb_stor_CB_reset
03f99e9c t usb_request_sense.clone.3
03f99f20 t usb_test_unit_ready.clone.4
03f99f9c T usb_stor_get_dev
03f99fb0 T usb_show_progress
03f99fbc T usb_stor_read
03f9a204 T usb_stor_info
03f9a26c T usb_stor_BBB_comdat
03f9a36c T usb_stor_CB_comdat
03f9a6b0 T usb_stor_CBI_get_status
03f9a780 T usb_stor_CB_transport
03f9a980 T usb_stor_BBB_clear_endpt_stall
03f9a9f4 T usb_stor_BBB_transport
03f9abd4 T usb_storage_probe
03f9ae08 T usb_stor_get_info
03f9b03c T usb_stor_scan
03f9b254 T lcd_blt_set_level
03f9b258 T lcd_blt_set_freq
03f9b25c T pwm_set_control
03f9b29c T pwm_set_scalar
03f9b2d8 T pwm_set_period
03f9b314 T pwm_set_duty
03f9b350 T pwm_get_period
03f9b368 T pwm_get_duty
03f9b380 T set_lcd_power
03f9b40c T pwm_set_gpio
03f9b4d8 T pwm_set_enable
03f9b534 T lcd_blt_enable
03f9b538 T lcd_blt_set_pwm
03f9b614 T wmt_write_ostc
03f9b65c T wmt_init_ost
03f9b6bc T wmt_read_ostc
03f9b754 T wmt_delayus
03f9b798 T govrh_set_data_format
03f9b8b4 T govrh_set_MIF_enable
03f9b8cc T govrh_set_colorbar
03f9b91c T govrh_set_fb_addr
03f9b94c T govrh_get_color_format
03f9b9c8 T govrh_get_tg
03f9bb64 T govrh_get_fb_addr
03f9bb94 T govrh_get_int_status
03f9bbb0 T govrh_clean_int_status
03f9bbc8 T govrh_set_tg_enable
03f9bc48 T govrh_set_clock
03f9bcd0 T govrh_set_tg1
03f9be18 T govrh_set_tg
03f9be4c T govrh_set_tg2
03f9bf8c T govrh_set_int_enable
03f9bfc4 T govrh_set_dvo_enable
03f9c038 T govrh_set_dvo_sync_polar
03f9c070 T govrh_get_dvo_color_format
03f9c0b8 T govrh_set_csc_mode
03f9c2f0 T govrh_reg_dump
03f9c9d8 T govrh_set_dvo_color_format
03f9ca5c T govrh_set_dvo_outdatw
03f9cab8 T govrh_set_dvo_clock_delay
03f9caf4 T govrh_set_vga_enable
03f9cb4c T govrh_set_VGA_sync
03f9cb8c T govrh_set_VGA_sync_polar
03f9cbc4 T govrh_DAC_set_sense_sel
03f9cc24 T govrh_DAC_set_sense_value
03f9cc74 T govrh_DAC_get_connect
03f9cc9c T govrh_DAC_set_pwrdn
03f9ccb4 T govrh_DAC_monitor_sense
03f9cd2c T govrh_set_contrast
03f9cd78 T govrh_get_contrast
03f9cd8c T govrh_set_brightness
03f9cda4 T govrh_get_brightness
03f9cdb8 T govrh_set_source_format
03f9cdec T govrh_set_output_format
03f9ce04 T govrh_set_fb_info
03f9ce80 T govrh_set_framebuffer
03f9cee4 T govrh_get_fb_info
03f9cf60 T govrh_set_fifo_index
03f9cf78 T govrh_set_reg_level
03f9cfd4 T govrh_set_reg_update
03f9cfec T govrh_set_timing
03f9d208 T govrh_get_framebuffer
03f9d258 T govrh_set_media_format
03f9d270 T govrh_DISP_set_enable
03f9d288 T govrh_IGS_set_mode
03f9d2e0 T govrh_IGS_set_RGB_swap
03f9d2f8 T govrh_set_dual_disp
03f9d320 T govrh_init
03f9d438 T govrh_mod_init
03f9d5a4 T lcd_check_plugin
03f9d5bc T lcd_config
03f9d5c4 T lcd_set_power_down
03f9d5dc T lcd_panel_register
03f9d608 T lcd_get_parm
03f9d638 T lcd_init
03f9d6cc T lcd_set_mode
03f9d7ac T lcd_module_init
03f9d7d8 T lvds_set_power_down
03f9d7f0 T lvds_set_enable
03f9d830 T lvds_set_rgb_type
03f9d848 T lvds_get_colfmt
03f9d850 T lvds_reg_dump
03f9d948 T lvds_init
03f9d9ec T vpp_get_chipid
03f9d9fc T vpp_cache_sync
03f9da08 T vpp_set_dbg_gpio
03f9dad0 T vpp_check_dbg_level
03f9db14 T vpp_mod_unregister
03f9db64 T vpp_mod_register
03f9dc18 T vpp_mod_get_base
03f9dc34 T vpp_mod_get_fb_base
03f9dc48 T vpp_mod_get_framebuf
03f9dc5c T vpp_clr_framebuf
03f9dc94 T vpp_get_fb_field
03f9dca0 T vpp_get_base_clock
03f9dcc0 T vpp_calculate_diff
03f9dcd0 T vpp_calculate_clock
03f9dfc0 T vpp_check_value
03f9dfe0 T vpp_show_timing
03f9e0a8 T vpp_show_framebuf
03f9e148 T vpp_show_view
03f9e1bc T vpp_trans_timing
03f9e328 T vpp_mod_set_timing
03f9e3bc T vpp_check_csc_mode
03f9e404 T vpp_set_vout_resolution
03f9e43c T vpp_get_gcd
03f9e454 T vpp_check_scale_ratio
03f9e5a0 T vpp_calculate_scale_ratio
03f9e770 T vpp_check_bilinear_arg
03f9e838 T vpp_get_video_mode_fps
03f9e8dc T vpp_get_video_mode
03f9ea98 T vpp_get_video_mode_ext
03f9eac4 T vpp_set_video_mode
03f9eae0 T vpp_set_video_quality
03f9eae4 T vpp_calculate_y_crop
03f9eaf4 T vpp_calculate_c_crop
03f9eb60 T vpp_set_vppm_int_enable
03f9eb64 T vpp_reg_dump
03f9ebd8 T vpp_convert_colfmt
03f9ed78 T vpp_set_power_mgr
03f9ed7c T vpp_backup_reg
03f9edcc T vpp_restore_reg
03f9ee0c T vpp_backup_reg2
03f9ee38 T vpp_restore_reg2
03f9ee68 T vpp_init
03f9f0cc T vpp_config
03f9f32c T disp_set_colorbar
03f9f344 T disp_set_enable
03f9f3d8 T disp_reg_dump
03f9f944 T disp_set_field
03f9f95c T disp_set_clamping
03f9f974 T disp_get_cur_field
03f9f998 T disp_EXTTV_set_enable
03f9f9d4 T disp_VGA_set_polar
03f9fa0c T disp_DAC_set_pwrdn
03f9fa74 T disp_init
03f9fc6c T disp_DAC_sense
03f9feb8 T disp_patch
03fa00d8 T disp_set_mode
03fa08f4 T disp_set_tvsys
03fa090c T disp_set_tvconn
03fa0928 T disp_get_color_format
03fa0958 T disp_mod_init
03fa09f4 T disp_get_attribute
03fa0a08 T disp_get_timing
03fa0a98 T vppm_get_int_status
03fa0b20 T vppm_reg_dump
03fa0ea8 T vppm_clean_int_status
03fa0f34 T vppm_set_int_enable
03fa0ff0 T vppm_get_int_enable
03fa1090 T vppm_set_module_reset
03fa111c T vppm_init
03fa113c T vppm_set_DAC_select
03fa1178 T vppm_mod_init
03fa11f8 T hdmi_reg32_write
03fa1250 T hdmi_ecc
03fa1350 T hdmi_checksum
03fa139c T hdmi_set_enable
03fa13cc T hdmi_set_dvi_enable
03fa13e4 T hdmi_set_sync_low_active
03fa141c T hdmi_set_output_colfmt
03fa1470 T hdmi_get_output_colfmt
03fa14a8 T hdmi_get_plugin
03fa14bc T hdmi_get_plug_status
03fa14d4 T hdmi_clear_plug_status
03fa1508 T hdmi_enable_plugin
03fa1540 T hdmi_write_fifo
03fa15bc T hdmi_read_fifo
03fa1628 T hdmi_DDC_check_status
03fa16dc T hdmi_DDC_set_freq
03fa1710 T hdmi_DDC_reset
03fa174c T hdmi_DDC_read_func
03fa19f8 T hdmi_DDC_read
03fa1a50 T hdmi_audio_enable
03fa1a68 T hdmi_audio_mute
03fa1a80 T hdmi_write_packet
03fa1b3c T hdmi_tx_null_packet
03fa1b4c T hdmi_tx_general_control_packet
03fa1b90 T hdmi_get_pic_aspect
03fa1bb0 T hdmi_tx_avi_infoframe_packet
03fa1c6c T hdmi_tx_audio_infoframe_packet
03fa1cdc T hdmi_tx_vendor_specific_infoframe_packet
03fa1d8c T hdmi_set_audio_n_cts
03fa1e38 T hdmi_config_audio
03fa2018 T hdmi_config_video
03fa2038 T hdmi_set_option
03fa20c4 T hdmi_config
03fa2248 T hdmi_set_cp_enable
03fa2280 T hdmi_poll_cp_status
03fa22a4 T hdmi_check_cp_int
03fa22c8 T hdmi_get_bksv
03fa22ec T hdmi_check_plugin
03fa2370 T hdmi_reg_dump
03fa2c08 T hdmi_set_cypher
03fa2c4c T hdmi_init
03fa2dec t vo_vga_compatible
03fa2e04 t vo_dvi_compatible
03fa2e24 t vo_dvo2hdmi_compatible
03fa2e40 t vo_lcd_compatible
03fa2e5c t vo_sda_compatible
03fa2e7c t vo_sda_config
03fa2e84 t vo_boot_compatible
03fa2e94 t vo_boot_uninit
03fa2e9c t vo_boot_resume
03fa2ea4 t vo_hdmi_compatible
03fa2ec0 t vo_lvds_compatible
03fa2edc t vo_lvds_chkplug
03fa2ef8 t vo_lvds_config
03fa2f0c t vo_boot_init
03fa2f20 t vo_lcd_chkplug
03fa2f48 t vo_dvo2hdmi_get_edid
03fa2f78 t vo_dvi_chkplug
03fa2fa0 t vo_dvi_config
03fa2fd0 t vo_lvds_suspend
03fa2fec t vo_lvds_visible
03fa300c t vo_lvds_resume
03fa3034 t vo_dvo2hdmi_chkplug
03fa3070 t vo_lvds_uninit
03fa3094 t vo_lvds_init
03fa3100 t vo_hdmi_get_edid
03fa31c0 t vo_hdmi_chkplug
03fa31c4 t vo_hdmi_resume
03fa31d8 t vo_hdmi_suspend
03fa31ec t vo_hdmi_uninit
03fa3210 t vo_hdmi_init
03fa3264 t vo_boot_chkplug
03fa37dc t vo_boot_suspend
03fa3828 t vo_boot_config
03fa38a0 t vo_boot_visible
03fa38b0 t vo_lcd_resume
03fa38f0 t vo_lcd_suspend
03fa3924 t vo_lcd_visible
03fa3944 t vo_lcd_uninit
03fa3978 t vo_dvi_visible
03fa3988 t vo_sda_chkplug
03fa39b0 t vo_sda_resume
03fa39dc t vo_sda_visible
03fa39f4 t vo_sda_suspend
03fa3a14 t vo_sda_uninit
03fa3a70 t vo_dvo2hdmi_visible
03fa3ac0 t vo_vga_chkplug
03fa3b54 t vo_sda_init
03fa3bfc t vo_lcd_config
03fa3c44 t vo_lcd_init
03fa3d40 t vo_dvo2hdmi_config
03fa3de0 t vo_vga_resume
03fa3df4 t vo_vga_suspend
03fa3e08 t vo_vga_visible
03fa3e20 t vo_vga_config
03fa3f9c t vo_vga_uninit
03fa3fd4 t vo_vga_init
03fa4048 t vo_plug_enable.clone.0
03fa4060 t vo_dvo2hdmi_resume
03fa409c t vo_dvo2hdmi_uninit
03fa40d8 t vo_dvo2hdmi_suspend
03fa411c t vo_dvi_resume
03fa4158 t vo_dvi_suspend
03fa4198 t vo_dvi_uninit
03fa41d8 t vo_dvo2hdmi_init
03fa4278 t vo_dvi_init
03fa4300 T vo_i2c_proc
03fa4394 t vo_dvi_get_edid
03fa43ec t vo_vga_get_edid
03fa4444 T vout_set_int_type
03fa4474 T vo_vga_plug_detect
03fa459c T vo_set_lcd_id
03fa45ac T vo_get_lcd_id
03fa45bc T vo_res_to_tvsys
03fa4600 T vo_tvsys_to_res
03fa46c0 T vo_sda_plug_detect
03fa47e4 T vo_hdmi_cp_set_enable_tmr
03fa480c t vo_hdmi_config
03fa4908 t vo_hdmi_visible
03fa494c T vout_extdev_probe
03fa4a24 T vout_intdev_probe
03fa4ac4 T vout_init
03fa4e64 T vout_exit
03fa4e84 T lcd_oem_get_parm
03fa4e90 t lcd_oem_initial
03fa4e9c T lcd_oem_init
03fa4eac T lcd_a080sn01_get_parm
03fa4eb8 t lcd_a080sn01_initial
03fa4ec4 T lcd_a080sn01_init
03fa4ed4 t lcd_at070tn83_power_on
03fa4ed8 t lcd_at070tn83_power_off
03fa4edc T lcd_at070tn83_get_parm
03fa4ee8 T lcd_at070tn83_init
03fa4ef8 T lcd_lw700at9003_get_parm
03fa4f0c t lcd_lw700at9003_power_off
03fa4f18 t lcd_lw700at9003_power_on
03fa4f24 T lcd_lw700at9003_init
03fa4f34 T lcd_ek08009_get_parm
03fa4f40 t lcd_ek08009_power_off
03fa4f4c t lcd_ek08009_power_on
03fa4f58 T lcd_ek08009_init
03fa4f68 T lcd_HSD101PFW2_get_parm
03fa4f74 t lcd_HSD101PFW2_power_off
03fa4f80 t lcd_HSD101PFW2_power_on
03fa4f8c T lcd_HSD101PFW2_init
03fa4f9c T vt1632_config
03fa4fa4 T vt1632_get_edid
03fa4fac T vt1632_set_power_down
03fa5008 T vt1632_set_mode
03fa5074 T vt1632_init
03fa5104 T vt1632_check_plugin
03fa5180 T vt1632_module_init
03fa5198 t vpp_get_hdmi_spdif
03fa51b4 T sil902x_set_power_down
03fa51b8 T sil902x_set_mode
03fa5214 t ReadByte
03fa5234 t WriteByte
03fa5258 t WriteBlock
03fa527c T ReadModifyWrite
03fa52ac T sil902x_CP_check_supported
03fa531c T sil902x_CP_check_AKSV
03fa536c T sil902x_CP_get_bksv
03fa5394 T sil902x_CP_init
03fa53e4 T sil902x_CP_enable
03fa5438 T sil902x_TMDS_enable
03fa5454 T sil902x_CP_restart
03fa5474 T sil902x_CP_check_status
03fa5558 T sil902x_poll
03fa55c4 T sil902x_enable_access
03fa561c T sil902x_do_read_edid
03fa570c T sil902x_read_edid
03fa5770 T sil902x_get_vmode
03fa5960 T sil902x_get_audio
03fa5a38 T sil902x_set_audio
03fa5a8c T sil902x_active
03fa5cf0 T sil902x_config
03fa5d10 T sil902x_set_power_mode
03fa5de0 T sil902x_check_plugin
03fa5e8c T sil902x_interrupt
03fa5f50 T sil902x_set_interrupt
03fa5f7c T sil902x_init
03fa5fbc T sil902x_clr_interrupt
03fa5fdc T sil902x_mute_audio
03fa609c T sil902x_module_init
03fa60b4 T inl
03fa60bc T outl
03fa60c4 T vppif_reg8_in
03fa60cc T vppif_reg8_out
03fa60d8 T vppif_reg16_in
03fa60e0 T vppif_reg16_out
03fa60ec T vppif_reg32_in
03fa60f0 T vppif_reg32_out
03fa6110 T vppif_reg32_write
03fa6148 T vppif_reg32_read
03fa6164 T vppif_reg32_mask
03fa616c T vpp_request_irq
03fa6174 T vpp_free_irq
03fa6178 T wmt_getsyspara
03fa61d0 T vpp_parse_param
03fa6258 T vpp_lock
03fa625c T vpp_unlock
03fa6260 T vpp_i2c_write
03fa62b8 T vpp_i2c_read
03fa6314 T vpp_i2c_enhanced_ddc_read
03fa63d4 T DelayMS
03fa63e0 T vout_change_status
03fa648c T vout_op
03fa64d4 T vout_control
03fa6574 T vout_set_blank
03fa6584 T vout_set_mode
03fa6678 T vout_suspend
03fa6684 T vout_resume
03fa6690 T vout_chkplug
03fa66b0 T vout_get_edid
03fa6744 T vout_register
03fa67a8 T vout_unregister
03fa67e8 T vout_get_info
03fa67f8 T vout_device_register
03fa6838 T vout_get_device
03fa6850 T vout_find_video_mode
03fa6a70 T vout_config
03fa6c94 T vout_check_ratio_16_9
03fa6cb4 T vout_find_edid_support_mode
03fa6dc0 t wmt_swi2c_delay.clone.0
03fa6dc8 T wmt_swi2c_lock
03fa6dcc T wmt_swi2c_delay
03fa6dd0 T wmt_swi2c_SetSDAInput
03fa6e0c T wmt_swi2c_SetSDAOutput
03fa6e48 T wmt_swi2c_GetSDA
03fa6e70 T wmt_swi2c_GetSCL
03fa6e98 T wmt_swi2c_SetSDA
03fa6f40 T wmt_swi2c_SetSCL
03fa6fe8 T wmt_swi2c_SetData
03fa702c T wmt_swi2c_SetClock
03fa707c T wmt_swi2c_StartI2C
03fa70d8 T wmt_swi2c_StopI2C
03fa7130 T wmt_swi2c_WriteAck
03fa71b4 T wmt_swi2c_ReadAck
03fa7280 T wmt_swi2c_tx
03fa72dc T wmt_swi2c_rx
03fa7344 T wmt_swi2c_reg_bk
03fa73b0 T wmt_swi2c_read
03fa7484 T wmt_swi2c_write
03fa7530 T wmt_swi2c_check
03fa7538 t block_type
03fa7574 T edid_dump
03fa75d4 T edid_checksum
03fa7600 T edid_parse_v1
03fa7a9c T edid_parse_CEA
03fa7d74 T edid_parse
03fa7e24 T edid_find_support
03fa8054 T edid_parse_option
03fa81a0 T edid_check_block
03fa81f0 T edid_get_hdmi_phy_addr
03fa8200 T crc32
03fa8304 T display_options
03fa8324 T print_size
03fa83c4 t __tolower
03fa83e0 T strnicmp
03fa8454 T strcpy
03fa846c T strncpy
03fa848c T strcat
03fa84b8 T strncat
03fa8500 T strcmp
03fa8528 T strncmp
03fa8564 T strchr
03fa8598 T strlen
03fa85b4 T strrchr
03fa85f0 T strnlen
03fa8614 T strdup
03fa8648 T strspn
03fa8688 T strpbrk
03fa86c4 T strtok
03fa873c T strsep
03fa8770 T strswab
03fa87bc T memset
03fa87d4 T bcopy
03fa87f4 T memcpy
03fa8810 T memmove
03fa8854 T memcmp
03fa888c T memscan
03fa88b4 T strstr
03fa8914 T memchr
03fa8948 t __toupper
03fa8964 t skip_atoi
03fa899c t number
03fa8ba4 T simple_strtoul
03fa8c5c T simple_strtol
03fa8c84 T simple_strtoull
03fa8d6c T vsprintf
03fa9138 T sprintf
03fa915c T panic
03fa91a8 t falloc
03fa91cc t ffree
03fa91d0 t inflate_trees_free
03fa920c t huft_build
03fa9754 t inflate_trees_fixed
03fa9930 t inflate_codes_new
03fa9980 t inflate_codes_free
03fa99a0 t inflate_blocks_reset
03fa9a68 T adler32
03fa9bd8 t inflate_flush
03fa9d44 T inflateReset
03fa9da0 T inflateEnd
03fa9e34 T inflateInit2
03fa9f84 T inflateInit
03fa9f8c T inflate
03fabb00 T inflateIncomp
03fabc2c T inflateSync
03fabd24 T board_init
03fabd4c T misc_init_r
03fabd54 T dram_init
03fabd70 T __aeabi_unwind_cpp_pr0
03fabd74 T get_boot_flash_type
03fabe1c T get_boot_nor_flash_bit_type
03fabe50 T get_boot_nand_flash_bit_type
03fabea0 T flash_init
03fac0d4 T flash_print_info
03fac120 T flash_erase
03fac174 T write_buff
03fac1dc T wmt_post
03fac200 t flash_error
03fac2cc T spi_flash_init
03fac5cc T spi_flash_print_info
03fac684 T spi_flash_erase
03fac86c T spi_write_buff
03fac8c8 T nand_flash_init
03fac8d0 T nand_flash_print_info
03fac8d4 T nand_flash_erase
03fac8dc T nand_write_buff
03fac8e4 t flash_reset
03fac920 T nor_flash_8b_init
03facdf8 T nor_flash_8b_print_info
03fad0e0 T nor_flash_8b_erase
03fad354 T nor_flash_8b_write_buff
03fad600 t __fswab16
03fad610 t flash_reset
03fad630 T nor_flash_16b_init
03fadf4c T nor_flash_16b_print_info
03fae190 T nor_flash_16b_erase
03fae408 T nor_flash_16b_write_buff
03fae75c t calc_pll_num
03faea24 t check_filter
03faea80 t enable_dev_clk
03faeaf4 T auto_pll_divisor
03faf4fc T manu_pll_divisor
03faf758 t ehci_td_buffer
03faf7b0 t ehci_alloc.clone.1
03faf81c t handshake.clone.2
03faf864 t ehci_reset
03faf8b4 T ehci_submit_root
03fafda0 T ehci_hcd_init
03fafdc4 T ehci_hcd_stop
03fafdd4 T usb_lowlevel_stop
03fafdd8 T strtochar
03fafe00 T ehci_config_port_owner
03faff9c T ehci_disable_port_owner
03fb0020 T ehci_detect_device
03fb00e8 T ehci_enable_port
03fb01d0 T usb_ehci_initial
03fb0200 T submit_int_msg
03fb0208 T usb_check_td
03fb0250 T usb_check_bulk_td
03fb02a4 t ehci_submit_async
03fb06b0 T submit_control_msg
03fb06e0 T submit_bulk_msg
03fb0714 T parse_usb_param
03fb07c8 T usb_lowlevel_init
03fb0964 t usb_display_wValue
03fb0a40 T usb_fill_td
03fb0adc T usb_fill_qh
03fb0b2c T usb_uhci_td_stat
03fb0b80 T usb_get_td_status
03fb0cec T submit_uhci_control_msg
03fb0e8c T submit_uhci_bulk_msg
03fb1064 T uhci_alloc_int_td
03fb10a4 T submit_uhci_int_msg
03fb11e8 T reset_hc
03fb1228 T start_hc
03fb13ac T reset_hc2
03fb13ec T start_hc2
03fb155c T usb_init_skel
03fb169c T usb_check_skel
03fb1704 T usb_check_int_chain
03fb18c4 T handle_usb_interrupt
03fb1920 T uhci_lowlevel_init
03fb19d4 T uhci_lowlevel_stop
03fb1a08 T uhci_submit_rh_msg
03fb210c t i2c_irq_handler
03fb216c T i2c_init
03fb2260 T i2c_transfer
03fb2614 T i2c_probe
03fb261c T i2c_read
03fb26b8 T i2c_write
03fb276c T i2c_reg_read
03fb278c T i2c_reg_write
03fb27ac t i2c_irq_handler
03fb280c T i2c1_init
03fb28c4 T i2c1_transfer
03fb2c78 T i2c1_probe
03fb2c80 T i2c1_read
03fb2d1c T i2c1_write
03fb2dd0 T i2c1_reg_read
03fb2df0 T i2c1_reg_write
03fb2e10 t read_p15_c1
03fb2e18 t write_p15_c1
03fb2e20 t cp_delay
03fb2e4c T cpu_init
03fb2e54 T cleanup_before_linux
03fb2e7c T do_reset
03fb2e94 T icache_enable
03fb2eb0 T icache_disable
03fb2ecc T icache_status
03fb2ee4 T serial_putc
03fb2f14 T serial_puts
03fb2f34 T serial_getc
03fb2f58 T serial_tstc
03fb2f78 T serial_setbrg
03fb3048 T serial_init
03fb3074 T eth_init
03fb3078 T eth_send
03fb307c T eth_rx
03fb3080 T eth_halt
03fb3084 T wmt_miiphy_read
03fb3094 T wmt_miiphy_write
03fb30a4 T wmt_miiphy_initialize
03fb30ac T gmac_startio
03fb3500 T gmac_send
03fb3634 T gmac_receive
03fb3704 T gmac_halt
03fb3728 T mii_read
03fb3744 T mii_write
03fb3760 T disable_dma
03fb377c T enable_dma
03fb37b0 T request_dma
03fb38b4 T clear_dma
03fb3924 T free_dma
03fb39ac T setup_dma
03fb3ac0 T dma_busy
03fb3b18 T dma_complete
03fb3b70 T handle_dma_irq
03fb3bd0 T prepare_dma_descript
03fb3c60 T start_dma
03fb3d60 T prepare_dma_long_descript
03fb3da8 T wake_dma_channel
03fb3dc8 T add_descript
03fb3e34 T init_descriptstack
03fb3ee8 T reset_descriptstack
03fb3f28 T free_descriptstack
03fb3f4c T init_dma
03fb40bc T set_descript
03fb426c T handle_transfer
03fb4400 T Change_SD_host
03fb451c T SD_Init_PDMA
03fb4550 T sd_init_long_desc
03fb45ac T sd_pdma_handler
03fb467c T sd_free_pdma
03fb4698 T card_nop
03fb469c T sd_command
03fb47ac T sd_send_scr
03fb4824 T sd_app_command
03fb48bc T sd_alloc_desc_pool
03fb48c4 T sd_init_short_desc
03fb48fc T sd_init_short_desc_with_end
03fb4924 T sd_config_desc
03fb4964 T sd_dump_memory
03fb4968 T sd_config_pdma
03fb49a8 T sdmmcSwitch
03fb4b54 T sdmmcSendExCSD
03fb4c20 T SD_Init
03fb5878 T SD_Initialization
03fb58e4 T mmc_get_dev
03fb591c T mmc_block_read_singleblock
03fb5a04 T mmc_block_read_multiblock
03fb5c9c T mmc_bread
03fb5d2c T mmc_block_write_singleblock
03fb5e7c T mmc_block_write_multiblock
03fb6130 T mmc_bwrite
03fb61c8 T mmc_read
03fb6268 T mmc_write
03fb6270 T sd_set_clock
03fb6778 T mmc_ident
03fb6780 T mmc2info
03fb6794 T get_chip_version
03fb684c T SD_Controller_Powerup
03fb6eec T mmc_init
03fb7150 T SD_card_inserted
03fb71ac T NPCIbIsRegBitsOn
03fb71dc T NPCIbIsRegBitsOff
03fb7208 T NPCIvRegBitsOn
03fb7240 T NPCIvRegBitsOff
03fb7278 T NPCIvReadManyConfigSpace
03fb728c T NPCIvReadRevisionId
03fb7298 T NPCIbReadDeviceInfo
03fb737c T NPCIvInitialize
03fb73ac T NPCIbPCIAlloc
03fb75f8 T pciconfigurationdump
03fb7680 T GMIIbReadEmbeded
03fb76f8 T GMIIbWriteEmbeded
03fb776c T GMIIbIsRegBitsOn
03fb779c T GMIIbIsRegBitsOff
03fb77c8 T GMIIbReadAllRegs
03fb7810 T GMIIvWaitForNwayCompleted
03fb7874 T GMIIvSetLoopbackMode
03fb79cc T GMIIvSetDuplexMode
03fb7a64 T GMIIvSetSpeedMode
03fb7b90 T GMIIbIsAutoNegotiationOn
03fb7b9c T GMIIbSafeSoftwareReset
03fb7bf8 T GMIIvScanAllPhy
03fb7cbc T GMIIvSetActiveForcedPhy
03fb7d80 T GMIIbSetActiveLinkedPhy
03fb7ed0 T GMIIvInitialize
03fb7fc8 T GSTAvClearAllCounter
03fb7fd4 T GSTAvClearAllSwMibCounter
03fb7ff0 T GSTAvUpdateEsrStatCounter
03fb8088 T GSTAvUpdateIsrStatCounter
03fb8254 T GSTAvUpdateRDStatCounter
03fb8404 T GSTAvUpdateRDStatCounterEx
03fb8454 T GSTAvUpdateTDStatCounter
03fb85d0 T GSTAvUpdateTDStatCounterEx
03fb8604 T GSTAvUpdateTDStatCounterTq0
03fb8770 T GSTAvClearHWMIBCounter
03fb87ac T GSTAvEnableHWMIBCounter
03fb87bc T GSTAvDisableHWMIBCounter
03fb87cc T GSTAvUpdateHWMIBCounter
03fb882c T GMEMvAllocate
03fb8848 T GMEMvAllocateShared
03fb8874 T GALCbAllocateRdrMemory
03fb88fc T GALCbAllocateTdSegMemory
03fb8968 T GALCbAllocateTdrMemory
03fb89c4 T GALCvChainRdrMemory
03fb8a34 T dumprd
03fb8a38 T GALCvChainTdrMemory
03fb8b28 T dumptd
03fb8b74 T GALCvFreeRdrMemory
03fb8b98 T GALCvFreeTdrMemory
03fb8bd4 T GALCvFreeTdSegMemory
03fb8c38 T GALCvSetAllRdOwnerToMac
03fb8c6c T GALCvSetAllTdOwnerToMac
03fb8ca0 T GALCvSetDefaultRD
03fb8ca4 T GALCvSetDefaultTD
03fb8ca8 T GMACvReadAllRegs
03fb8d40 T GMACbIsRegBitsOn
03fb8d58 T GMACbIsRegBitsOff
03fb8d6c T GMACbyReadEECSR
03fb8d74 T GMACbyReadMIICR
03fb8d7c T GMACvWriteMIICR
03fb8d84 T GMACbyReadMultiAddr
03fb8d90 T GMACvWriteMultiAddr
03fb8d9c T GMACbIsIntDisable
03fb8dac T GMACvSetMultiAddrByHash
03fb8df4 T GMACvResetMultiAddrByHash
03fb8e3c T GMACbyGetBootRomSize
03fb8e48 T GMACvSetPhyId
03fb8e60 T GMACbyGetPhyId
03fb8e6c T GMACvSetRxThreshold
03fb8e80 T GMACvGetRxThreshold
03fb8e94 T GMACvSetDmaLength
03fb8ea8 T GMACvGetDmaLength
03fb8eb8 T GMACvSetLoopbackMode
03fb8ecc T GMACbIsInLoopbackMode
03fb8edc T GMACbIsIn1GMode
03fb8f14 T GMACbIsIn100MMode
03fb8f84 T GMACbIsInFullDuplexMode
03fb8f90 T GMACbIsCableLinkOk
03fb8f9c T GMACvDisableMiiAutoPoll
03fb8fdc T GMACvEnableMiiAutoPoll
03fb9050 T GMACvSetPacketFilter
03fb90c4 T GMACvSaveContext
03fb9170 T GMACvRestoreContext
03fb9224 T GMACvTimer0MiniSDelay
03fb9280 T GMACvWriteEECSR
03fb9290 T GMACvTimer0MicroSDelay
03fb92ec T GMACbSoftwareReset
03fb935c T GMACbSafeSoftwareReset
03fb93a0 T GMACbSafeRxOff
03fb9408 T GMACbSafeTxOff
03fb9474 T GMACbStop
03fb94c4 T GMACbSafeStop
03fb9504 T GMACbShutdown
03fb9534 T GMACiWriteVee
03fb9550 T GMACLoadVEE
03fb9678 T GMACvInitialize
03fb977c T GMACvSetVCAM
03fb97d4 T GMACvSetMCAM
03fb9838 T GMACvGetVCAM
03fb9898 T GMACvGetMCAM
03fb9900 T GMACvSetVCAMMask
03fb9930 T GMACvSetMCAMMask
03fb9960 T GMACvGetVCAMMask
03fb9990 T GMACvGetMCAMMask
03fb99c4 T GMACvSetVCAMMaskByBR
03fb9a04 T GMACvSetMCAMMaskByBR
03fb9a40 T GMACvGetVCAMMaskByBR
03fb9a7c T GMACvGetMCAMMaskByBR
03fb9ab4 T GMACvSetTqIndex
03fb9af4 T dumpmac
03fb9b24 t s_vInit.clone.0
03fb9d68 T GADPuInitAll
03fb9ec8 T GADPbInitOne
03fba018 T GADPbInitialize
03fba1e8 T GADPbBind
03fba3a0 T GADPbShutdown
03fba3f0 T MEMvAlign
03fba42c T MEMvAllocateShared
03fba488 T MEMvCopy
03fba48c T MEMvSet
03fba490 T VPCIvReadB
03fba4a0 T VPCIvReadW
03fba4b0 T VPCIvReadD
03fba4c0 T VPCIvWriteB
03fba4cc T VPCIvRegBitsOff
03fba4fc T VPCIvRegBitsOn
03fba52c T VPCIvInitialize
03fba564 T VPCIvWriteW
03fba570 T VPCIvWriteD
03fba57c T PCIXvReadB
03fba5ac T PCIXvReadW
03fba5dc T PCIXvReadD
03fba600 T PCIXvWriteB
03fba62c T PCIXvWriteW
03fba658 T PCIXvWriteD
03fba678 T PCIXvReadManyBytes
03fba6c0 T PCIXbFindDeviceInfo
03fba828 T GCARDvSetMediaLinkMode
03fbaafc T GCARDvSetLoopbackMode
03fbab28 T GCARDbSoftwareReset
03fbab58 T PCAvIntEnable
03fbab68 T PCAvIntDisable
03fbab78 T GISRvIsrForNetwork
03fbb520 T ISRvIsrForNetwork_Card3
03fbb538 T ISRvIsrForNetwork_Card2
03fbb54c T ISRvIsrForNetwork_Card1
03fbb560 T ISRvIsrForNetwork_Card0
03fbb570 T CVTvBy6ToStr12
03fbb5c4 T CVTvStr12ToBy6
03fbb628 T CVTvHexToAsc
03fbb678 T CVTvAscToHex
03fbb770 T CVTvIP4ToStr15
03fbb820 T CVTvStr15ToIP4
03fbb888 T CRCdwCrc32
03fbb8bc T CRCdwGetCrc32
03fbb8d0 T CRCdwGetCrc32Ex
03fbb8d4 t __fswab32
03fbb8dc t setup_memory_tags
03fbb918 t setup_start_tag.clone.0
03fbb950 t setup_end_tag.clone.1
03fbb96c t setup_commandline_tag.clone.2
03fbb9e0 T do_bootm_linux
03fbbd20 T flush_cache
03fbbd24 t downcase
03fbbd4c t dirdelim
03fbbd80 t compare_sign
03fbbdb0 t slot2str
03fbbe80 t mkcksum
03fbbeb0 t get_name
03fbbf78 T disk_read
03fbbfc8 t read_bootsectandvi
03fbc0b0 t get_free_fatent
03fbc1d0 t get_fatent
03fbc334 t get_cluster
03fbc3bc t get_vfatname
03fbc564 T disk_write
03fbc5b4 t set_cluster
03fbc658 t set_fatent
03fbc694 T fat_register_device
03fbc7e0 T do_fat_read
03fbd154 T do_fat_write
03fbd744 T file_fat_detectfs
03fbd888 T file_fat_ls
03fbd898 T file_fat_read
03fbd8d0 T file_fat_write
03fbd904 T dev_print
03fbdaac T init_part
03fbdac8 T get_partition_info
03fbdaf0 T print_part
03fbdbb4 t le32_to_int
03fbdbd8 t is_extended
03fbdbfc t get_partition_info_extended
03fbde10 t print_partition_extended
03fbdfd8 T test_part_dos
03fbe02c T print_part_dos
03fbe058 T get_partition_info_dos
03fbe078 T semi_bootloados
03fbe0f4 T __aeabi_uidiv
03fbe0f4 T __udivsi3
03fbe0f4 t .udivsi3_skip_div0_test
03fbe2e0 T __aeabi_uidivmod
03fbe300 T __aeabi_idiv
03fbe300 T __divsi3
03fbe308 t .divsi3_skip_div0_test
03fbe520 T __aeabi_idivmod
03fbe540 T __aeabi_llsl
03fbe540 T __ashldi3
03fbe55c W __aeabi_idiv0
03fbe55c W __aeabi_ldiv0
03fbe56c r C.0.5394
03fbe5ec R version_string
03fbe61c r CSWTCH.55
03fbe668 r CSWTCH.58
03fbe6a8 r CSWTCH.61
03fbe6c4 r CSWTCH.64
03fbe6d0 r CSWTCH.54
03fbe728 r C.0.5592
03fbe738 r __FUNCTION__.5952
03fbe743 r __FUNCTION__.5901
03fbe751 r __FUNCTION__.5922
03fbe760 r s_fontData
03fbefa0 r __FUNCTION__.5231
03fbefb4 r CSWTCH.29
03fbefbc r __FUNCTION__.5212
03fbefd4 r C.6.7878
03fbf1cc R vpp_video_mode_table
03fbfb2c r CSWTCH.52
03fbfb34 r __FUNCTION__.6712
03fbfb3e R hdmi_vic_info
03fbfc10 R vpp_csc_parm
03fbfd98 r C.3.7731
03fbfdb0 r CSWTCH.17
03fbfdbc r CSWTCH.37
03fbfdc8 r CSWTCH.40
03fbfdd0 r CSWTCH.43
03fbfde0 r CSWTCH.46
03fbfe54 r CSWTCH.49
03fbfe58 r CSWTCH.88
03fbfe7c r CSWTCH.91
03fbfe9c r CSWTCH.94
03fbfec0 r CSWTCH.97
03fbfee4 r CSWTCH.100
03fbff00 r CSWTCH.105
03fbff24 r CSWTCH.108
03fbff48 r CSWTCH.111
03fbff50 r C.15.8001
03fbff5f r C.16.8002
03fbffef r C.17.8003
03fc00f9 r C.12.7980
03fc0108 R edid_v1_descriptor_flag
03fc010a R edid_v1_header
03fc0114 r crc_table
03fc0514 r border
03fc0560 r inflate_mask
03fc05a4 r CSWTCH.18
03fc05a8 r CSWTCH.21
03fc05ac r CSWTCH.24
03fc05ae r CSWTCH.27
03fc05b0 r CSWTCH.15
03fc080b r C.77.7348
03fc082c r C.34.7145
03fc083c r s_adwCrc32Table
03fcaf44 D init_sequence
03fcaf70 D NetOurVLAN
03fcaf72 D NetBcastAddr
03fcaf78 D NetOurNativeVLAN
03fcaf7c d nfs_offset
03fcaf80 d erase_seq
03fcaf84 d tab_seq
03fcaf90 D load_addr
03fcaf94 d i2c_dp_last_length
03fcaf98 d curr_device
03fcaf9c D op_table
03fcb004 d do_echo
03fcb008 D dp_last_length
03fcb00c D reg_0_5_desc_tbl
03fcb03c D desc_and_len_tbl
03fcb06c D reg_0_desc_tbl
03fcb0e4 D reg_1_desc_tbl
03fcb1a4 D reg_2_desc_tbl
03fcb1b0 D reg_3_desc_tbl
03fcb1d4 D reg_4_desc_tbl
03fcb264 D reg_5_desc_tbl
03fcb2f4 D pDma_Reg
03fcb2f8 d mirror_pattern
03fcb2fc d bbt_pattern
03fcb300 d WMT_nand_flash_ids
03fcba20 d curr_device
03fcba24 d usb_stor_curr_dev
03fcba28 D stdio_names
03fcba34 d av_
03fcbe3c d sbrk_base
03fcbe40 d trim_threshold
03fcbe44 d mmap_threshold
03fcbe48 D default_environment
03fcbf7c D env_get_char
03fcbf80 d flash_addr
03fcbf84 d flash_addr_new
03fcbf88 d end_addr
03fcbf8c d end_addr_new
03fcbf90 D env_ptr
03fcbf94 D env_name_spec
03fcbf98 D vfb_var
03fcc038 D video_str
03fcc058 D text_x
03fcc05c D text_y
03fcc060 d reserved_list
03fcc0e4 D us_direction
03fcc104 D CBWTag
03fcc108 D lcd_vout_dev_ops
03fcc134 D lcd_panel_on
03fcc138 D vpp_colfmt_str
03fcc16c D vpp_vout_str
03fcc190 D vpp_vo_boot_arg
03fcc1a8 D vpp_vo_boot_arg2
03fcc1c0 D vpp_vpath_str
03fcc1d8 D disp_attr_tbl
03fcc650 D disp_timing_tbl
03fcc8fc D vo_boot_parm
03fccb30 D vo_lcd_parm
03fccd64 D vo_parm_table
03fccd88 D vo_vga_parm
03fccfbc D vo_sda_parm
03fcd1f0 D vo_lvds_parm
03fcd424 D vo_hdmi_parm
03fcd658 D vout_priority
03fcd680 D vo_gpio_scl
03fcd69c D vo_gpio_sda
03fcd6b8 D vo_i2c0_scl
03fcd6d4 D vo_i2c0_sda
03fcd6f0 D vo_swi2c_vga
03fcd6f8 D vo_swi2c_dvi
03fcd700 D vo_vga_ops
03fcd72c D vo_dvi_ops
03fcd758 D vo_dvi_parm
03fcd98c D vo_dvo2hdmi_ops
03fcd9b8 D vo_dvo2hdmi_parm
03fcdbec D vo_lcd_ops
03fcdc18 D vo_sda_ops
03fcdc44 D vo_boot_ops
03fcdc70 D vo_hdmi_ops
03fcdc9c D vo_lvds_ops
03fcdcc8 D lcd_oem_parm
03fcdd08 D lcd_a080sn01_parm
03fcdd48 D lcd_at070tn83_parm
03fcdd88 D lcd_lw700at9003_parm
03fcddc8 D lcd_ek08009_parm
03fcde08 D lcd_HSD101PFW2_parm
03fcde48 D vt1632_vout_dev_ops
03fcde74 D sil902x_audio_freq
03fcde78 D sil902x_audio_fmt
03fcde7c D sil902x_audio_channel
03fcde80 D sil902x_hdmi_edid
03fcde84 D sil902x_vout_dev_ops
03fcdeb0 D edid_establish_timing
03fcdf7c D _ctype
03fce07c d fixed_left
03fce080 d cplens
03fce0fc d cplext
03fce178 d cpdist
03fce1f0 d cpdext
03fce268 D zlib_version
03fce26c D z_errmsg
03fce28c D flash_type
03fce290 D nor_flash_bit
03fce294 D nand_flash_bit
03fce298 D sf_ids
03fce3b8 d descriptor
03fce3ee D usb_sel
03fce3ef D ConnectPort
03fce3f0 D usb_base_addr
03fce3f4 d root_hub_dev_des
03fce406 d root_hub_config_des
03fce41f d root_hub_str_index0
03fce423 d root_hub_str_index1
03fce43f d root_hub_hub_des
03fce448 D pUart_Reg
03fce44c D pGpioReg
03fce450 d gmac_init.5872
03fce454 D g_pvGBufferIndex
03fce458 D dma_device_cfg_table
03fce678 D pSd_Reg
03fce67c D pSd_PDma_Reg
03fce680 D GpioReg
03fce684 D g_IO_point
03fce688 D g_Mem_point
03fce68c d cur_part
03fce690 A __u_boot_cmd_start
03fce690 D __u_boot_cmd_autoscr
03fce6ac D __u_boot_cmd_bdinfo
03fce6c8 D __u_boot_cmd_go
03fce6e4 D __u_boot_cmd_reset
03fce700 D __u_boot_cmd_bootm
03fce71c D __u_boot_cmd_boot
03fce738 D __u_boot_cmd_bootd
03fce754 D __u_boot_cmd_iminfo
03fce770 D __u_boot_cmd_imls
03fce78c D __u_boot_cmd_coninfo
03fce7a8 D __u_boot_cmd_fatload
03fce7c4 D __u_boot_cmd_fatstore
03fce7e0 D __u_boot_cmd_fatls
03fce7fc D __u_boot_cmd_fatinfo
03fce818 D __u_boot_cmd_flinfo
03fce834 D __u_boot_cmd_erase
03fce850 D __u_boot_cmd_protect
03fce86c D __u_boot_cmd_imd
03fce888 D __u_boot_cmd_imm
03fce8a4 D __u_boot_cmd_inm
03fce8c0 D __u_boot_cmd_imw
03fce8dc D __u_boot_cmd_icrc32
03fce8f8 D __u_boot_cmd_iprobe
03fce914 D __u_boot_cmd_iloop
03fce930 D __u_boot_cmd_ims
03fce94c D __u_boot_cmd_ide
03fce968 D __u_boot_cmd_diskboot
03fce984 D __u_boot_cmd_itest
03fce9a0 D __u_boot_cmd_loads
03fce9bc D __u_boot_cmd_loadb
03fce9d8 D __u_boot_cmd_md
03fce9f4 D __u_boot_cmd_mm
03fcea10 D __u_boot_cmd_nm
03fcea2c D __u_boot_cmd_mw
03fcea48 D __u_boot_cmd_cp
03fcea64 D __u_boot_cmd_cmp
03fcea80 D __u_boot_cmd_crc32
03fcea9c D __u_boot_cmd_base
03fceab8 D __u_boot_cmd_loop
03fcead4 D __u_boot_cmd_mtest
03fceaf0 D __u_boot_cmd_mii
03fceb0c D __u_boot_cmd_sleep
03fceb28 D __u_boot_cmd_mmcinit
03fceb44 D __u_boot_cmd_mmcread
03fceb60 D __u_boot_cmd_mmcwrite
03fceb7c D __u_boot_cmd_sdwaitins
03fceb98 D __u_boot_cmd_dmacp
03fcebb4 D __u_boot_cmd_nandrw
03fcebd0 D __u_boot_cmd_nboot
03fcebec D __u_boot_cmd_bootp
03fcec08 D __u_boot_cmd_tftpboot
03fcec24 D __u_boot_cmd_rarpboot
03fcec40 D __u_boot_cmd_dhcp
03fcec5c D __u_boot_cmd_nfs
03fcec78 D __u_boot_cmd_ping
03fcec94 D __u_boot_cmd_printenv
03fcecb0 D __u_boot_cmd_setenv
03fceccc D __u_boot_cmd_saveenv
03fcece8 D __u_boot_cmd_run
03fced04 D __u_boot_cmd_usb
03fced20 D __u_boot_cmd_usbboot
03fced3c D __u_boot_cmd_version
03fced58 D __u_boot_cmd_echo
03fced74 D __u_boot_cmd_test
03fced90 D __u_boot_cmd_exit
03fcedac D __u_boot_cmd_help
03fcedc8 D __u_boot_cmd_question_mark
03fcede4 D __u_boot_cmd_display
03fcee00 D __u_boot_cmd_mbit
03fcee1c D __u_boot_cmd_textout
03fcee38 A __bss_start
03fcee38 A __u_boot_cmd_end
03fcf000 b timestamp
03fcf004 b lastdec
03fcf008 b mem_malloc_brk
03fcf00c b mem_malloc_start
03fcf010 b mem_malloc_end
03fcf014 B monitor_flash_len
03fcf018 B NetState
03fcf01c B NetPingIP
03fcf020 b packetHandler
03fcf024 b timeHandler
03fcf028 b timeStart
03fcf02c b timeDelta
03fcf030 B NetOurEther
03fcf038 B NetTxPacket
03fcf03c B NetOurIP
03fcf040 B NetArpWaitPacketIP
03fcf044 B NetOurSubnetMask
03fcf048 B NetOurGatewayIP
03fcf04c B NetArpWaitReplyIP
03fcf050 B NetArpWaitTimerStart
03fcf054 B NetArpWaitTry
03fcf058 b mac.4952
03fcf05e B NetEtherNullAddr
03fcf064 B NetArpWaitPacketMAC
03fcf068 B NetArpWaitTxPacket
03fcf06c B NetIPID
03fcf070 b PingSeqNo
03fcf074 B NetArpWaitTxPacketSize
03fcf078 B NetRxPkt
03fcf07c B NetRxPktLen
03fcf080 B NetServerIP
03fcf084 B NetServerEther
03fcf08a B PktBuf
03fd0eac B NetRxPackets
03fd0ebc B NetArpWaitPacketBuf
03fd14dc B NetBootFileXferSize
03fd14e0 B NetOurDNSIP
03fd14e4 B NetOurNISDomain
03fd1504 B NetOurHostName
03fd1524 B NetOurRootPath
03fd1564 B NetBootFileSize
03fd1566 B BootFile
03fd15e8 b TftpState
03fd15ec b tftp_filename
03fd15f0 b TftpBlock
03fd15f4 b TftpServerPort
03fd15f8 b TftpOurPort
03fd15fc b TftpTimeoutCount
03fd1600 b TftpBlockWrap
03fd1604 b TftpBlockWrapOffset
03fd1608 b TftpLastBlock
03fd160c b default_filename
03fd161c B dhcp_leasetime
03fd1620 B NetDHCPServerIP
03fd1624 B BootpID
03fd1628 B dhcp_state
03fd162c B BootpTry
03fd1630 B RarpTry
03fd1634 b rpc_id
03fd1638 b NfsSrvMountPort
03fd163c b NfsSrvNfsPort
03fd1640 b fs_mounted
03fd1644 b dirfh
03fd1664 b filefh
03fd1684 b NfsServerIP
03fd1688 b NfsOurPort
03fd168c b NfsState
03fd1690 b nfs_path
03fd1694 b nfs_filename
03fd1698 b nfs_len
03fd169c b NfsDownloadState
03fd16a0 b nfs_path_buff
03fd1ea0 b default_filename
03fd1ee0 b NfsTimeoutCount
03fd1ee4 B console_buffer
03fd22e4 B header
03fd2324 b i2c_dp_last_chip
03fd2328 b i2c_dp_last_addr
03fd232c b i2c_dp_last_alen
03fd2330 B ide_bus_offset
03fd2334 B ide_dev_desc
03fd239c b ide_bus_ok
03fd23a0 b os_data_state
03fd23a4 B os_data_count
03fd23a8 b os_data_addr
03fd23ac b bin_start_address
03fd23b0 B his_pad_count
03fd23b4 B his_pad_char
03fd23b5 b a_b
03fd23cd B his_eol
03fd23d0 b k_data_escape
03fd23d4 B os_data_init
03fd23d8 b k_data_escape_saved
03fd23dc b os_data_state_saved
03fd23e0 b os_data_count_saved
03fd23e4 b os_data_addr_saved
03fd23e8 B os_data_char
03fd23ec B his_quote
03fd23f0 B send_ptr
03fd23f4 B send_parms
03fd2408 B os_data_header
03fd2428 b base_address
03fd242c B mm_last_addr
03fd2430 B mm_last_size
03fd2434 B dp_last_addr
03fd2438 B dp_last_size
03fd243c B last_op
03fd2440 B last_addr_lo
03fd2444 B last_addr_hi
03fd2448 B last_reg_lo
03fd244c B last_reg_hi
03fd2450 B last_data
03fd2454 B flag0
03fd2458 b bbt
03fd245c B pNFCRegs
03fd2460 B g_WMTNFCBASE
03fd2464 B pNand_PDma_Reg
03fd2468 B ReadDesc
03fd246c b bbt_version
03fd2470 B bad_block_pos
03fd2498 B oob_config
03fd24b8 B nand_dev_desc
03fd25b8 B NAND_PDMA_REG
03fd25f0 B PNAND_PDMA_REG
03fd25f4 B NAND_PDMA_DESC_S
03fd25fc B PNAND_PDMA_DESC_S
03fd2600 B NAND_PDMA_DESC_L
03fd2610 B PNAND_PDMA_DESC_L
03fd2614 B WriteDesc
03fd2618 b tmp_buf.4549
03fd2818 b tmp_buf
03fd2c18 b ctrlc_disabled
03fd2c1c b ctrlc_was_pressed
03fd2c20 B devlist
03fd2c24 B stdio_devices
03fd2c30 b current_mallinfo
03fd2c58 b top_pad
03fd2c5c b max_sbrked_mem
03fd2c60 b max_total_mem
03fd2c64 b n_mmaps_max
03fd2c68 b s_primary
03fd2c7c b m_fileStart
03fd2c80 b m_fh
03fd2c84 b m_glyphStart
03fd2c88 B rgb2color
03fd2c8c B putcolor2fb
03fd2c90 B g_fb_phy
03fd2c94 B g_direct_path
03fd2c98 B g_img_phy
03fd2c9c B g_display_param
03fd2cb4 B g_display_vaild
03fd2cb8 B g_pwm_setting
03fd2ccc B g_display_param2
03fd2ce4 B g_display_tmr
03fd2d0c B g_lcd_pw_pin
03fd2d24 B g_logo_x
03fd2d28 B g_logo_y
03fd2d2c B vpp_dac_sense_enable
03fd2d30 b flag_repeat
03fd2d34 b do_repeat
03fd2d38 b the_command.4717
03fd3138 b buf.4910
03fd3160 B last_return_code
03fd3164 b top_vars
03fd3168 b local.4701
03fd317e b map
03fd3280 b ifs
03fd3284 B nesting_level
03fd3288 b mii_devs
03fd3290 b current_mii
03fd3294 b asynch_allowed
03fd3298 b setup_packet
03fd32a0 b usb_dev
03fddc20 b dev_index
03fddc24 b usb_hub_index
03fddc28 B usb_started
03fddc2c b hub_dev
03fddd2c b running
03fddd30 b usb_ccb
03fdddc0 b usb_dev_desc
03fddfc8 b usb_max_devs
03fddfcc b usb_stor_buf
03fde1cc b usb_stor
03fde2d0 b pWMTOST
03fde2d4 B p_govrh
03fde2d8 B p_lcd
03fde2dc B lcd_blt_id
03fde2e0 B lcd_device_array
03fde2f8 B lcd_blt_level
03fde2fc B lcd_blt_freq
03fde300 B lcd_panel_id
03fde304 B lcd_pwm_enable
03fde308 B g_vpp
03fde4cc B vpp_mod_base_list
03fde500 B vpp_vout_option
03fde504 B hdmi_cp
03fde508 B hdmi_ri_tm_cnt
03fde50c B hdmi_info
03fde520 B vpp_govm_path1
03fde524 b sense_cnt.6404
03fde528 B p_disp
03fde52c b pre_pwrdn.6406
03fde530 B p_vppm
03fde534 B lvds_plug
03fde538 B vo_oem_tmr
03fde560 B dvo_vout_mode
03fde564 B int_vout_mode
03fde568 B hdmi_vout_mode
03fde56c B vo_plug_mode
03fde570 B vo_plug_func
03fde574 b sense_cnt.6452
03fde578 b pre_plugin.6453
03fde57c b sense_cnt.6671
03fde580 b pre_plugin.6672
03fde584 B hdmi_cur_plugin
03fde588 B vo_poll_mode
03fde58c b vt1632_not_ready
03fde590 B sil902x_datawidth
03fde594 B sil902x_colfmt
03fde598 B sil902x_cp_start
03fde59c B sil902x_cp_linkProtectionLevel
03fde5a0 B sil902x_videoMode
03fde5a4 B vpp_i2c_lock
03fde5a8 B vout_array
03fde5cc B vout_dev_list
03fde5d0 B vout_board_info
03fde5d4 B swi2c_sda
03fde5d8 B swi2c_scl
03fde5dc b name.6383
03fde5ec B edid_info
03fde7f4 B ___strtok
03fde7f8 b fixed_mem
03fdf888 b fixed_lock
03fdf88c b fixed_built
03fdf890 b fixed_bl
03fdf894 b fixed_tl
03fdf898 b fixed_bd
03fdf89c b fixed_td
03fdf8a0 B flash_info
03fe20d0 b flash_count
03fe20d4 B flash_info_nor
03fe4904 B flash_info_nand
03fe7134 B flash_info_spi
03fe854c B chip_id
03fe8550 B sfreg
03fe8554 b phy_flash_addr_0
03fe8558 b phy_flash_addr_1
03fe855c b dev_en_count
03fe8760 b qh.5254
03fe87c0 b ntds.5256
03fe87e0 b td.5255
03fe88a0 B hcor
03fe88a4 B rootdev
03fe88a8 b portreset
03fe88ac B hccr
03fe88b0 B port_connect_status
03fe88b4 B MaxDevice
03fe88b8 B length_flag
03fe88c0 b qh_list
03fe8920 B pipe_flag
03fe8924 B g_usb_param
03fe8928 B usb_flag
03fe892c B inquiry_flag
03fe9000 b rh
03fe9080 B tmp_td
03fed080 B qh_cntrl
03fed100 B qh_bulk
03fed180 B tmp_int_td
03fed580 B td_int
03fee000 B framelist
03fef000 B td_last
03fef080 B qh_end
03ff0000 b i2c
03ff0018 B i2c_xfer_mode
03ff001c b i2c
03ff0034 B sCmdPara
03ff0078 B g_bInit
03ff007c B sg_i32GError_status
03ff0080 b dma_status
03ff0088 b dma_chan
03ff0160 b descript_chan
03ff01e0 b first_init.4621
03ff01e4 b dma_mem_regs_base.4622
03ff01e8 B SDDevInfo
03ff01ec B SD0DevInfo
03ff0434 b mmc_dev
03ff0438 b mmc0_dev
03ff04a0 b mmc_ready
03ff04a4 b mmc0_ready
03ff04a8 b chip_id
03ff04ac B SD1DevInfo
03ff06f4 b mmc1_dev
03ff075c b mmc1_ready
03ff0760 B SD2DevInfo
03ff09a8 b mmc2_dev
03ff0a10 b mmc2_ready
03ff0a14 b Bitmode
03ff0a18 b chip_version.5127
03ff0a1c B SD_PDMA_REG
03ff0a54 B PSD_PDMA_REG
03ff0a58 b wOrgData.5514
03ff0a5a b wOrgData.5521
03ff0a5c B sOptions
03ff0a74 B sg_aGAdapter
03ff0a78 B sg_abyRandomTable
03ff0a7c b params
03ff0a80 b part_offset
03ff0a84 b cur_dev
03ff0a88 A _end
