00000000 r 
03f80000 T _start
03f80020 t _undefined_instruction
03f80024 t _software_interrupt
03f80028 t _prefetch_abort
03f8002c t _data_abort
03f80030 t _not_used
03f80034 t _irq
03f80038 t _fiq
03f80040 t _TEXT_BASE
03f80044 T _armboot_start
03f80048 T _bss_start
03f8004c T _bss_end
03f80050 t reset
03f80064 t relocate
03f80084 t copy_loop
03f80094 t stack_setup
03f800a4 t clear_bss
03f800b0 t clbss_l
03f800c4 t _start_armboot
03f800c8 t cpu_init_crit
03f80100 t undefined_instruction
03f80160 t software_interrupt
03f801c0 t prefetch_abort
03f80220 t data_abort
03f80280 t not_used
03f802e0 t irq
03f80340 t fiq
03f803a0 t _TEXT_BASE
03f803a4 T lowlevel_init
03f803a8 T enable_interrupts
03f803ac T disable_interrupts
03f803b4 T bad_mode
03f803d0 T show_regs
03f80510 T do_undefined_instruction
03f80534 T do_software_interrupt
03f80558 T do_prefetch_abort
03f8057c T do_data_abort
03f805a0 T do_not_used
03f805c4 T do_fiq
03f805e8 T do_irq
03f8060c t READ_TIMER
03f80640 T set_timer
03f80650 T reset_timer_masked
03f80670 T reset_timer
03f80674 T interrupt_init
03f806b8 T get_timer_masked
03f806ec T get_timer
03f80700 T udelay
03f80768 T udelay_masked
03f807bc T get_ticks
03f807d0 T get_tbclk
03f807dc T reset_cpu
03f80838 t display_banner
03f808a8 t init_baudrate
03f80904 T nand_init
03f80928 T sbrk
03f80960 T raise
03f80964 T hang
03f80978 T start_armboot
03f80b8c t __fswab16
03f80b9c t __fswab32
03f80ba4 t startAgainTimeout
03f80bb8 t startAgainHandler
03f80bbc t NetCopyIP
03f80bc4 t NetReadIP
03f80be0 t PingHandler
03f80c08 t NetWriteIP
03f80c24 t PingTimeout
03f80c40 T NetSetHandler
03f80c50 T NetSetTimeout
03f80c80 T NetStartAgain
03f80cfc T NetSendPacket
03f80d00 T NetCksum
03f80d34 T NetCksumOk
03f80d58 T NetEthHdrSize
03f80d9c T NetSetEther
03f80e44 T ArpRequest
03f80f28 T ArpTimeoutCheck
03f80f9c T PingSend
03f810c0 T NetSetIP
03f811a4 T NetSendUDPPacket
03f812dc T copy_filename
03f81320 T ip_to_string
03f81364 T string_to_ip
03f813cc T VLAN_to_string
03f81424 T string_to_VLAN
03f81470 T print_IPaddr
03f8148c T NetReceive
03f81934 T getenv_IPaddr
03f81944 T getenv_VLAN
03f81954 T NetLoop
03f81d68 t __fswab16
03f81d78 t TftpSend
03f81ed8 t TftpTimeout
03f81f34 t TftpHandler
03f8216c T TftpStart
03f82364 t __fswab16
03f82374 t __fswab32
03f8237c t truncate_sz
03f823b0 t NetCopyLong
03f823b8 t NetCopyIP
03f823c0 t NetReadLong
03f823dc t DhcpOptionsProcess
03f82548 t DhcpExtended
03f826a0 t BootpCopyNetParams
03f8274c t DhcpHandler
03f82a54 t NetWriteIP.clone.0
03f82a70 T BootpRequest
03f82c10 t BootpTimeout
03f82c58 T DhcpRequest
03f82c5c t RarpHandler
03f82cb8 T RarpRequest
03f82dac t RarpTimeout
03f82df4 T eth_initialize
03f82e10 t __fswab32
03f82e18 t NfsTimeout
03f82e3c t basename
03f82e7c t dirname
03f82e98 t rpc_add_credentials
03f82f5c t rpc_lookup_reply
03f82ffc t nfs_mount_reply
03f83090 t nfs_umountall_reply
03f83114 t nfs_lookup_reply
03f831a0 t rpc_req
03f83298 t rpc_lookup_req
03f832f8 t nfs_mount_req
03f8338c t nfs_umountall_req
03f833e4 t nfs_lookup_req
03f8348c t nfs_read_req
03f8350c t nfs_readlink_req
03f83564 t NfsSend
03f835ec t nfs_readlink_reply
03f836e4 t nfs_read_reply.clone.0
03f8381c t NfsHandler
03f839f4 T NfsStart
03f83c24 t delete_char.clone.0
03f83d00 T readline
03f83ef4 T run_command
03f84324 T main_loop
03f844e0 T do_run
03f84560 t __fswab32
03f84568 T autoscript
03f846d0 T do_autoscript
03f84710 t print_num
03f84728 T do_bdinfo
03f847fc T do_go
03f8487c t __fswab32
03f84884 t zfree
03f8488c t zalloc
03f8489c T do_bootd
03f848c0 T print_image_hdr
03f84a18 t do_imls
03f84b44 t image_info
03f84c34 T do_iminfo
03f84c94 T gunzip
03f84de0 T do_bootm
03f852f0 T do_coninfo
03f853bc T get_dev
03f85444 T do_fat_fsinfo
03f8551c T do_fat_ls
03f85624 T do_fat_fsstore
03f85794 T do_fat_fsload
03f85914 t flash_fill_sect_ranges
03f85adc t addr_spec
03f85c60 t abbrev_spec
03f85dc0 T do_flinfo
03f85e6c T flash_sect_erase
03f85f54 T do_flerase
03f86130 T flash_sect_protect
03f86234 T do_protect
03f864dc t __fswab32
03f864e4 T do_i2c_loop
03f865f8 T do_i2c_probe
03f86648 T do_i2c_md
03f86830 T do_i2c_crc
03f86980 T do_i2c_reg_set
03f86a80 T do_i2c_mw
03f86bb4 t mod_i2c_mem.clone.0
03f86dbc T do_i2c_nm
03f86de4 T do_i2c_mm
03f86e0c t __fswab32
03f86e14 t ide_outb
03f86e38 t ide_inb
03f86e5c t ident_cpy
03f86ecc t ide_wait
03f86f14 T do_diskboot
03f87264 t input_data.clone.0
03f8729c t ide_ident
03f873a0 T ide_read
03f87588 T ide_init
03f87708 T ide_get_dev
03f8771c T ide_write
03f87884 T do_ide
03f87c48 t evalstr
03f87c64 t evalexp
03f87cac T binary_test
03f87e6c T do_itest
03f87f18 t bin_data_init
03f87f38 t bin_data_char
03f87f68 t load_serial
03f8817c T do_load_serial
03f88258 T send_pad
03f88284 T ktrans
03f882a4 T chk1
03f882cc T s1_sendpacket
03f882f0 T send_ack
03f8834c T send_nack
03f883a8 T k_data_init
03f883c8 T k_data_save
03f883f4 T k_data_restore
03f88420 T k_data_char
03f88470 T handle_send_packet
03f88634 T do_load_serial_bin
03f88a3c T do_mem_base
03f88a7c T do_mem_crc
03f88bb8 T do_mem_mtest
03f88cdc T cmd_get_data_size
03f88d2c T do_mem_loop
03f88e28 T do_mem_cp
03f89028 T do_mem_cmp
03f891c4 T do_mem_mw
03f89294 t mod_mem.clone.0
03f893ec T do_mem_nm
03f89414 T do_mem_mm
03f8943c T do_mem_md
03f89624 t extract_range
03f8966c T MII_dump_0_to_5
03f8992c T do_mii
03f89db0 T do_sleep
03f89e40 T do_mmc_write
03f89f24 T do_mmc_read
03f8a008 T do_mmc
03f8a080 t sd_check_ctrlc
03f8a0a4 T do_mmc_wait_insert
03f8a140 T do_dma_cp
03f8a324 T free_dma_channels
03f8a33c t __fswab32
03f8a344 T isbbtbadblock
03f8a39c T update_bbt_inram
03f8a3e0 t nand_print
03f8a494 T WRITE_NAND_COMMAND
03f8a4ac T nfc_ecc_set
03f8a600 T shift_bit
03f8a628 T NFC_WAIT_READY
03f8a658 T NAND_WAIT_READY
03f8a6a0 T NFC_WAIT_CMD_READY
03f8a6d0 T NAND_WAIT_IDLE
03f8a70c T check_block
03f8a81c T NanD_Address
03f8a9ac T nand_init_pdma
03f8a9e0 T nand_free_pdma
03f8a9fc T nand_alloc_desc_pool
03f8aa1c T nand_init_short_desc
03f8aa6c T nand_init_long_desc
03f8aacc T nand_config_pdma
03f8ab00 T nfc_dma_cfg
03f8ac5c T nand_pdma_handler
03f8ad40 T nand_read_page
03f8aec0 T NFC_CHECK_ECC
03f8af28 T nfc_BCH_ecc_correct
03f8afac T nfc_BCH_ecc_check
03f8b0a4 T nfc_BCH_read_page
03f8b27c T nfc_BCH_read_8kpage
03f8b580 T nand_read_status
03f8b604 T wmt_nand_erase
03f8b6c4 T nand_page_program
03f8b7c8 T nand_page_program_random
03f8b978 T nand_write_block
03f8bbc8 T update_bbt_inflash
03f8bf58 T nand_read_block
03f8c010 T creat_bbt
03f8c1fc T nfc_1bit_ecc_correct
03f8c378 T nfc_1bit_read_page
03f8c3e0 T wmt_nand_reset
03f8c430 T nand_readID
03f8c4b0 T wmt_calc_clock
03f8c804 T wmt_get_timing
03f8c8b0 T get_pattern_small
03f8c944 T get_pattern_large
03f8ca10 T WMT_check_pattern
03f8cab8 T find_bbt
03f8cca4 T nand_probe
03f8d6ac T check_block_table
03f8d790 T nand_erase
03f8d8c8 T WMTLoadImageFormNAND
03f8da00 T WMTSaveImageToNAND
03f8dc70 T WMTEraseNAND
03f8ddd8 T tellme_whereistable
03f8de7c T tellme_badblock
03f8df48 T nand_rw
03f8e464 T do_nandboot
03f8e6d8 T WMTEraseNANDALL
03f8e7a8 T tellme_nandinfo
03f8e8e8 T do_nand
03f8f258 T do_ping
03f8f2e8 t netboot_common
03f8f590 T do_nfs
03f8f59c T do_dhcp
03f8f5a8 T do_rarpb
03f8f5b4 T do_tftpb
03f8f5c0 T do_bootp
03f8f5cc t envmatch
03f8f640 T do_saveenv
03f8f66c T do_printenv
03f8f81c T _do_setenv
03f8fc7c T do_setenv
03f8fcb8 T setenv
03f8fce8 T getenv
03f8fd68 T getenv_r
03f8fe24 t __fswab32
03f8fe2c T do_usbboot
03f901e8 T usb_get_class_desc
03f90294 T usb_display_class_sub
03f90408 T usb_display_string
03f9043c T usb_display_desc
03f90568 T usb_display_conf_desc
03f90614 T usb_display_if_desc
03f9069c T usb_display_ep_desc
03f90758 T usb_display_config
03f907e4 T usb_show_tree_graph
03f909fc T usb_show_tree
03f90a2c T do_usb
03f90ea4 T do_echo
03f90f24 T do_version
03f90f44 T var_complete
03f90fcc T do_exit
03f90ffc T do_test
03f91464 T find_cmd
03f914f8 T do_help
03f916b8 t install_auto_complete_handler.clone.1
03f916d4 T install_auto_complete
03f91700 T cmd_auto_complete
03f91b7c t console_setfile
03f91c20 T serial_printf
03f91c64 T fgetc
03f91c90 T ftstc
03f91cbc T fputc
03f91ce4 T fputs
03f91d0c T fprintf
03f91d54 T getc
03f91d6c T tstc
03f91d84 T putc
03f91da0 T puts
03f91dbc T printf
03f91e00 T vprintf
03f91e34 T ctrlc
03f91e80 T disable_ctrlc
03f91e98 T had_ctrlc
03f91ea8 T clear_ctrlc
03f91ebc T dbg
03f91ec8 T console_assign
03f91f58 T console_init_f
03f91f68 T console_init_r
03f920f8 T device_register
03f9211c T devices_init
03f921e0 T devices_done
03f921fc T malloc_bin_reloc
03f9223c T malloc_trim
03f9230c T free
03f92538 T cfree
03f9253c T malloc
03f92ab8 T calloc
03f92b94 T memalign
03f92ca4 T pvalloc
03f92cbc T valloc
03f92cc8 T realloc
03f93118 T malloc_usable_size
03f93158 T mallopt
03f931cc T env_get_char_memory
03f931f0 t env_get_char_init
03f93210 T env_crc_update
03f9323c T env_get_addr
03f93260 T env_relocate
03f93300 T env_complete
03f9343c T env_get_char_spec
03f93448 T env_init
03f93550 T saveenv
03f9369c T env_relocate_spec
03f937dc t dummy
03f937e0 T get_version
03f937e8 T jumptable_init
03f93890 t display_set_pwm
03f9396c T display_init
03f93abc T display_clear
03f93ac8 t wmt_display_main
03f93cfc t rgb2color565
03f93d14 t rgb2color888
03f93d20 t putcolor2fb16
03f93d38 t putcolor2fb32
03f93d50 T mv_initPrimary
03f93de8 T mv_drawLine
03f93e84 T mv_drawRect
03f93ef0 T mv_fillRect
03f93f4c T mv_loadBmp
03f942f4 T mv_textOut
03f9448c T uboot_vpp_alloc_framebuffer
03f94540 T lcd_poweron_ctl
03f94664 T vpp_mod_init
03f94668 T vpp_device_init
03f946a8 T wmt_graphic_init
03f94a0c T excute_reg_op
03f94af0 t wmt_do_mbit
03f94b2c t atoi
03f94bb0 T do_textout
03f94d88 T parse_gpio_operation
03f94e54 T parse_pwm_params
03f950cc T flash_protect
03f9519c T addr2info
03f9520c T flash_write
03f95368 T flash_perror
03f95448 t b_reset
03f95464 t static_get
03f95480 t static_peek
03f9548c t file_peek
03f95498 t setup_string_in_str
03f954c4 t is_assignment
03f95518 t file_get
03f956e0 t syntax_err
03f956ec t xmalloc
03f9570c t free_pipe_list
03f957f4 t b_free
03f95818 t xrealloc
03f95838 t done_command
03f958c0 t insert_var_value
03f95a6c t b_addchr
03f95ae4 t b_addqchr
03f95b30 t set_local_var.clone.3
03f95cb4 T simple_itoa
03f95d10 T new_pipe
03f95d38 t initialize_context
03f95d70 t done_pipe
03f95dbc T reserved_word
03f95ef0 t done_word
03f9605c T mapset
03f96080 T update_ifs_map
03f960f0 T parse_string_outer
03f961b0 t run_list_real
03f969a8 t parse_stream_outer
03f96f48 T parse_file_outer
03f96f8c T u_boot_hush_start
03f97004 T NewHandle
03f97060 T DisposeHandle
03f97080 T GetHandleSize
03f97088 T SetHandleSize
03f97104 T ListCreate
03f97164 T ListSetAllocationPolicy
03f97178 T ListDispose
03f9717c T ListInsertItems
03f97340 T ListInsertItem
03f97348 T ListGetItems
03f97384 T ListGetPtrToItem
03f973b0 T ListGetDataPtr
03f973bc T ListGetItemSize
03f973c8 T ListNumItems
03f973d4 T miiphy_init
03f973f0 T miiphy_register
03f974cc T miiphy_set_current_dev
03f97528 T miiphy_get_current_dev
03f97540 T miiphy_read
03f975cc T miiphy_write
03f97658 T miiphy_listdev
03f976c0 T miiphy_info
03f9774c T miiphy_reset
03f977ec T miiphy_speed
03f9786c T miiphy_duplex
03f978ec t hex1_bin
03f9792c t hex2_bin
03f97960 T srec_decode
03f97bcc t usb_set_maxpacket_ep
03f97c34 T wait_ms
03f97c54 T usb_disable_asynch
03f97c6c T usb_submit_int_msg
03f97c70 T usb_control_msg
03f97d70 T usb_bulk_msg
03f97dd0 T usb_maxpacket
03f97df0 T usb_set_maxpacket
03f97e50 T usb_parse_config
03f97f6c T usb_clear_halt
03f9800c T usb_get_descriptor
03f98068 T usb_get_configuration_no
03f980c4 T usb_set_address
03f98100 T usb_set_interface
03f98194 T usb_set_configuration
03f981f4 T usb_set_protocol
03f98240 T usb_set_idle
03f98294 T usb_get_report
03f982f4 T usb_get_class_descriptor
03f98354 T usb_get_string
03f983d4 t usb_string_sub
03f984c4 T usb_string
03f98560 T usb_get_dev_index
03f98590 T usb_alloc_new_device
03f98640 T usb_get_hub_descriptor
03f98694 T usb_clear_hub_feature
03f986e0 T usb_clear_port_feature
03f9872c T usb_set_port_feature
03f98778 t usb_hub_power_on
03f987bc T usb_get_hub_status
03f98804 T usb_get_port_status
03f98858 T usb_hub_reset
03f9886c T usb_stop
03f9888c T usb_hub_allocate
03f988d4 T hub_port_reset
03f98974 T usb_hub_probe
03f989cc T usb_new_device
03f98bac T usb_hub_port_connect_change
03f98c94 T usb_hub_configure
03f98e9c T usb_scan_devices
03f98f2c T usb_init
03f98fcc T portspeed
03f99000 t usb_stor_irq
03f9901c t usb_stor_BBB_reset
03f99100 t usb_stor_CB_reset
03f991e8 t usb_request_sense.clone.3
03f9926c t usb_test_unit_ready.clone.4
03f992e8 T usb_stor_get_dev
03f992fc T usb_show_progress
03f99308 T usb_stor_read
03f994f0 T usb_stor_info
03f99558 T usb_stor_BBB_comdat
03f99630 T usb_stor_CB_comdat
03f99874 T usb_stor_CBI_get_status
03f99944 T usb_stor_CB_transport
03f99b44 T usb_stor_BBB_clear_endpt_stall
03f99b90 T usb_stor_BBB_transport
03f99d48 T usb_storage_probe
03f99f24 T usb_stor_get_info
03f9a158 T usb_stor_scan
03f9a348 T lcd_blt_set_level
03f9a34c T lcd_blt_set_freq
03f9a350 T pwm_set_control
03f9a390 T pwm_set_scalar
03f9a3cc T pwm_set_period
03f9a408 T pwm_set_duty
03f9a444 T pwm_get_period
03f9a45c T pwm_get_duty
03f9a474 T set_lcd_power
03f9a500 T pwm_set_gpio
03f9a5cc T pwm_set_enable
03f9a628 T lcd_blt_enable
03f9a62c T lcd_blt_set_pwm
03f9a708 T wmt_write_ostc
03f9a750 T wmt_init_ost
03f9a7b0 T wmt_read_ostc
03f9a848 T wmt_delayus
03f9a88c T govrh_set_data_format
03f9a9a8 T govrh_set_MIF_enable
03f9a9c0 T govrh_set_colorbar
03f9aa10 T govrh_set_fb_addr
03f9aa40 T govrh_get_color_format
03f9aabc T govrh_get_tg
03f9ac58 T govrh_get_fb_addr
03f9ac88 T govrh_get_int_status
03f9aca4 T govrh_clean_int_status
03f9acbc T govrh_set_tg_enable
03f9ad3c T govrh_set_clock
03f9adc4 T govrh_set_tg1
03f9af0c T govrh_set_tg
03f9af40 T govrh_set_tg2
03f9b080 T govrh_set_int_enable
03f9b0b8 T govrh_set_dvo_enable
03f9b12c T govrh_set_dvo_sync_polar
03f9b164 T govrh_get_dvo_color_format
03f9b1ac T govrh_set_csc_mode
03f9b39c T govrh_reg_dump
03f9ba1c T govrh_set_dvo_color_format
03f9baa0 T govrh_set_dvo_outdatw
03f9bafc T govrh_set_dvo_clock_delay
03f9bb38 T govrh_set_vga_enable
03f9bb90 T govrh_set_VGA_sync
03f9bbd0 T govrh_set_VGA_sync_polar
03f9bc08 T govrh_DAC_set_sense_sel
03f9bc68 T govrh_DAC_set_sense_value
03f9bcb8 T govrh_DAC_get_connect
03f9bce0 T govrh_DAC_set_pwrdn
03f9bcf8 T govrh_DAC_monitor_sense
03f9bd70 T govrh_set_contrast
03f9bdbc T govrh_get_contrast
03f9bdd0 T govrh_set_brightness
03f9bde8 T govrh_get_brightness
03f9bdfc T govrh_set_source_format
03f9be30 T govrh_set_output_format
03f9be48 T govrh_set_fb_info
03f9bec4 T govrh_set_framebuffer
03f9bf28 T govrh_get_fb_info
03f9bfa4 T govrh_set_fifo_index
03f9bfbc T govrh_set_reg_level
03f9c018 T govrh_set_reg_update
03f9c030 T govrh_set_timing
03f9c240 T govrh_get_framebuffer
03f9c290 T govrh_set_media_format
03f9c2a8 T govrh_IGS_set_mode
03f9c300 T govrh_IGS_set_RGB_swap
03f9c318 T govrh_set_dual_disp
03f9c340 T govrh_init
03f9c458 T govrh_mod_init
03f9c5c4 T lcd_check_plugin
03f9c5dc T lcd_config
03f9c630 T lcd_set_power_down
03f9c648 T lcd_panel_register
03f9c674 T lcd_get_parm
03f9c6a4 T lcd_init
03f9c73c T lcd_set_mode
03f9c81c T lcd_module_init
03f9c848 T lvds_set_power_down
03f9c860 T lvds_set_enable
03f9c8a0 T lvds_set_rgb_type
03f9c8b8 T lvds_get_colfmt
03f9c8c0 T lvds_reg_dump
03f9c9b8 T lvds_init
03f9ca5c T vpp_get_chipid
03f9ca6c T vpp_cache_sync
03f9ca78 T vpp_set_dbg_gpio
03f9cb40 T vpp_check_dbg_level
03f9cb84 T vpp_mod_unregister
03f9cbd4 T vpp_mod_register
03f9cc88 T vpp_mod_get_base
03f9cca4 T vpp_mod_get_fb_base
03f9ccb8 T vpp_mod_get_framebuf
03f9cccc T vpp_clr_framebuf
03f9cdb0 T vpp_get_fb_field
03f9cdbc T vpp_get_base_clock
03f9cddc T vpp_calculate_diff
03f9cdec T vpp_calculate_clock
03f9d0dc T vpp_check_value
03f9d0fc T vpp_show_timing
03f9d1c4 T vpp_show_framebuf
03f9d264 T vpp_show_view
03f9d2d8 T vpp_trans_timing
03f9d444 T vpp_mod_set_timing
03f9d4d8 T vpp_check_csc_mode
03f9d528 T vpp_set_vout_resolution
03f9d560 T vpp_get_gcd
03f9d578 T vpp_check_scale_ratio
03f9d6c4 T vpp_calculate_scale_ratio
03f9d894 T vpp_check_bilinear_arg
03f9d95c T vpp_get_video_mode_fps
03f9da00 T vpp_get_video_mode
03f9db38 T vpp_get_video_mode_ext
03f9db58 T vpp_set_video_mode
03f9db68 T vpp_set_video_quality
03f9db6c T vpp_calculate_y_crop
03f9db7c T vpp_calculate_c_crop
03f9dbe8 T vpp_set_vppm_int_enable
03f9dbec T vpp_reg_dump
03f9dc60 T vpp_convert_colfmt
03f9de00 T vpp_set_power_mgr
03f9de04 T vpp_backup_reg
03f9de54 T vpp_restore_reg
03f9de94 T vpp_backup_reg2
03f9dec0 T vpp_restore_reg2
03f9def0 T vpp_init
03f9e154 T vpp_config
03f9e3a0 T hdmi_reg32_write
03f9e3f8 T hdmi_ecc
03f9e4f8 T hdmi_checksum
03f9e544 T hdmi_set_enable
03f9e574 T hdmi_set_dvi_enable
03f9e58c T hdmi_set_sync_low_active
03f9e5c4 T hdmi_set_output_colfmt
03f9e61c T hdmi_get_output_colfmt
03f9e654 T hdmi_get_plugin
03f9e668 T hdmi_get_plug_status
03f9e680 T hdmi_clear_plug_status
03f9e6b4 T hdmi_enable_plugin
03f9e6ec T hdmi_write_fifo
03f9e768 T hdmi_read_fifo
03f9e7d4 T hdmi_DDC_check_status
03f9e888 T hdmi_DDC_set_freq
03f9e8bc T hdmi_DDC_reset
03f9e8f8 T hdmi_DDC_read_func
03f9eba4 T hdmi_DDC_read
03f9ebec T hdmi_audio_enable
03f9ec04 T hdmi_audio_mute
03f9ec1c T hdmi_write_packet
03f9ecd8 T hdmi_tx_null_packet
03f9ece8 T hdmi_tx_general_control_packet
03f9ed2c T hdmi_tx_avi_infoframe_packet
03f9ede0 T hdmi_tx_audio_infoframe_packet
03f9ee50 T hdmi_set_audio_n_cts
03f9eefc T hdmi_config_audio
03f9f0c8 T hdmi_config_video
03f9f0e8 T hdmi_set_option
03f9f144 T hdmi_config
03f9f2ac T hdmi_set_cp_enable
03f9f2e4 T hdmi_check_cp_int
03f9f338 T hdmi_get_bksv
03f9f394 T hdmi_check_cp_dev_cnt
03f9f408 T hdmi_check_plugin
03f9f410 T hdmi_reg_dump
03f9f414 T hdmi_set_cypher
03f9f458 T hdmi_init
03f9f5e4 t vo_vga_compatible
03f9f600 t vo_dvi_compatible
03f9f624 t vo_dvo2hdmi_compatible
03f9f648 t vo_lcd_compatible
03f9f668 t vo_boot_compatible
03f9f67c t vo_boot_uninit
03f9f684 t vo_boot_resume
03f9f68c t vo_hdmi_compatible
03f9f6ac t vo_hdmi_get_edid
03f9f76c t vo_hdmi_chkplug
03f9f770 t vo_hdmi_resume
03f9f784 t vo_hdmi_suspend
03f9f798 t vo_boot_init
03f9f7ac t vo_lcd_chkplug
03f9f7d4 t vo_dvo2hdmi_get_edid
03f9f804 t vo_dvi_chkplug
03f9f82c t vo_hdmi_uninit
03f9f850 t vo_hdmi_init
03f9f894 t vo_boot_chkplug
03f9fd80 t vo_boot_suspend
03f9fddc t vo_boot_config
03f9fe4c t vo_boot_visible
03f9fe60 t vo_lcd_suspend
03f9fe94 t vo_lcd_visible
03f9feb4 t vo_lcd_uninit
03f9fee8 t vo_dvo2hdmi_visible
03f9fefc t vo_dvi_visible
03f9ff10 t vo_lcd_resume
03f9ff50 t vo_dvo2hdmi_chkplug
03f9ff8c t vo_lcd_config
03f9fffc t vo_lcd_init
03fa00f8 t vo_dvi_get_edid
03fa0154 t vo_vga_get_edid
03fa01b0 t vo_vga_chkplug
03fa0244 t vo_vga_resume
03fa0258 t vo_vga_suspend
03fa026c t vo_vga_visible
03fa0284 t vo_vga_uninit
03fa02bc t vo_vga_init
03fa0330 t vo_plug_enable.clone.0
03fa034c t vo_dvo2hdmi_resume
03fa0388 t vo_dvo2hdmi_uninit
03fa03c4 t vo_dvo2hdmi_suspend
03fa0408 t vo_dvi_resume
03fa0444 t vo_dvi_suspend
03fa0484 t vo_dvi_uninit
03fa04c4 t vo_dvo2hdmi_init
03fa0560 t vo_dvi_init
03fa05e0 T vout_set_int_type
03fa0610 T vo_set_govr_timing
03fa06d0 t vo_dvo2hdmi_config
03fa087c t vo_dvi_config
03fa08dc t vo_vga_config
03fa0ac4 T vo_vga_plug_detect
03fa0bb8 T vo_set_lcd_id
03fa0bc8 T vo_get_lcd_id
03fa0bd8 T vo_hdmi_cp_set_enable_tmr
03fa0bf8 t vo_hdmi_config
03fa0df0 t vo_hdmi_visible
03fa0e38 T vout_extdev_probe
03fa0ecc T vout_intdev_probe
03fa0f30 T vout_init
03fa1158 T vout_exit
03fa1178 T lcd_oem_get_parm
03fa1184 t lcd_oem_initial
03fa1190 T lcd_oem_init
03fa11a0 T lcd_a080sn01_get_parm
03fa11ac t lcd_a080sn01_initial
03fa11b8 T lcd_a080sn01_init
03fa11c8 t lcd_at070tn83_power_on
03fa11cc t lcd_at070tn83_power_off
03fa11d0 T lcd_at070tn83_get_parm
03fa11dc T lcd_at070tn83_init
03fa11ec T lcd_lw700at9003_get_parm
03fa1200 t lcd_lw700at9003_power_off
03fa120c t lcd_lw700at9003_power_on
03fa1218 T lcd_lw700at9003_init
03fa1228 T lcd_ek08009_get_parm
03fa1234 t lcd_ek08009_power_off
03fa1240 t lcd_ek08009_power_on
03fa124c T lcd_ek08009_init
03fa125c T lcd_HSD101PFW2_get_parm
03fa1268 t lcd_HSD101PFW2_power_off
03fa1274 t lcd_HSD101PFW2_power_on
03fa1280 T lcd_HSD101PFW2_init
03fa1290 T vt1632_config
03fa1298 T vt1632_get_edid
03fa12a0 T vt1632_set_power_down
03fa12fc T vt1632_set_mode
03fa1368 T vt1632_init
03fa13f8 T vt1632_check_plugin
03fa1474 T vt1632_module_init
03fa148c t vpp_get_hdmi_spdif
03fa14a8 T sil902x_set_power_down
03fa14ac T sil902x_set_mode
03fa1508 t ReadByte
03fa1528 t WriteByte
03fa154c t WriteBlock
03fa1570 T ReadModifyWrite
03fa15a0 T sil902x_CP_check_supported
03fa1610 T sil902x_CP_check_AKSV
03fa1660 T sil902x_CP_get_bksv
03fa1688 T sil902x_CP_init
03fa16d8 T sil902x_CP_enable
03fa172c T sil902x_TMDS_enable
03fa1748 T sil902x_CP_restart
03fa1768 T sil902x_CP_check_status
03fa184c T sil902x_poll
03fa18b8 T sil902x_enable_access
03fa1910 T sil902x_do_read_edid
03fa1a00 T sil902x_read_edid
03fa1a64 T sil902x_get_vmode
03fa1c74 T sil902x_get_audio
03fa1d4c T sil902x_set_audio
03fa1da0 T sil902x_active
03fa2004 T sil902x_config
03fa2024 T sil902x_set_power_mode
03fa20f4 T sil902x_check_plugin
03fa21a0 T sil902x_interrupt
03fa2264 T sil902x_set_interrupt
03fa2290 T sil902x_init
03fa22d0 T sil902x_clr_interrupt
03fa22f0 T sil902x_mute_audio
03fa23b0 T sil902x_module_init
03fa23c8 T inl
03fa23d0 T outl
03fa23d8 T vppif_reg8_in
03fa23e0 T vppif_reg8_out
03fa23ec T vppif_reg16_in
03fa23f4 T vppif_reg16_out
03fa2400 T vppif_reg32_in
03fa2404 T vppif_reg32_out
03fa2424 T vppif_reg32_write
03fa245c T vppif_reg32_read
03fa2478 T vppif_reg32_mask
03fa2480 T vpp_request_irq
03fa2488 T vpp_free_irq
03fa248c T wmt_getsyspara
03fa24e4 T vpp_parse_param
03fa256c T vpp_lock
03fa2570 T vpp_unlock
03fa2574 T vpp_i2c_write
03fa25cc T vpp_i2c_read
03fa2628 T vpp_i2c_enhanced_ddc_read
03fa26e8 T vout_change_status
03fa2794 T vout_op
03fa27dc T vout_control
03fa287c T vout_set_blank
03fa288c T vout_set_mode
03fa2980 T vout_config
03fa298c T vout_suspend
03fa2998 T vout_resume
03fa29a4 T vout_chkplug
03fa29c4 T vout_get_edid
03fa2a58 T vout_register
03fa2abc T vout_unregister
03fa2afc T vout_get_info
03fa2b0c T vout_device_register
03fa2b4c T vout_get_device
03fa2b64 T vout_find_video_mode
03fa2bfc t wmt_swi2c_delay.clone.0
03fa2c04 T wmt_swi2c_lock
03fa2c08 T wmt_swi2c_delay
03fa2c0c T wmt_swi2c_SetSDAInput
03fa2c48 T wmt_swi2c_SetSDAOutput
03fa2c84 T wmt_swi2c_GetSDA
03fa2cac T wmt_swi2c_GetSCL
03fa2cd4 T wmt_swi2c_SetSDA
03fa2d7c T wmt_swi2c_SetSCL
03fa2e24 T wmt_swi2c_SetData
03fa2e70 T wmt_swi2c_SetClock
03fa2ec8 T wmt_swi2c_StartI2C
03fa2f24 T wmt_swi2c_StopI2C
03fa2f7c T wmt_swi2c_WriteAck
03fa3000 T wmt_swi2c_ReadAck
03fa30cc T wmt_swi2c_tx
03fa3120 T wmt_swi2c_rx
03fa3180 T wmt_swi2c_read
03fa3238 T wmt_swi2c_write
03fa32bc t block_type
03fa32f8 T edid_dump
03fa3358 T edid_checksum
03fa3384 T edid_parse_v1
03fa36bc T edid_parse_CEA
03fa38ec T edid_parse
03fa3968 T edid_find_support
03fa3b48 T edid_parse_option
03fa3c94 T edid_check_block
03fa3ce4 T edid_get_hdmi_phy_addr
03fa3cf4 T crc32
03fa3df8 T display_options
03fa3e18 T print_size
03fa3eb8 t __tolower
03fa3ed4 T strnicmp
03fa3f48 T strcpy
03fa3f60 T strncpy
03fa3f80 T strcat
03fa3fac T strncat
03fa3ff4 T strcmp
03fa401c T strncmp
03fa4058 T strchr
03fa408c T strlen
03fa40a8 T strrchr
03fa40e4 T strnlen
03fa4108 T strdup
03fa413c T strspn
03fa417c T strpbrk
03fa41b8 T strtok
03fa4230 T strsep
03fa4264 T strswab
03fa42b0 T memset
03fa42c8 T bcopy
03fa42e8 T memcpy
03fa4304 T memmove
03fa4348 T memcmp
03fa4380 T memscan
03fa43a8 T strstr
03fa4408 T memchr
03fa443c t __toupper
03fa4458 t skip_atoi
03fa4490 t number
03fa4698 T simple_strtoul
03fa4750 T simple_strtol
03fa4778 T simple_strtoull
03fa4860 T vsprintf
03fa4c2c T sprintf
03fa4c50 T panic
03fa4c9c t falloc
03fa4cc0 t ffree
03fa4cc4 t inflate_trees_free
03fa4d00 t huft_build
03fa5248 t inflate_trees_fixed
03fa5424 t inflate_codes_new
03fa5474 t inflate_codes_free
03fa5494 t inflate_blocks_reset
03fa5560 T adler32
03fa56d0 t inflate_flush
03fa583c T inflateReset
03fa5898 T inflateEnd
03fa592c T inflateInit2
03fa5a7c T inflateInit
03fa5a84 T inflate
03fa75f8 T inflateIncomp
03fa7724 T inflateSync
03fa781c T board_init
03fa7844 T misc_init_r
03fa784c T dram_init
03fa7868 T __aeabi_unwind_cpp_pr0
03fa786c T get_boot_flash_type
03fa7914 T get_boot_nor_flash_bit_type
03fa7948 T get_boot_nand_flash_bit_type
03fa7998 T flash_init
03fa7bcc T flash_print_info
03fa7c18 T flash_erase
03fa7c6c T write_buff
03fa7cd4 T wmt_post
03fa7cf8 t flash_error
03fa7dc4 T spi_flash_init
03fa80c4 T spi_flash_print_info
03fa817c T spi_flash_erase
03fa8364 T spi_write_buff
03fa83c0 T nand_flash_init
03fa83c8 T nand_flash_print_info
03fa83cc T nand_flash_erase
03fa83d4 T nand_write_buff
03fa83dc t flash_reset
03fa8418 T nor_flash_8b_init
03fa88f0 T nor_flash_8b_print_info
03fa8bd8 T nor_flash_8b_erase
03fa8e4c T nor_flash_8b_write_buff
03fa90f8 t __fswab16
03fa9108 t flash_reset
03fa9128 T nor_flash_16b_init
03fa9a44 T nor_flash_16b_print_info
03fa9c88 T nor_flash_16b_erase
03fa9f00 T nor_flash_16b_write_buff
03faa254 t calc_pll_num
03faa51c t check_filter
03faa578 t enable_dev_clk
03faa5f0 T auto_pll_divisor
03fab00c T manu_pll_divisor
03fab26c t ehci_td_buffer
03fab2c4 t ehci_alloc.clone.1
03fab330 t handshake.clone.2
03fab378 t ehci_reset
03fab3c8 T ehci_submit_root
03fab878 T ehci_hcd_init
03fab89c T ehci_hcd_stop
03fab8ac T usb_lowlevel_stop
03fab8b0 T strtochar
03fab8d8 T ehci_config_port_owner
03faba74 T ehci_disable_port_owner
03fabaf8 T ehci_detect_device
03fabbc0 T ehci_enable_port
03fabca8 T usb_ehci_initial
03fabcd8 T submit_int_msg
03fabce0 T usb_check_td
03fabd28 T usb_check_bulk_td
03fabd7c t ehci_submit_async
03fac0b8 T submit_control_msg
03fac0e8 T submit_bulk_msg
03fac11c T parse_usb_param
03fac1d0 T usb_lowlevel_init
03fac36c t usb_display_wValue
03fac448 T usb_fill_td
03fac4e4 T usb_fill_qh
03fac534 T usb_uhci_td_stat
03fac588 T usb_get_td_status
03fac678 T submit_uhci_control_msg
03fac818 T submit_uhci_bulk_msg
03fac9a0 T uhci_alloc_int_td
03fac9e0 T submit_uhci_int_msg
03facad8 T reset_hc
03facb18 T start_hc
03facc9c T reset_hc2
03faccdc T start_hc2
03face4c T usb_init_skel
03facf8c T usb_check_skel
03facff4 T usb_check_int_chain
03fad16c T handle_usb_interrupt
03fad1c8 T uhci_lowlevel_init
03fad27c T uhci_lowlevel_stop
03fad2b0 T uhci_submit_rh_msg
03fad970 t i2c_irq_handler
03fad9d0 T i2c_init
03fadac4 T i2c_transfer
03fade78 T i2c_probe
03fade80 T i2c_read
03fadf1c T i2c_write
03fadfd0 T i2c_reg_read
03fadff0 T i2c_reg_write
03fae010 t i2c_irq_handler
03fae070 T i2c1_init
03fae128 T i2c1_transfer
03fae4dc T i2c1_probe
03fae4e4 T i2c1_read
03fae580 T i2c1_write
03fae634 T i2c1_reg_read
03fae654 T i2c1_reg_write
03fae674 t read_p15_c1
03fae67c t write_p15_c1
03fae684 t cp_delay
03fae6b0 T cpu_init
03fae6b8 T cleanup_before_linux
03fae6e0 T do_reset
03fae6f8 T icache_enable
03fae714 T icache_disable
03fae730 T icache_status
03fae748 T serial_putc
03fae778 T serial_puts
03fae798 T serial_getc
03fae7bc T serial_tstc
03fae7dc T serial_setbrg
03fae8ac T serial_init
03fae8d8 T eth_init
03fae8dc T eth_send
03fae8e0 T eth_rx
03fae8e4 T eth_halt
03fae8e8 T wmt_miiphy_read
03fae8f8 T wmt_miiphy_write
03fae908 T wmt_miiphy_initialize
03fae910 T gmac_startio
03faed64 T gmac_send
03faee98 T gmac_receive
03faef68 T gmac_halt
03faef8c T mii_read
03faefa8 T mii_write
03faefc4 T disable_dma
03faefe0 T enable_dma
03faf014 T request_dma
03faf118 T clear_dma
03faf188 T free_dma
03faf210 T setup_dma
03faf328 T dma_busy
03faf380 T dma_complete
03faf3d8 T handle_dma_irq
03faf438 T prepare_dma_descript
03faf4c8 T start_dma
03faf5c8 T prepare_dma_long_descript
03faf610 T wake_dma_channel
03faf630 T add_descript
03faf69c T init_descriptstack
03faf750 T reset_descriptstack
03faf790 T free_descriptstack
03faf7b4 T init_dma
03faf924 T set_descript
03fafad4 T handle_transfer
03fafc68 T Change_SD_host
03fafd84 T SD_Init_PDMA
03fafdb8 T sd_init_long_desc
03fafe14 T sd_pdma_handler
03fafee4 T sd_free_pdma
03faff00 T card_nop
03faff04 T sd_command
03fb0014 T sd_send_scr
03fb008c T sd_app_command
03fb0124 T sd_alloc_desc_pool
03fb012c T sd_init_short_desc
03fb0164 T sd_init_short_desc_with_end
03fb018c T sd_config_desc
03fb01cc T sd_dump_memory
03fb01d0 T sd_config_pdma
03fb0210 T sdmmcSwitch
03fb03bc T sdmmcSendExCSD
03fb0488 T SD_Init
03fb10e0 T SD_Initialization
03fb114c T mmc_get_dev
03fb1184 T mmc_block_read_singleblock
03fb126c T mmc_block_read_multiblock
03fb1504 T mmc_bread
03fb1594 T mmc_block_write_singleblock
03fb16e4 T mmc_block_write_multiblock
03fb1998 T mmc_bwrite
03fb1a30 T mmc_read
03fb1ad0 T mmc_write
03fb1ad8 T sd_set_clock
03fb1fe0 T mmc_ident
03fb1fe8 T mmc2info
03fb1ffc T get_chip_version
03fb20b4 T SD_Controller_Powerup
03fb2754 T mmc_init
03fb29b8 T SD_card_inserted
03fb2a14 T NPCIbIsRegBitsOn
03fb2a44 T NPCIbIsRegBitsOff
03fb2a70 T NPCIvRegBitsOn
03fb2aa8 T NPCIvRegBitsOff
03fb2ae0 T NPCIvReadManyConfigSpace
03fb2af4 T NPCIvReadRevisionId
03fb2b00 T NPCIbReadDeviceInfo
03fb2be4 T NPCIvInitialize
03fb2c14 T NPCIbPCIAlloc
03fb2e60 T pciconfigurationdump
03fb2ee8 T GMIIbReadEmbeded
03fb2f60 T GMIIbWriteEmbeded
03fb2fd4 T GMIIbIsRegBitsOn
03fb3004 T GMIIbIsRegBitsOff
03fb3030 T GMIIbReadAllRegs
03fb3078 T GMIIvWaitForNwayCompleted
03fb30dc T GMIIvSetLoopbackMode
03fb3234 T GMIIvSetDuplexMode
03fb32cc T GMIIvSetSpeedMode
03fb33f8 T GMIIbIsAutoNegotiationOn
03fb3404 T GMIIbSafeSoftwareReset
03fb3460 T GMIIvScanAllPhy
03fb3524 T GMIIvSetActiveForcedPhy
03fb35e8 T GMIIbSetActiveLinkedPhy
03fb3738 T GMIIvInitialize
03fb3830 T GSTAvClearAllCounter
03fb383c T GSTAvClearAllSwMibCounter
03fb3858 T GSTAvUpdateEsrStatCounter
03fb38f0 T GSTAvUpdateIsrStatCounter
03fb3abc T GSTAvUpdateRDStatCounter
03fb3c6c T GSTAvUpdateRDStatCounterEx
03fb3cbc T GSTAvUpdateTDStatCounter
03fb3e38 T GSTAvUpdateTDStatCounterEx
03fb3e6c T GSTAvUpdateTDStatCounterTq0
03fb3fd8 T GSTAvClearHWMIBCounter
03fb4014 T GSTAvEnableHWMIBCounter
03fb4024 T GSTAvDisableHWMIBCounter
03fb4034 T GSTAvUpdateHWMIBCounter
03fb4094 T GMEMvAllocate
03fb40b0 T GMEMvAllocateShared
03fb40dc T GALCbAllocateRdrMemory
03fb4164 T GALCbAllocateTdSegMemory
03fb41d0 T GALCbAllocateTdrMemory
03fb422c T GALCvChainRdrMemory
03fb429c T dumprd
03fb42a0 T GALCvChainTdrMemory
03fb4390 T dumptd
03fb43dc T GALCvFreeRdrMemory
03fb4400 T GALCvFreeTdrMemory
03fb443c T GALCvFreeTdSegMemory
03fb44a0 T GALCvSetAllRdOwnerToMac
03fb44d4 T GALCvSetAllTdOwnerToMac
03fb4508 T GALCvSetDefaultRD
03fb450c T GALCvSetDefaultTD
03fb4510 T GMACvReadAllRegs
03fb45a8 T GMACbIsRegBitsOn
03fb45c0 T GMACbIsRegBitsOff
03fb45d4 T GMACbyReadEECSR
03fb45dc T GMACbyReadMIICR
03fb45e4 T GMACvWriteMIICR
03fb45ec T GMACbyReadMultiAddr
03fb45f8 T GMACvWriteMultiAddr
03fb4604 T GMACbIsIntDisable
03fb4614 T GMACvSetMultiAddrByHash
03fb465c T GMACvResetMultiAddrByHash
03fb46a4 T GMACbyGetBootRomSize
03fb46b0 T GMACvSetPhyId
03fb46c8 T GMACbyGetPhyId
03fb46d4 T GMACvSetRxThreshold
03fb46e8 T GMACvGetRxThreshold
03fb46fc T GMACvSetDmaLength
03fb4710 T GMACvGetDmaLength
03fb4720 T GMACvSetLoopbackMode
03fb4734 T GMACbIsInLoopbackMode
03fb4744 T GMACbIsIn1GMode
03fb477c T GMACbIsIn100MMode
03fb47ec T GMACbIsInFullDuplexMode
03fb47f8 T GMACbIsCableLinkOk
03fb4804 T GMACvDisableMiiAutoPoll
03fb4844 T GMACvEnableMiiAutoPoll
03fb48b8 T GMACvSetPacketFilter
03fb492c T GMACvSaveContext
03fb49d8 T GMACvRestoreContext
03fb4a8c T GMACvTimer0MiniSDelay
03fb4ae8 T GMACvWriteEECSR
03fb4af8 T GMACvTimer0MicroSDelay
03fb4b54 T GMACbSoftwareReset
03fb4bc4 T GMACbSafeSoftwareReset
03fb4c08 T GMACbSafeRxOff
03fb4c70 T GMACbSafeTxOff
03fb4cdc T GMACbStop
03fb4d2c T GMACbSafeStop
03fb4d6c T GMACbShutdown
03fb4d9c T GMACiWriteVee
03fb4db8 T GMACLoadVEE
03fb4ee0 T GMACvInitialize
03fb4fe4 T GMACvSetVCAM
03fb503c T GMACvSetMCAM
03fb50a0 T GMACvGetVCAM
03fb5100 T GMACvGetMCAM
03fb5168 T GMACvSetVCAMMask
03fb5198 T GMACvSetMCAMMask
03fb51c8 T GMACvGetVCAMMask
03fb51f8 T GMACvGetMCAMMask
03fb522c T GMACvSetVCAMMaskByBR
03fb526c T GMACvSetMCAMMaskByBR
03fb52a8 T GMACvGetVCAMMaskByBR
03fb52e4 T GMACvGetMCAMMaskByBR
03fb531c T GMACvSetTqIndex
03fb535c T dumpmac
03fb538c t s_vInit.clone.0
03fb55d0 T GADPuInitAll
03fb5730 T GADPbInitOne
03fb5880 T GADPbInitialize
03fb5a50 T GADPbBind
03fb5c08 T GADPbShutdown
03fb5c58 T MEMvAlign
03fb5c94 T MEMvAllocateShared
03fb5cf0 T MEMvCopy
03fb5cf4 T MEMvSet
03fb5cf8 T VPCIvReadB
03fb5d08 T VPCIvReadW
03fb5d18 T VPCIvReadD
03fb5d28 T VPCIvWriteB
03fb5d34 T VPCIvRegBitsOff
03fb5d64 T VPCIvRegBitsOn
03fb5d94 T VPCIvInitialize
03fb5dcc T VPCIvWriteW
03fb5dd8 T VPCIvWriteD
03fb5de4 T PCIXvReadB
03fb5e14 T PCIXvReadW
03fb5e44 T PCIXvReadD
03fb5e68 T PCIXvWriteB
03fb5e94 T PCIXvWriteW
03fb5ec0 T PCIXvWriteD
03fb5ee0 T PCIXvReadManyBytes
03fb5f28 T PCIXbFindDeviceInfo
03fb6090 T GCARDvSetMediaLinkMode
03fb6364 T GCARDvSetLoopbackMode
03fb6390 T GCARDbSoftwareReset
03fb63c0 T PCAvIntEnable
03fb63d0 T PCAvIntDisable
03fb63e0 T GISRvIsrForNetwork
03fb6d88 T ISRvIsrForNetwork_Card3
03fb6da0 T ISRvIsrForNetwork_Card2
03fb6db4 T ISRvIsrForNetwork_Card1
03fb6dc8 T ISRvIsrForNetwork_Card0
03fb6dd8 T CVTvBy6ToStr12
03fb6e2c T CVTvStr12ToBy6
03fb6e90 T CVTvHexToAsc
03fb6ee0 T CVTvAscToHex
03fb6fd8 T CVTvIP4ToStr15
03fb7088 T CVTvStr15ToIP4
03fb70f0 T CRCdwCrc32
03fb7124 T CRCdwGetCrc32
03fb7138 T CRCdwGetCrc32Ex
03fb713c t __fswab32
03fb7144 t setup_memory_tags
03fb7180 t setup_start_tag.clone.0
03fb71b8 t setup_end_tag.clone.1
03fb71d4 t setup_commandline_tag.clone.2
03fb7248 T do_bootm_linux
03fb7588 T flush_cache
03fb758c t downcase
03fb75b4 t dirdelim
03fb75e8 t compare_sign
03fb7618 t slot2str
03fb76e8 t mkcksum
03fb7718 t get_name
03fb77e0 T disk_read
03fb7830 t read_bootsectandvi
03fb7918 t get_free_fatent
03fb7a38 t get_fatent
03fb7b9c t get_cluster
03fb7c24 t get_vfatname
03fb7dcc T disk_write
03fb7e1c t set_cluster
03fb7ec0 t set_fatent
03fb7efc T fat_register_device
03fb8048 T do_fat_read
03fb89bc T do_fat_write
03fb8fac T file_fat_detectfs
03fb90f0 T file_fat_ls
03fb9100 T file_fat_read
03fb9138 T file_fat_write
03fb916c T dev_print
03fb9314 T init_part
03fb9330 T get_partition_info
03fb9358 T print_part
03fb941c t le32_to_int
03fb9440 t is_extended
03fb9464 t get_partition_info_extended
03fb9678 t print_partition_extended
03fb9840 T test_part_dos
03fb9894 T print_part_dos
03fb98c0 T get_partition_info_dos
03fb98e0 T semi_bootloados
03fb995c T __aeabi_uidiv
03fb995c T __udivsi3
03fb995c t .udivsi3_skip_div0_test
03fb9a50 T __aeabi_uidivmod
03fb9a70 T __aeabi_idiv
03fb9a70 T __divsi3
03fb9a78 t .divsi3_skip_div0_test
03fb9b98 T __aeabi_idivmod
03fb9bb8 W __aeabi_idiv0
03fb9bb8 W __aeabi_ldiv0
03fb9bbc T __aeabi_llsl
03fb9bbc T __ashldi3
03fb9bd8 r C.0.5385
03fb9c58 R version_string
03fb9c88 r CSWTCH.55
03fb9cd4 r CSWTCH.58
03fb9d14 r CSWTCH.61
03fb9d30 r CSWTCH.64
03fb9d3c r CSWTCH.54
03fb9d94 r C.0.5583
03fb9da4 r __FUNCTION__.5943
03fb9daf r __FUNCTION__.5892
03fb9dbd r __FUNCTION__.5913
03fb9dcc r s_fontData
03fba60c r __FUNCTION__.5040
03fba620 r CSWTCH.29
03fba628 r __FUNCTION__.5021
03fba640 r C.6.7643
03fba838 R vpp_video_mode_table
03fbb198 r CSWTCH.55
03fbb1a0 r __FUNCTION__.6493
03fbb1ac R vpp_csc_parm
03fbb334 r CSWTCH.25
03fbb340 r CSWTCH.28
03fbb342 r CSWTCH.31
03fbb345 r CSWTCH.34
03fbb348 R hdmi_vic_info
03fbb41c r CSWTCH.49
03fbb440 r CSWTCH.52
03fbb460 r CSWTCH.55
03fbb480 r CSWTCH.58
03fbb4a4 r CSWTCH.63
03fbb4c8 r C.15.7765
03fbb4d7 r C.16.7766
03fbb567 r C.17.7767
03fbb671 r C.12.7743
03fbb680 R edid_v1_descriptor_flag
03fbb682 R edid_v1_header
03fbb68c r crc_table
03fbba8c r border
03fbbad8 r inflate_mask
03fbbb1c r CSWTCH.18
03fbbb20 r CSWTCH.21
03fbbb24 r CSWTCH.24
03fbbb26 r CSWTCH.27
03fbbb28 r CSWTCH.15
03fbbd83 r C.77.7339
03fbbda4 r C.34.7136
03fbbdb4 r s_adwCrc32Table
03fc5a70 D init_sequence
03fc5a9c D NetOurVLAN
03fc5a9e D NetBcastAddr
03fc5aa4 D NetOurNativeVLAN
03fc5aa8 d nfs_offset
03fc5aac d erase_seq
03fc5ab0 d tab_seq
03fc5abc D load_addr
03fc5ac0 d i2c_dp_last_length
03fc5ac4 d curr_device
03fc5ac8 D op_table
03fc5b30 d do_echo
03fc5b34 D dp_last_length
03fc5b38 D reg_0_5_desc_tbl
03fc5b68 D desc_and_len_tbl
03fc5b98 D reg_0_desc_tbl
03fc5c10 D reg_1_desc_tbl
03fc5cd0 D reg_2_desc_tbl
03fc5cdc D reg_3_desc_tbl
03fc5d00 D reg_4_desc_tbl
03fc5d90 D reg_5_desc_tbl
03fc5e20 D pDma_Reg
03fc5e24 d mirror_pattern
03fc5e28 d bbt_pattern
03fc5e2c d WMT_nand_flash_ids
03fc654c d curr_device
03fc6550 d usb_stor_curr_dev
03fc6554 D stdio_names
03fc6560 d av_
03fc6968 d sbrk_base
03fc696c d trim_threshold
03fc6970 d mmap_threshold
03fc6974 D default_environment
03fc6aa8 D env_get_char
03fc6aac d flash_addr
03fc6ab0 d flash_addr_new
03fc6ab4 d end_addr
03fc6ab8 d end_addr_new
03fc6abc D env_ptr
03fc6ac0 D env_name_spec
03fc6ac4 D vfb_var
03fc6b64 D video_str
03fc6b84 D text_x
03fc6b88 D text_y
03fc6b8c d reserved_list
03fc6c10 D us_direction
03fc6c30 D CBWTag
03fc6c34 D lcd_vout_dev_ops
03fc6c60 D lcd_panel_on
03fc6c64 D vpp_colfmt_str
03fc6c98 D vpp_vout_str
03fc6cbc D vpp_vo_boot_arg
03fc6cd4 D vpp_vo_boot_arg2
03fc6cec D vpp_vpath_str
03fc6d04 D vo_boot_parm
03fc6f34 D vo_swi2c_dvi
03fc6f3c D vo_swi2c_vga
03fc6f44 D vo_lcd_parm
03fc7174 D vo_parm_table
03fc7198 D vo_vga_parm
03fc73c8 D vo_hdmi_parm
03fc75f8 D vout_priority
03fc7604 D vo_gpio_scl
03fc7620 D vo_gpio_sda
03fc763c D vo_i2c0_scl
03fc7658 D vo_i2c0_sda
03fc7674 D vo_vga_ops
03fc76a0 D vo_dvi_ops
03fc76cc D vo_dvi_parm
03fc78fc D vo_dvo2hdmi_ops
03fc7928 D vo_dvo2hdmi_parm
03fc7b58 D vo_lcd_ops
03fc7b84 D vo_boot_ops
03fc7bb0 D vo_hdmi_ops
03fc7bdc D lcd_oem_parm
03fc7c1c D lcd_a080sn01_parm
03fc7c5c D lcd_at070tn83_parm
03fc7c9c D lcd_lw700at9003_parm
03fc7cdc D lcd_ek08009_parm
03fc7d1c D lcd_HSD101PFW2_parm
03fc7d5c D vt1632_vout_dev_ops
03fc7d88 D sil902x_audio_freq
03fc7d8c D sil902x_audio_fmt
03fc7d90 D sil902x_audio_channel
03fc7d94 D sil902x_hdmi_edid
03fc7d98 D sil902x_vout_dev_ops
03fc7dc4 D edid_establish_timing
03fc7e90 D _ctype
03fc7f90 d fixed_left
03fc7f94 d cplens
03fc8010 d cplext
03fc808c d cpdist
03fc8104 d cpdext
03fc817c D zlib_version
03fc8180 D z_errmsg
03fc81a0 D flash_type
03fc81a1 D nor_flash_bit
03fc81a2 D nand_flash_bit
03fc81a4 D sf_ids
03fc82ac d descriptor
03fc82e4 D usb_sel
03fc82e5 D ConnectPort
03fc82e8 D usb_base_addr
03fc82ec d root_hub_dev_des
03fc82fe d root_hub_config_des
03fc8317 d root_hub_str_index0
03fc831b d root_hub_str_index1
03fc8337 d root_hub_hub_des
03fc8340 D pUart_Reg
03fc8344 D pGpioReg
03fc8348 d gmac_init.5828
03fc834c D g_pvGBufferIndex
03fc8350 D dma_device_cfg_table
03fc8570 D pSd_Reg
03fc8574 D pSd_PDma_Reg
03fc8578 D GpioReg
03fc857c D g_IO_point
03fc8580 D g_Mem_point
03fc8584 d cur_part
03fc8588 A __u_boot_cmd_start
03fc8588 D __u_boot_cmd_autoscr
03fc85a4 D __u_boot_cmd_bdinfo
03fc85c0 D __u_boot_cmd_go
03fc85dc D __u_boot_cmd_reset
03fc85f8 D __u_boot_cmd_bootm
03fc8614 D __u_boot_cmd_boot
03fc8630 D __u_boot_cmd_bootd
03fc864c D __u_boot_cmd_iminfo
03fc8668 D __u_boot_cmd_imls
03fc8684 D __u_boot_cmd_coninfo
03fc86a0 D __u_boot_cmd_fatload
03fc86bc D __u_boot_cmd_fatstore
03fc86d8 D __u_boot_cmd_fatls
03fc86f4 D __u_boot_cmd_fatinfo
03fc8710 D __u_boot_cmd_flinfo
03fc872c D __u_boot_cmd_erase
03fc8748 D __u_boot_cmd_protect
03fc8764 D __u_boot_cmd_imd
03fc8780 D __u_boot_cmd_imm
03fc879c D __u_boot_cmd_inm
03fc87b8 D __u_boot_cmd_imw
03fc87d4 D __u_boot_cmd_icrc32
03fc87f0 D __u_boot_cmd_iprobe
03fc880c D __u_boot_cmd_iloop
03fc8828 D __u_boot_cmd_ims
03fc8844 D __u_boot_cmd_ide
03fc8860 D __u_boot_cmd_diskboot
03fc887c D __u_boot_cmd_itest
03fc8898 D __u_boot_cmd_loads
03fc88b4 D __u_boot_cmd_loadb
03fc88d0 D __u_boot_cmd_md
03fc88ec D __u_boot_cmd_mm
03fc8908 D __u_boot_cmd_nm
03fc8924 D __u_boot_cmd_mw
03fc8940 D __u_boot_cmd_cp
03fc895c D __u_boot_cmd_cmp
03fc8978 D __u_boot_cmd_crc32
03fc8994 D __u_boot_cmd_base
03fc89b0 D __u_boot_cmd_loop
03fc89cc D __u_boot_cmd_mtest
03fc89e8 D __u_boot_cmd_mii
03fc8a04 D __u_boot_cmd_sleep
03fc8a20 D __u_boot_cmd_mmcinit
03fc8a3c D __u_boot_cmd_mmcread
03fc8a58 D __u_boot_cmd_mmcwrite
03fc8a74 D __u_boot_cmd_sdwaitins
03fc8a90 D __u_boot_cmd_dmacp
03fc8aac D __u_boot_cmd_nandrw
03fc8ac8 D __u_boot_cmd_nboot
03fc8ae4 D __u_boot_cmd_bootp
03fc8b00 D __u_boot_cmd_tftpboot
03fc8b1c D __u_boot_cmd_rarpboot
03fc8b38 D __u_boot_cmd_dhcp
03fc8b54 D __u_boot_cmd_nfs
03fc8b70 D __u_boot_cmd_ping
03fc8b8c D __u_boot_cmd_printenv
03fc8ba8 D __u_boot_cmd_setenv
03fc8bc4 D __u_boot_cmd_saveenv
03fc8be0 D __u_boot_cmd_run
03fc8bfc D __u_boot_cmd_usb
03fc8c18 D __u_boot_cmd_usbboot
03fc8c34 D __u_boot_cmd_version
03fc8c50 D __u_boot_cmd_echo
03fc8c6c D __u_boot_cmd_test
03fc8c88 D __u_boot_cmd_exit
03fc8ca4 D __u_boot_cmd_help
03fc8cc0 D __u_boot_cmd_question_mark
03fc8cdc D __u_boot_cmd_display
03fc8cf8 D __u_boot_cmd_mbit
03fc8d14 D __u_boot_cmd_textout
03fc8d30 A __bss_start
03fc8d30 A __u_boot_cmd_end
03fc9000 b timestamp
03fc9004 b lastdec
03fc9008 b mem_malloc_brk
03fc900c b mem_malloc_start
03fc9010 b mem_malloc_end
03fc9014 B monitor_flash_len
03fc9018 B NetState
03fc901c B NetPingIP
03fc9020 b packetHandler
03fc9024 b timeHandler
03fc9028 b timeStart
03fc902c b timeDelta
03fc9030 B NetOurEther
03fc9038 B NetTxPacket
03fc903c B NetOurIP
03fc9040 B NetArpWaitPacketIP
03fc9044 B NetOurSubnetMask
03fc9048 B NetOurGatewayIP
03fc904c B NetArpWaitReplyIP
03fc9050 B NetArpWaitTimerStart
03fc9054 B NetArpWaitTry
03fc9058 b mac.4908
03fc905e B NetEtherNullAddr
03fc9064 B NetArpWaitPacketMAC
03fc9068 B NetArpWaitTxPacket
03fc906c B NetIPID
03fc9070 b PingSeqNo
03fc9074 B NetArpWaitTxPacketSize
03fc9078 B NetRxPkt
03fc907c B NetRxPktLen
03fc9080 B NetServerIP
03fc9084 B NetServerEther
03fc908a B PktBuf
03fcaeac B NetRxPackets
03fcaebc B NetArpWaitPacketBuf
03fcb4dc B NetBootFileXferSize
03fcb4e0 B NetOurDNSIP
03fcb4e4 B NetOurNISDomain
03fcb504 B NetOurHostName
03fcb524 B NetOurRootPath
03fcb564 B NetBootFileSize
03fcb566 B BootFile
03fcb5e8 b TftpState
03fcb5ec b tftp_filename
03fcb5f0 b TftpBlock
03fcb5f4 b TftpServerPort
03fcb5f8 b TftpOurPort
03fcb5fc b TftpTimeoutCount
03fcb600 b TftpBlockWrap
03fcb604 b TftpBlockWrapOffset
03fcb608 b TftpLastBlock
03fcb60c b default_filename
03fcb61c B dhcp_leasetime
03fcb620 B NetDHCPServerIP
03fcb624 B BootpID
03fcb628 B dhcp_state
03fcb62c B BootpTry
03fcb630 B RarpTry
03fcb634 b rpc_id
03fcb638 b NfsSrvMountPort
03fcb63c b NfsSrvNfsPort
03fcb640 b fs_mounted
03fcb644 b dirfh
03fcb664 b filefh
03fcb684 b NfsServerIP
03fcb688 b NfsOurPort
03fcb68c b NfsState
03fcb690 b nfs_path
03fcb694 b nfs_filename
03fcb698 b nfs_len
03fcb69c b NfsDownloadState
03fcb6a0 b nfs_path_buff
03fcbea0 b default_filename
03fcbee0 b NfsTimeoutCount
03fcbee4 B console_buffer
03fcc2e4 B header
03fcc324 b i2c_dp_last_chip
03fcc328 b i2c_dp_last_addr
03fcc32c b i2c_dp_last_alen
03fcc330 B ide_bus_offset
03fcc334 B ide_dev_desc
03fcc39c b ide_bus_ok
03fcc3a0 b os_data_state
03fcc3a4 B os_data_count
03fcc3a8 b os_data_addr
03fcc3ac b bin_start_address
03fcc3b0 B his_pad_count
03fcc3b4 B his_pad_char
03fcc3b5 b a_b
03fcc3cd B his_eol
03fcc3d0 b k_data_escape
03fcc3d4 B os_data_init
03fcc3d8 b k_data_escape_saved
03fcc3dc b os_data_state_saved
03fcc3e0 b os_data_count_saved
03fcc3e4 b os_data_addr_saved
03fcc3e8 B os_data_char
03fcc3ec B his_quote
03fcc3f0 B send_ptr
03fcc3f4 B send_parms
03fcc408 B os_data_header
03fcc428 b base_address
03fcc42c B mm_last_addr
03fcc430 B mm_last_size
03fcc434 B dp_last_addr
03fcc438 B dp_last_size
03fcc43c B last_op
03fcc440 B last_addr_lo
03fcc444 B last_addr_hi
03fcc448 B last_reg_lo
03fcc44c B last_reg_hi
03fcc450 B last_data
03fcc454 B flag0
03fcc458 b bbt
03fcc45c B pNFCRegs
03fcc460 B g_WMTNFCBASE
03fcc464 B pNand_PDma_Reg
03fcc468 B ReadDesc
03fcc46c b bbt_version
03fcc470 B bad_block_pos
03fcc498 B oob_config
03fcc4b8 B nand_dev_desc
03fcc5b8 B NAND_PDMA_REG
03fcc5f0 B PNAND_PDMA_REG
03fcc5f4 B NAND_PDMA_DESC_S
03fcc5fc B PNAND_PDMA_DESC_S
03fcc600 B NAND_PDMA_DESC_L
03fcc610 B PNAND_PDMA_DESC_L
03fcc614 B WriteDesc
03fcc618 b tmp_buf.4540
03fcc818 b tmp_buf
03fccc18 b ctrlc_disabled
03fccc1c b ctrlc_was_pressed
03fccc20 B devlist
03fccc24 B stdio_devices
03fccc30 b current_mallinfo
03fccc58 b top_pad
03fccc5c b max_sbrked_mem
03fccc60 b max_total_mem
03fccc64 b n_mmaps_max
03fccc68 b s_primary
03fccc7c b m_fileStart
03fccc80 b m_fh
03fccc84 b m_glyphStart
03fccc88 B rgb2color
03fccc8c B putcolor2fb
03fccc90 B g_fb_phy
03fccc94 B g_direct_path
03fccc98 B g_img_phy
03fccc9c B g_display_param
03fcccb4 B g_display_vaild
03fcccb8 B g_pwm_setting
03fccccc B g_display_param2
03fccce4 B g_display_tmr
03fccd0c B g_lcd_pw_pin
03fccd24 B g_logo_x
03fccd28 B g_logo_y
03fccd2c B vpp_dac_sense_enable
03fccd30 b flag_repeat
03fccd34 b do_repeat
03fccd38 b the_command.4708
03fcd138 b buf.4901
03fcd160 B last_return_code
03fcd164 b top_vars
03fcd168 b local.4692
03fcd17e b map
03fcd280 b ifs
03fcd284 B nesting_level
03fcd288 b mii_devs
03fcd290 b current_mii
03fcd294 b asynch_allowed
03fcd298 b setup_packet
03fcd2a0 b usb_dev
03fd9c20 b dev_index
03fd9c24 b usb_hub_index
03fd9c28 b hub_dev
03fd9d28 b running
03fd9d2c b usb_ccb
03fd9dbc b usb_dev_desc
03fd9fc4 b usb_max_devs
03fd9fc8 b usb_stor_buf
03fda1c8 b usb_stor
03fda2cc b pWMTOST
03fda2d0 B p_govrh
03fda2d4 B p_lcd
03fda2d8 B lcd_blt_id
03fda2dc B lcd_device_array
03fda2f4 B lcd_blt_level
03fda2f8 B lcd_blt_freq
03fda2fc B lcd_panel_id
03fda300 B lcd_pwm_enable
03fda304 B g_vpp
03fda4ac B vpp_mod_base_list
03fda4e0 B vpp_vout_option
03fda4e4 B vpp_govm_path1
03fda4e8 B hdmi_pixel_clock
03fda4ec B hdmi_cp
03fda4f0 B vo_oem_tmr
03fda518 B vo_plug_mode
03fda51c B vo_plug_func
03fda520 b sense_cnt.6235
03fda524 b pre_plugin.6236
03fda528 B hdmi_cur_plugin
03fda52c B vo_poll_mode
03fda530 b vt1632_not_ready
03fda534 B sil902x_datawidth
03fda538 B sil902x_colfmt
03fda53c B sil902x_cp_start
03fda540 B sil902x_cp_linkProtectionLevel
03fda544 B sil902x_videoMode
03fda548 B vpp_i2c_lock
03fda54c B vout_array
03fda570 B vout_dev_list
03fda574 B vout_board_info
03fda578 B swi2c_sda
03fda57c B swi2c_scl
03fda580 B edid_info
03fda670 b name.6172
03fda680 B ___strtok
03fda684 b fixed_mem
03fdb714 b fixed_lock
03fdb718 b fixed_built
03fdb71c b fixed_bl
03fdb720 b fixed_tl
03fdb724 b fixed_bd
03fdb728 b fixed_td
03fdb72c B flash_info
03fddf5c b flash_count
03fddf60 B flash_info_nor
03fe0790 B flash_info_nand
03fe2fc0 B flash_info_spi
03fe43d8 B chip_id
03fe43dc B sfreg
03fe43e0 b phy_flash_addr_0
03fe43e4 b phy_flash_addr_1
03fe43e8 b dev_en_count
03fe4600 b qh.5063
03fe4660 b ntds.5065
03fe4680 b td.5064
03fe4740 B hcor
03fe4744 B rootdev
03fe4748 b portreset
03fe474c B hccr
03fe4750 B port_connect_status
03fe4754 B MaxDevice
03fe4758 B length_flag
03fe4760 b qh_list
03fe47c0 B pipe_flag
03fe47c4 B g_usb_param
03fe47c8 B usb_flag
03fe47cc B inquiry_flag
03fe5000 b rh
03fe5080 B tmp_td
03fe9080 B qh_cntrl
03fe9100 B qh_bulk
03fe9180 B tmp_int_td
03fe9580 B td_int
03fea000 B framelist
03feb000 B td_last
03feb080 B qh_end
03fec000 b i2c
03fec018 B i2c_xfer_mode
03fec01c b i2c
03fec034 B sCmdPara
03fec078 B g_bInit
03fec07c B sg_i32GError_status
03fec080 b dma_status
03fec088 b dma_chan
03fec160 b descript_chan
03fec1e0 b first_init.4612
03fec1e4 b dma_mem_regs_base.4613
03fec1e8 B SDDevInfo
03fec1ec B SD0DevInfo
03fec434 b mmc_dev
03fec438 b mmc0_dev
03fec4a0 b mmc_ready
03fec4a4 b mmc0_ready
03fec4a8 b chip_id
03fec4ac B SD1DevInfo
03fec6f4 b mmc1_dev
03fec75c b mmc1_ready
03fec760 B SD2DevInfo
03fec9a8 b mmc2_dev
03feca10 b mmc2_ready
03feca14 b Bitmode
03feca18 b chip_version.5118
03feca1c B SD_PDMA_REG
03feca54 B PSD_PDMA_REG
03feca58 b wOrgData.5505
03feca5a b wOrgData.5512
03feca5c B sOptions
03feca74 B sg_aGAdapter
03feca78 B sg_abyRandomTable
03feca7c b params
03feca80 b part_offset
03feca84 b cur_dev
03feca88 A _end
