Archive member included because of file (symbol)

board/wmt/libwmt.a(lowlevel_init.o)
                              cpu/arm920t/start.o (lowlevel_init)
cpu/arm920t/libarm920t.a(interrupts.o)
                              cpu/arm920t/start.o (do_undefined_instruction)
cpu/arm920t/wmt/libwmt.a(interrupts.o)
                              cpu/arm920t/libarm920t.a(interrupts.o) (reset_cpu)
lib_arm/libarm.a(board.o)     cpu/arm920t/start.o (start_armboot)
net/libnet.a(net.o)           lib_arm/libarm.a(board.o) (copy_filename)
net/libnet.a(tftp.o)          net/libnet.a(net.o) (TftpStart)
net/libnet.a(bootp.o)         net/libnet.a(net.o) (BootpRequest)
net/libnet.a(rarp.o)          net/libnet.a(net.o) (RarpRequest)
net/libnet.a(eth.o)           lib_arm/libarm.a(board.o) (eth_initialize)
net/libnet.a(nfs.o)           net/libnet.a(net.o) (NfsStart)
common/libcommon.a(main.o)    lib_arm/libarm.a(board.o) (main_loop)
common/libcommon.a(cmd_autoscript.o)
                              (__u_boot_cmd_autoscr)
common/libcommon.a(cmd_bdinfo.o)
                              (__u_boot_cmd_bdinfo)
common/libcommon.a(cmd_boot.o)
                              (__u_boot_cmd_go)
common/libcommon.a(cmd_bootm.o)
                              common/libcommon.a(main.o) (do_bootd)
common/libcommon.a(cmd_console.o)
                              (__u_boot_cmd_coninfo)
common/libcommon.a(cmd_fat.o)
                              (__u_boot_cmd_fatload)
common/libcommon.a(cmd_flash.o)
                              (__u_boot_cmd_flinfo)
common/libcommon.a(cmd_i2c.o)
                              (__u_boot_cmd_imd)
common/libcommon.a(cmd_ide.o)
                              common/libcommon.a(cmd_fat.o) (ide_get_dev)
common/libcommon.a(cmd_itest.o)
                              (__u_boot_cmd_itest)
common/libcommon.a(cmd_load.o)
                              (__u_boot_cmd_loads)
common/libcommon.a(cmd_mem.o)
                              common/libcommon.a(cmd_i2c.o) (cmd_get_data_size)
common/libcommon.a(cmd_mii.o)
                              (__u_boot_cmd_mii)
common/libcommon.a(cmd_misc.o)
                              (__u_boot_cmd_sleep)
common/libcommon.a(cmd_mmc.o)
                              (__u_boot_cmd_mmcinit)
common/libcommon.a(cmd_dma.o)
                              (__u_boot_cmd_dmacp)
common/libcommon.a(cmd_nand.o)
                              lib_arm/libarm.a(board.o) (nand_probe)
common/libcommon.a(cmd_net.o)
                              (__u_boot_cmd_bootp)
common/libcommon.a(cmd_nvedit.o)
                              net/libnet.a(net.o) (setenv)
common/libcommon.a(cmd_usb.o)
                              (__u_boot_cmd_usb)
common/libcommon.a(command.o)
                              common/libcommon.a(main.o) (find_cmd)
common/libcommon.a(console.o)
                              cpu/arm920t/libarm920t.a(interrupts.o) (printf)
common/libcommon.a(devices.o)
                              lib_arm/libarm.a(board.o) (devices_init)
common/libcommon.a(dlmalloc.o)
                              common/libcommon.a(cmd_autoscript.o) (free)
common/libcommon.a(env_common.o)
                              common/libcommon.a(cmd_nvedit.o) (env_crc_update)
common/libcommon.a(env_flash.o)
                              common/libcommon.a(env_common.o) (env_get_char_spec)
common/libcommon.a(exports.o)
                              lib_arm/libarm.a(board.o) (jumptable_init)
common/libcommon.a(wmt_cmd_display.o)
                              (__u_boot_cmd_display)
common/libcommon.a(minivgui.o)
                              common/libcommon.a(wmt_cmd_display.o) (mv_initPrimary)
common/libcommon.a(uboot-vpp.o)
                              common/libcommon.a(wmt_cmd_display.o) (wmt_graphic_init)
common/libcommon.a(cmd_mbit.o)
                              (__u_boot_cmd_mbit)
common/libcommon.a(cmd_textout.o)
                              common/libcommon.a(wmt_cmd_display.o) (text_x)
common/libcommon.a(env_parse.o)
                              common/libcommon.a(uboot-vpp.o) (parse_gpio_operation)
common/libcommon.a(flash.o)   common/libcommon.a(cmd_load.o) (addr2info)
common/libcommon.a(hush.o)    common/libcommon.a(main.o) (parse_string_outer)
common/libcommon.a(lists.o)   common/libcommon.a(devices.o) (ListCreate)
common/libcommon.a(miiphyutil.o)
                              net/libnet.a(eth.o) (miiphy_init)
common/libcommon.a(s_record.o)
                              common/libcommon.a(cmd_load.o) (srec_decode)
common/libcommon.a(usb.o)     common/libcommon.a(cmd_usb.o) (usb_string)
common/libcommon.a(usb_storage.o)
                              common/libcommon.a(cmd_fat.o) (usb_stor_get_dev)
common/libcommon.a(pwm.o)     common/libcommon.a(wmt_cmd_display.o) (pwm_set_control)
common/libcommon.a(wmt-ost.o)
                              common/libcommon.a(uboot-vpp.o) (wmt_delayus)
common/libcommon.a(govrh.o)   common/libcommon.a(wmt_cmd_display.o) (govrh_set_tg_enable)
[...]
Memory Configuration

Name             Origin             Length             Attributes
*default*        0x00000000         0xffffffff

Linker script and memory map

                0x00000000                . = 0x0
                0x00000000                . = ALIGN (0x4)

.text           0x03f80000    0x39bd8
 cpu/arm920t/start.o(.text)
 .text          0x03f80000      0x3a0 cpu/arm920t/start.o
                0x03f80000                _start
                0x03f80044                _armboot_start
                0x03f80048                _bss_start
                0x03f8004c                _bss_end
 *(.text)
 .text          0x03f803a0        0x8 board/wmt/libwmt.a(lowlevel_init.o)
                0x03f803a4                lowlevel_init
 .text          0x03f803a8      0x264 cpu/arm920t/libarm920t.a(interrupts.o)
                0x03f803a8                enable_interrupts
                0x03f803ac                disable_interrupts
                0x03f803b4                bad_mode
                0x03f803d0                show_regs
                0x03f80510                do_undefined_instruction
                0x03f80534                do_software_interrupt
                0x03f80558                do_prefetch_abort
                0x03f8057c                do_data_abort
                0x03f805a0                do_not_used
                0x03f805c4                do_fiq
                0x03f805e8                do_irq
 .text          0x03f8060c      0x22c cpu/arm920t/wmt/libwmt.a(interrupts.o)
                0x03f80640                set_timer
                0x03f80650                reset_timer_masked
                0x03f80670                reset_timer
                0x03f80674                interrupt_init
                0x03f806b8                get_timer_masked
                0x03f806ec                get_timer
                0x03f80700                udelay
                0x03f80768                udelay_masked
                0x03f807bc                get_ticks
                0x03f807d0                get_tbclk
                0x03f807dc                reset_cpu
 .text          0x03f80838      0x354 lib_arm/libarm.a(board.o)
                0x03f80904                nand_init
                0x03f80928                sbrk
                0x03f80960                raise
                0x03f80964                hang
                0x03f80978                start_armboot
 .text          0x03f80b8c     0x11dc net/libnet.a(net.o)
                0x03f80c40                NetSetHandler
                0x03f80c50                NetSetTimeout
                0x03f80c80                NetStartAgain
                0x03f80cfc                NetSendPacket
                0x03f80d00                NetCksum
                0x03f80d34                NetCksumOk
                0x03f80d58                NetEthHdrSize
                0x03f80d9c                NetSetEther
                0x03f80e44                ArpRequest
                0x03f80f28                ArpTimeoutCheck
                0x03f80f9c                PingSend
                0x03f810c0                NetSetIP
                0x03f811a4                NetSendUDPPacket
                0x03f812dc                copy_filename
                0x03f81320                ip_to_string
                0x03f81364                string_to_ip
                0x03f813cc                VLAN_to_string
                0x03f81424                string_to_VLAN
                0x03f81470                print_IPaddr
                0x03f8148c                NetReceive
                0x03f81934                getenv_IPaddr
                0x03f81944                getenv_VLAN
                0x03f81954                NetLoop
 .text          0x03f81d68      0x5fc net/libnet.a(tftp.o)
                0x03f8216c                TftpStart
 .text          0x03f82364      0x8f8 net/libnet.a(bootp.o)
                0x03f82a70                BootpRequest
                0x03f82c58                DhcpRequest
 .text          0x03f82c5c      0x198 net/libnet.a(rarp.o)
                0x03f82cb8                RarpRequest
 .text          0x03f82df4       0x1c net/libnet.a(eth.o)
                0x03f82df4                eth_initialize
 .text          0x03f82e10      0xe14 net/libnet.a(nfs.o)
                0x03f839f4                NfsStart
 .text          0x03f83c24      0x93c common/libcommon.a(main.o)
                0x03f83d00                readline
                0x03f83ef4                run_command
                0x03f84324                main_loop
                0x03f844e0                do_run
 .text          0x03f84560      0x1b0 common/libcommon.a(cmd_autoscript.o)
                0x03f84568                autoscript
                0x03f846d0                do_autoscript
 .text          0x03f84710       0xec common/libcommon.a(cmd_bdinfo.o)
                0x03f84728                do_bdinfo
 .text          0x03f847fc       0x80 common/libcommon.a(cmd_boot.o)
                0x03f847fc                do_go
 .text          0x03f8487c      0xa74 common/libcommon.a(cmd_bootm.o)
                0x03f8489c                do_bootd
                0x03f848c0                print_image_hdr
                0x03f84c34                do_iminfo
                0x03f84c94                gunzip
                0x03f84de0                do_bootm
 .text          0x03f852f0       0xcc common/libcommon.a(cmd_console.o)
                0x03f852f0                do_coninfo
 .text          0x03f853bc      0x558 common/libcommon.a(cmd_fat.o)
                0x03f853bc                get_dev
                0x03f85444                do_fat_fsinfo
                0x03f8551c                do_fat_ls
                0x03f85624                do_fat_fsstore
                0x03f85794                do_fat_fsload
 .text          0x03f85914      0xbc8 common/libcommon.a(cmd_flash.o)
                0x03f85dc0                do_flinfo
                0x03f85e6c                flash_sect_erase
                0x03f85f54                do_flerase
                0x03f86130                flash_sect_protect
                0x03f86234                do_protect
 .text          0x03f864dc      0x930 common/libcommon.a(cmd_i2c.o)
                0x03f864e4                do_i2c_loop
                0x03f865f8                do_i2c_probe
                0x03f86648                do_i2c_md
                0x03f86830                do_i2c_crc
                0x03f86980                do_i2c_reg_set
                0x03f86a80                do_i2c_mw
                0x03f86dbc                do_i2c_nm
                0x03f86de4                do_i2c_mm
 .text          0x03f86e0c      0xe3c common/libcommon.a(cmd_ide.o)
                0x03f86f14                do_diskboot
                0x03f873a0                ide_read
                0x03f87588                ide_init
                0x03f87708                ide_get_dev
                0x03f8771c                ide_write
                0x03f87884                do_ide
 .text          0x03f87c48      0x2d0 common/libcommon.a(cmd_itest.o)
                0x03f87cac                binary_test
                0x03f87e6c                do_itest
 .text          0x03f87f18      0xb24 common/libcommon.a(cmd_load.o)
                0x03f8817c                do_load_serial
                0x03f88258                send_pad
                0x03f88284                ktrans
                0x03f882a4                chk1
                0x03f882cc                s1_sendpacket
                0x03f882f0                send_ack
                0x03f8834c                send_nack
                0x03f883a8                k_data_init
                0x03f883c8                k_data_save
                0x03f883f4                k_data_restore
                0x03f88420                k_data_char
                0x03f88470                handle_send_packet
                0x03f88634                do_load_serial_bin
 .text          0x03f88a3c      0xbe8 common/libcommon.a(cmd_mem.o)
                0x03f88a3c                do_mem_base
                0x03f88a7c                do_mem_crc
                0x03f88bb8                do_mem_mtest
                0x03f88cdc                cmd_get_data_size
                0x03f88d2c                do_mem_loop
                0x03f88e28                do_mem_cp
                0x03f89028                do_mem_cmp
                0x03f891c4                do_mem_mw
                0x03f893ec                do_mem_nm
                0x03f89414                do_mem_mm
                0x03f8943c                do_mem_md
 .text          0x03f89624      0x78c common/libcommon.a(cmd_mii.o)
                0x03f8966c                MII_dump_0_to_5
                0x03f8992c                do_mii
 .text          0x03f89db0       0x90 common/libcommon.a(cmd_misc.o)
                0x03f89db0                do_sleep
 .text          0x03f89e40      0x300 common/libcommon.a(cmd_mmc.o)
                0x03f89e40                do_mmc_write
                0x03f89f24                do_mmc_read
                0x03f8a008                do_mmc
                0x03f8a0a4                do_mmc_wait_insert
 .text          0x03f8a140      0x1fc common/libcommon.a(cmd_dma.o)
                0x03f8a140                do_dma_cp
                0x03f8a324                free_dma_channels
 .text          0x03f8a33c     0x4f1c common/libcommon.a(cmd_nand.o)
                0x03f8a344                isbbtbadblock
                0x03f8a39c                update_bbt_inram
                0x03f8a494                WRITE_NAND_COMMAND
                0x03f8a4ac                nfc_ecc_set
                0x03f8a600                shift_bit
                0x03f8a628                NFC_WAIT_READY
                0x03f8a658                NAND_WAIT_READY
                0x03f8a6a0                NFC_WAIT_CMD_READY
                0x03f8a6d0                NAND_WAIT_IDLE
                0x03f8a70c                check_block
                0x03f8a81c                NanD_Address
                0x03f8a9ac                nand_init_pdma
                0x03f8a9e0                nand_free_pdma
                0x03f8a9fc                nand_alloc_desc_pool
                0x03f8aa1c                nand_init_short_desc
                0x03f8aa6c                nand_init_long_desc
                0x03f8aacc                nand_config_pdma
                0x03f8ab00                nfc_dma_cfg
                0x03f8ac5c                nand_pdma_handler
                0x03f8ad40                nand_read_page
                0x03f8aec0                NFC_CHECK_ECC
                0x03f8af28                nfc_BCH_ecc_correct
                0x03f8afac                nfc_BCH_ecc_check
                0x03f8b0a4                nfc_BCH_read_page
                0x03f8b27c                nfc_BCH_read_8kpage
                0x03f8b580                nand_read_status
                0x03f8b604                wmt_nand_erase
                0x03f8b6c4                nand_page_program
                0x03f8b7c8                nand_page_program_random
                0x03f8b978                nand_write_block
                0x03f8bbc8                update_bbt_inflash
                0x03f8bf58                nand_read_block
                0x03f8c010                creat_bbt
                0x03f8c1fc                nfc_1bit_ecc_correct
                0x03f8c378                nfc_1bit_read_page
                0x03f8c3e0                wmt_nand_reset
                0x03f8c430                nand_readID
                0x03f8c4b0                wmt_calc_clock
                0x03f8c804                wmt_get_timing
                0x03f8c8b0                get_pattern_small
                0x03f8c944                get_pattern_large
                0x03f8ca10                WMT_check_pattern
                0x03f8cab8                find_bbt
                0x03f8cca4                nand_probe
                0x03f8d6ac                check_block_table
                0x03f8d790                nand_erase
                0x03f8d8c8                WMTLoadImageFormNAND
                0x03f8da00                WMTSaveImageToNAND
                0x03f8dc70                WMTEraseNAND
                0x03f8ddd8                tellme_whereistable
                0x03f8de7c                tellme_badblock
                0x03f8df48                nand_rw
                0x03f8e464                do_nandboot
                0x03f8e6d8                WMTEraseNANDALL
                0x03f8e7a8                tellme_nandinfo
                0x03f8e8e8                do_nand
 .text          0x03f8f258      0x374 common/libcommon.a(cmd_net.o)
                0x03f8f258                do_ping
                0x03f8f590                do_nfs
                0x03f8f59c                do_dhcp
                0x03f8f5a8                do_rarpb
                0x03f8f5b4                do_tftpb
                0x03f8f5c0                do_bootp
 .text          0x03f8f5cc      0x858 common/libcommon.a(cmd_nvedit.o)
                0x03f8f640                do_saveenv
                0x03f8f66c                do_printenv
                0x03f8f81c                _do_setenv
                0x03f8fc7c                do_setenv
                0x03f8fcb8                setenv
                0x03f8fce8                getenv
                0x03f8fd68                getenv_r
 .text          0x03f8fe24     0x1080 common/libcommon.a(cmd_usb.o)
                0x03f8fe2c                do_usbboot
                0x03f901e8                usb_get_class_desc
                0x03f90294                usb_display_class_sub
                0x03f90408                usb_display_string
                0x03f9043c                usb_display_desc
                0x03f90568                usb_display_conf_desc
                0x03f90614                usb_display_if_desc
                0x03f9069c                usb_display_ep_desc
                0x03f90758                usb_display_config
                0x03f907e4                usb_show_tree_graph
                0x03f909fc                usb_show_tree
                0x03f90a2c                do_usb
 .text          0x03f90ea4      0xcd8 common/libcommon.a(command.o)
                0x03f90ea4                do_echo
                0x03f90f24                do_version
                0x03f90f44                var_complete
                0x03f90fcc                do_exit
                0x03f90ffc                do_test
                0x03f91464                find_cmd
                0x03f914f8                do_help
                0x03f916d4                install_auto_complete
                0x03f91700                cmd_auto_complete
 .text          0x03f91b7c      0x57c common/libcommon.a(console.o)
                0x03f91c20                serial_printf
                0x03f91c64                fgetc
                0x03f91c90                ftstc
                0x03f91cbc                fputc
                0x03f91ce4                fputs
                0x03f91d0c                fprintf
                0x03f91d54                getc
                0x03f91d6c                tstc
                0x03f91d84                putc
                0x03f91da0                puts
                0x03f91dbc                printf
                0x03f91e00                vprintf
                0x03f91e34                ctrlc
                0x03f91e80                disable_ctrlc
                0x03f91e98                had_ctrlc
                0x03f91ea8                clear_ctrlc
                0x03f91ebc                dbg
                0x03f91ec8                console_assign
                0x03f91f58                console_init_f
                0x03f91f68                console_init_r
 .text          0x03f920f8      0x104 common/libcommon.a(devices.o)
                0x03f920f8                device_register
                0x03f9211c                devices_init
                0x03f921e0                devices_done
 .text          0x03f921fc      0xfd0 common/libcommon.a(dlmalloc.o)
                0x03f921fc                malloc_bin_reloc
                0x03f9223c                malloc_trim
                0x03f9230c                free
                0x03f92538                cfree
                0x03f9253c                malloc
                0x03f92ab8                calloc
                0x03f92b94                memalign
                0x03f92ca4                pvalloc
                0x03f92cbc                valloc
                0x03f92cc8                realloc
                0x03f93118                malloc_usable_size
                0x03f93158                mallopt
 .text          0x03f931cc      0x270 common/libcommon.a(env_common.o)
                0x03f931cc                env_get_char_memory
                0x03f93210                env_crc_update
                0x03f9323c                env_get_addr
                0x03f93260                env_relocate
                0x03f93300                env_complete
 .text          0x03f9343c      0x3a0 common/libcommon.a(env_flash.o)
                0x03f9343c                env_get_char_spec
                0x03f93448                env_init
                0x03f93550                saveenv
                0x03f9369c                env_relocate_spec
 .text          0x03f937dc       0xb4 common/libcommon.a(exports.o)
                0x03f937e0                get_version
                0x03f937e8                jumptable_init
 .text          0x03f93890      0x46c common/libcommon.a(wmt_cmd_display.o)
                0x03f9396c                display_init
                0x03f93abc                display_clear
 .text          0x03f93cfc      0x790 common/libcommon.a(minivgui.o)
                0x03f93d50                mv_initPrimary
                0x03f93de8                mv_drawLine
                0x03f93e84                mv_drawRect
                0x03f93ef0                mv_fillRect
                0x03f93f4c                mv_loadBmp
                0x03f942f4                mv_textOut
 .text          0x03f9448c      0x580 common/libcommon.a(uboot-vpp.o)
                0x03f9448c                uboot_vpp_alloc_framebuffer
                0x03f94540                lcd_poweron_ctl
                0x03f94664                vpp_mod_init
                0x03f94668                vpp_device_init
                0x03f946a8                wmt_graphic_init
 .text          0x03f94a0c      0x120 common/libcommon.a(cmd_mbit.o)
                0x03f94a0c                excute_reg_op
 .text          0x03f94b2c      0x25c common/libcommon.a(cmd_textout.o)
                0x03f94bb0                do_textout
 .text          0x03f94d88      0x344 common/libcommon.a(env_parse.o)
                0x03f94d88                parse_gpio_operation
                0x03f94e54                parse_pwm_params
 .text          0x03f950cc      0x37c common/libcommon.a(flash.o)
                0x03f950cc                flash_protect
                0x03f9519c                addr2info
                0x03f9520c                flash_write
                0x03f95368                flash_perror
 .text          0x03f95448     0x1bbc common/libcommon.a(hush.o)
                0x03f95cb4                simple_itoa
                0x03f95d10                new_pipe
                0x03f95dbc                reserved_word
                0x03f9605c                mapset
                0x03f96080                update_ifs_map
                0x03f960f0                parse_string_outer
                0x03f96f48                parse_file_outer
                0x03f96f8c                u_boot_hush_start
 .text          0x03f97004      0x3d0 common/libcommon.a(lists.o)
                0x03f97004                NewHandle
                0x03f97060                DisposeHandle
                0x03f97080                GetHandleSize
                0x03f97088                SetHandleSize
                0x03f97104                ListCreate
                0x03f97164                ListSetAllocationPolicy
                0x03f97178                ListDispose
                0x03f9717c                ListInsertItems
                0x03f97340                ListInsertItem
                0x03f97348                ListGetItems
                0x03f97384                ListGetPtrToItem
                0x03f973b0                ListGetDataPtr
                0x03f973bc                ListGetItemSize
                0x03f973c8                ListNumItems
 .text          0x03f973d4      0x518 common/libcommon.a(miiphyutil.o)
                0x03f973d4                miiphy_init
                0x03f973f0                miiphy_register
                0x03f974cc                miiphy_set_current_dev
                0x03f97528                miiphy_get_current_dev
                0x03f97540                miiphy_read
                0x03f975cc                miiphy_write
                0x03f97658                miiphy_listdev
                0x03f976c0                miiphy_info
                0x03f9774c                miiphy_reset
                0x03f977ec                miiphy_speed
                0x03f9786c                miiphy_duplex
 .text          0x03f978ec      0x2e0 common/libcommon.a(s_record.o)
                0x03f97960                srec_decode
 .text          0x03f97bcc     0x1434 common/libcommon.a(usb.o)
                0x03f97c34                wait_ms
                0x03f97c54                usb_disable_asynch
                0x03f97c6c                usb_submit_int_msg
                0x03f97c70                usb_control_msg
                0x03f97d70                usb_bulk_msg
                0x03f97dd0                usb_maxpacket
                0x03f97df0                usb_set_maxpacket
                0x03f97e50                usb_parse_config
                0x03f97f6c                usb_clear_halt
                0x03f9800c                usb_get_descriptor
                0x03f98068                usb_get_configuration_no
                0x03f980c4                usb_set_address
                0x03f98100                usb_set_interface
                0x03f98194                usb_set_configuration
                0x03f981f4                usb_set_protocol
                0x03f98240                usb_set_idle
                0x03f98294                usb_get_report
                0x03f982f4                usb_get_class_descriptor
                0x03f98354                usb_get_string
                0x03f984c4                usb_string
                0x03f98560                usb_get_dev_index
                0x03f98590                usb_alloc_new_device
                0x03f98640                usb_get_hub_descriptor
                0x03f98694                usb_clear_hub_feature
                0x03f986e0                usb_clear_port_feature
                0x03f9872c                usb_set_port_feature
                0x03f987bc                usb_get_hub_status
                0x03f98804                usb_get_port_status
                0x03f98858                usb_hub_reset
                0x03f9886c                usb_stop
                0x03f9888c                usb_hub_allocate
                0x03f988d4                hub_port_reset
                0x03f98974                usb_hub_probe
                0x03f989cc                usb_new_device
                0x03f98bac                usb_hub_port_connect_change
                0x03f98c94                usb_hub_configure
                0x03f98e9c                usb_scan_devices
                0x03f98f2c                usb_init
                0x03f98fcc                portspeed
 .text          0x03f99000     0x1348 common/libcommon.a(usb_storage.o)
                0x03f992e8                usb_stor_get_dev
                0x03f992fc                usb_show_progress
                0x03f99308                usb_stor_read
                0x03f994f0                usb_stor_info
                0x03f99558                usb_stor_BBB_comdat
                0x03f99630                usb_stor_CB_comdat
                0x03f99874                usb_stor_CBI_get_status
                0x03f99944                usb_stor_CB_transport
                0x03f99b44                usb_stor_BBB_clear_endpt_stall
                0x03f99b90                usb_stor_BBB_transport
                0x03f99d48                usb_storage_probe
                0x03f99f24                usb_stor_get_info
                0x03f9a158                usb_stor_scan
 .text          0x03f9a348      0x3c0 common/libcommon.a(pwm.o)
                0x03f9a348                lcd_blt_set_level
                0x03f9a34c                lcd_blt_set_freq
                0x03f9a350                pwm_set_control
                0x03f9a390                pwm_set_scalar
                0x03f9a3cc                pwm_set_period
                0x03f9a408                pwm_set_duty
                0x03f9a444                pwm_get_period
                0x03f9a45c                pwm_get_duty
                0x03f9a474                set_lcd_power
                0x03f9a500                pwm_set_gpio
                0x03f9a5cc                pwm_set_enable
                0x03f9a628                lcd_blt_enable
                0x03f9a62c                lcd_blt_set_pwm
 .text          0x03f9a708      0x184 common/libcommon.a(wmt-ost.o)
                0x03f9a708                wmt_write_ostc
                0x03f9a750                wmt_init_ost
                0x03f9a7b0                wmt_read_ostc
                0x03f9a848                wmt_delayus
 .text          0x03f9a88c     0x1d38 common/libcommon.a(govrh.o)
                0x03f9a88c                govrh_set_data_format
                0x03f9a9a8                govrh_set_MIF_enable
                0x03f9a9c0                govrh_set_colorbar
                0x03f9aa10                govrh_set_fb_addr
                0x03f9aa40                govrh_get_color_format
                0x03f9aabc                govrh_get_tg
                0x03f9ac58                govrh_get_fb_addr
                0x03f9ac88                govrh_get_int_status
                0x03f9aca4                govrh_clean_int_status
                0x03f9acbc                govrh_set_tg_enable
                0x03f9ad3c                govrh_set_clock
                0x03f9adc4                govrh_set_tg1
                0x03f9af0c                govrh_set_tg
                0x03f9af40                govrh_set_tg2
                0x03f9b080                govrh_set_int_enable
                0x03f9b0b8                govrh_set_dvo_enable
                0x03f9b12c                govrh_set_dvo_sync_polar
                0x03f9b164                govrh_get_dvo_color_format
                0x03f9b1ac                govrh_set_csc_mode
                0x03f9b39c                govrh_reg_dump
                0x03f9ba1c                govrh_set_dvo_color_format
                0x03f9baa0                govrh_set_dvo_outdatw
                0x03f9bafc                govrh_set_dvo_clock_delay
                0x03f9bb38                govrh_set_vga_enable
                0x03f9bb90                govrh_set_VGA_sync
                0x03f9bbd0                govrh_set_VGA_sync_polar
                0x03f9bc08                govrh_DAC_set_sense_sel
                0x03f9bc68                govrh_DAC_set_sense_value
                0x03f9bcb8                govrh_DAC_get_connect
                0x03f9bce0                govrh_DAC_set_pwrdn
                0x03f9bcf8                govrh_DAC_monitor_sense
                0x03f9bd70                govrh_set_contrast
                0x03f9bdbc                govrh_get_contrast
                0x03f9bdd0                govrh_set_brightness
                0x03f9bde8                govrh_get_brightness
                0x03f9bdfc                govrh_set_source_format
                0x03f9be30                govrh_set_output_format
                0x03f9be48                govrh_set_fb_info
                0x03f9bec4                govrh_set_framebuffer
                0x03f9bf28                govrh_get_fb_info
                0x03f9bfa4                govrh_set_fifo_index
                0x03f9bfbc                govrh_set_reg_level
                0x03f9c018                govrh_set_reg_update
                0x03f9c030                govrh_set_timing
                0x03f9c240                govrh_get_framebuffer
                0x03f9c290                govrh_set_media_format
                0x03f9c2a8                govrh_IGS_set_mode
                0x03f9c300                govrh_IGS_set_RGB_swap
                0x03f9c318                govrh_set_dual_disp
                0x03f9c340                govrh_init
                0x03f9c458                govrh_mod_init
 .text          0x03f9c5c4      0x284 common/libcommon.a(lcd.o)
                0x03f9c5c4                lcd_check_plugin
                0x03f9c5dc                lcd_config
                0x03f9c630                lcd_set_power_down
                0x03f9c648                lcd_panel_register
                0x03f9c674                lcd_get_parm
                0x03f9c6a4                lcd_init
                0x03f9c73c                lcd_set_mode
                0x03f9c81c                lcd_module_init
 .text          0x03f9c848      0x214 common/libcommon.a(lvds.o)
                0x03f9c848                lvds_set_power_down
                0x03f9c860                lvds_set_enable
                0x03f9c8a0                lvds_set_rgb_type
                0x03f9c8b8                lvds_get_colfmt
                0x03f9c8c0                lvds_reg_dump
                0x03f9c9b8                lvds_init
 .text          0x03f9ca5c     0x1944 common/libcommon.a(vpp.o)
                0x03f9ca5c                vpp_get_chipid
                0x03f9ca6c                vpp_cache_sync
                0x03f9ca78                vpp_set_dbg_gpio
                0x03f9cb40                vpp_check_dbg_level
                0x03f9cb84                vpp_mod_unregister
                0x03f9cbd4                vpp_mod_register
                0x03f9cc88                vpp_mod_get_base
                0x03f9cca4                vpp_mod_get_fb_base
                0x03f9ccb8                vpp_mod_get_framebuf
                0x03f9cccc                vpp_clr_framebuf
                0x03f9cdb0                vpp_get_fb_field
                0x03f9cdbc                vpp_get_base_clock
                0x03f9cddc                vpp_calculate_diff
                0x03f9cdec                vpp_calculate_clock
                0x03f9d0dc                vpp_check_value
                0x03f9d0fc                vpp_show_timing
                0x03f9d1c4                vpp_show_framebuf
                0x03f9d264                vpp_show_view
                0x03f9d2d8                vpp_trans_timing
                0x03f9d444                vpp_mod_set_timing
                0x03f9d4d8                vpp_check_csc_mode
                0x03f9d528                vpp_set_vout_resolution
                0x03f9d560                vpp_get_gcd
                0x03f9d578                vpp_check_scale_ratio
                0x03f9d6c4                vpp_calculate_scale_ratio
                0x03f9d894                vpp_check_bilinear_arg
                0x03f9d95c                vpp_get_video_mode_fps
                0x03f9da00                vpp_get_video_mode
                0x03f9db38                vpp_get_video_mode_ext
                0x03f9db58                vpp_set_video_mode
                0x03f9db68                vpp_set_video_quality
                0x03f9db6c                vpp_calculate_y_crop
                0x03f9db7c                vpp_calculate_c_crop
                0x03f9dbe8                vpp_set_vppm_int_enable
                0x03f9dbec                vpp_reg_dump
                0x03f9dc60                vpp_convert_colfmt
                0x03f9de00                vpp_set_power_mgr
                0x03f9de04                vpp_backup_reg
                0x03f9de54                vpp_restore_reg
                0x03f9de94                vpp_backup_reg2
                0x03f9dec0                vpp_restore_reg2
                0x03f9def0                vpp_init
                0x03f9e154                vpp_config
 .text          0x03f9e3a0     0x1244 common/libcommon.a(hdmi.o)
                0x03f9e3a0                hdmi_reg32_write
                0x03f9e3f8                hdmi_ecc
                0x03f9e4f8                hdmi_checksum
                0x03f9e544                hdmi_set_enable
                0x03f9e574                hdmi_set_dvi_enable
                0x03f9e58c                hdmi_set_sync_low_active
                0x03f9e5c4                hdmi_set_output_colfmt
                0x03f9e61c                hdmi_get_output_colfmt
                0x03f9e654                hdmi_get_plugin
                0x03f9e668                hdmi_get_plug_status
                0x03f9e680                hdmi_clear_plug_status
                0x03f9e6b4                hdmi_enable_plugin
                0x03f9e6ec                hdmi_write_fifo
                0x03f9e768                hdmi_read_fifo
                0x03f9e7d4                hdmi_DDC_check_status
                0x03f9e888                hdmi_DDC_set_freq
                0x03f9e8bc                hdmi_DDC_reset
                0x03f9e8f8                hdmi_DDC_read_func
                0x03f9eba4                hdmi_DDC_read
                0x03f9ebec                hdmi_audio_enable
                0x03f9ec04                hdmi_audio_mute
                0x03f9ec1c                hdmi_write_packet
                0x03f9ecd8                hdmi_tx_null_packet
                0x03f9ece8                hdmi_tx_general_control_packet
                0x03f9ed2c                hdmi_tx_avi_infoframe_packet
                0x03f9ede0                hdmi_tx_audio_infoframe_packet
                0x03f9ee50                hdmi_set_audio_n_cts
                0x03f9eefc                hdmi_config_audio
                0x03f9f0c8                hdmi_config_video
                0x03f9f0e8                hdmi_set_option
                0x03f9f144                hdmi_config
                0x03f9f2ac                hdmi_set_cp_enable
                0x03f9f2e4                hdmi_check_cp_int
                0x03f9f338                hdmi_get_bksv
                0x03f9f394                hdmi_check_cp_dev_cnt
                0x03f9f408                hdmi_check_plugin
                0x03f9f410                hdmi_reg_dump
                0x03f9f414                hdmi_set_cypher
                0x03f9f458                hdmi_init
 .text          0x03f9f5e4     0x1b94 common/libcommon.a(vout-wmt.o)
                0x03fa05e0                vout_set_int_type
                0x03fa0610                vo_set_govr_timing
                0x03fa0ac4                vo_vga_plug_detect
                0x03fa0bb8                vo_set_lcd_id
                0x03fa0bc8                vo_get_lcd_id
                0x03fa0bd8                vo_hdmi_cp_set_enable_tmr
                0x03fa0e38                vout_extdev_probe
                0x03fa0ecc                vout_intdev_probe
                0x03fa0f30                vout_init
                0x03fa1158                vout_exit
 .text          0x03fa1178       0x28 common/libcommon.a(lcd-oem.o)
                0x03fa1178                lcd_oem_get_parm
                0x03fa1190                lcd_oem_init
 .text          0x03fa11a0       0x28 common/libcommon.a(lcd-AUO-A080SN01.o)
                0x03fa11a0                lcd_a080sn01_get_parm
                0x03fa11b8                lcd_a080sn01_init
 .text          0x03fa11c8       0x24 common/libcommon.a(lcd-INNOLUX-AT070TN83.o)
                0x03fa11d0                lcd_at070tn83_get_parm
                0x03fa11dc                lcd_at070tn83_init
 .text          0x03fa11ec       0x3c common/libcommon.a(lcd-CHILIN-LW700at9003.o)
                0x03fa11ec                lcd_lw700at9003_get_parm
                0x03fa1218                lcd_lw700at9003_init
 .text          0x03fa1228       0x34 common/libcommon.a(lcd-EKING-EK08009-70135.o)
                0x03fa1228                lcd_ek08009_get_parm
                0x03fa124c                lcd_ek08009_init
 .text          0x03fa125c       0x34 common/libcommon.a(lcd-HANNSTAR-HSD101PFW2.o)
                0x03fa125c                lcd_HSD101PFW2_get_parm
                0x03fa1280                lcd_HSD101PFW2_init
 .text          0x03fa1290      0x1fc common/libcommon.a(vt1632.o)
                0x03fa1290                vt1632_config
                0x03fa1298                vt1632_get_edid
                0x03fa12a0                vt1632_set_power_down
                0x03fa12fc                vt1632_set_mode
                0x03fa1368                vt1632_init
                0x03fa13f8                vt1632_check_plugin
                0x03fa1474                vt1632_module_init
 .text          0x03fa148c      0xf3c common/libcommon.a(sil902x.o)
                0x03fa14a8                sil902x_set_power_down
                0x03fa14ac                sil902x_set_mode
                0x03fa1570                ReadModifyWrite
                0x03fa15a0                sil902x_CP_check_supported
                0x03fa1610                sil902x_CP_check_AKSV
                0x03fa1660                sil902x_CP_get_bksv
                0x03fa1688                sil902x_CP_init
                0x03fa16d8                sil902x_CP_enable
                0x03fa172c                sil902x_TMDS_enable
                0x03fa1748                sil902x_CP_restart
                0x03fa1768                sil902x_CP_check_status
                0x03fa184c                sil902x_poll
                0x03fa18b8                sil902x_enable_access
                0x03fa1910                sil902x_do_read_edid
                0x03fa1a00                sil902x_read_edid
                0x03fa1a64                sil902x_get_vmode
                0x03fa1c74                sil902x_get_audio
                0x03fa1d4c                sil902x_set_audio
                0x03fa1da0                sil902x_active
                0x03fa2004                sil902x_config
                0x03fa2024                sil902x_set_power_mode
                0x03fa20f4                sil902x_check_plugin
                0x03fa21a0                sil902x_interrupt
                0x03fa2264                sil902x_set_interrupt
                0x03fa2290                sil902x_init
                0x03fa22d0                sil902x_clr_interrupt
                0x03fa22f0                sil902x_mute_audio
                0x03fa23b0                sil902x_module_init
 .text          0x03fa23c8      0x320 common/libcommon.a(vpp-osif.o)
                0x03fa23c8                inl
                0x03fa23d0                outl
                0x03fa23d8                vppif_reg8_in
                0x03fa23e0                vppif_reg8_out
                0x03fa23ec                vppif_reg16_in
                0x03fa23f4                vppif_reg16_out
                0x03fa2400                vppif_reg32_in
                0x03fa2404                vppif_reg32_out
                0x03fa2424                vppif_reg32_write
                0x03fa245c                vppif_reg32_read
                0x03fa2478                vppif_reg32_mask
                0x03fa2480                vpp_request_irq
                0x03fa2488                vpp_free_irq
                0x03fa248c                wmt_getsyspara
                0x03fa24e4                vpp_parse_param
                0x03fa256c                vpp_lock
                0x03fa2570                vpp_unlock
                0x03fa2574                vpp_i2c_write
                0x03fa25cc                vpp_i2c_read
                0x03fa2628                vpp_i2c_enhanced_ddc_read
 .text          0x03fa26e8      0x514 common/libcommon.a(vout.o)
                0x03fa26e8                vout_change_status
                0x03fa2794                vout_op
                0x03fa27dc                vout_control
                0x03fa287c                vout_set_blank
                0x03fa288c                vout_set_mode
                0x03fa2980                vout_config
                0x03fa298c                vout_suspend
                0x03fa2998                vout_resume
                0x03fa29a4                vout_chkplug
                0x03fa29c4                vout_get_edid
                0x03fa2a58                vout_register
                0x03fa2abc                vout_unregister
                0x03fa2afc                vout_get_info
                0x03fa2b0c                vout_device_register
                0x03fa2b4c                vout_get_device
                0x03fa2b64                vout_find_video_mode
 .text          0x03fa2bfc      0x6c0 common/libcommon.a(sw_i2c.o)
                0x03fa2c04                wmt_swi2c_lock
                0x03fa2c08                wmt_swi2c_delay
                0x03fa2c0c                wmt_swi2c_SetSDAInput
                0x03fa2c48                wmt_swi2c_SetSDAOutput
                0x03fa2c84                wmt_swi2c_GetSDA
                0x03fa2cac                wmt_swi2c_GetSCL
                0x03fa2cd4                wmt_swi2c_SetSDA
                0x03fa2d7c                wmt_swi2c_SetSCL
                0x03fa2e24                wmt_swi2c_SetData
                0x03fa2e70                wmt_swi2c_SetClock
                0x03fa2ec8                wmt_swi2c_StartI2C
                0x03fa2f24                wmt_swi2c_StopI2C
                0x03fa2f7c                wmt_swi2c_WriteAck
                0x03fa3000                wmt_swi2c_ReadAck
                0x03fa30cc                wmt_swi2c_tx
                0x03fa3120                wmt_swi2c_rx
                0x03fa3180                wmt_swi2c_read
                0x03fa3238                wmt_swi2c_write
 .text          0x03fa32bc      0xa38 common/libcommon.a(parse-edid.o)
                0x03fa32f8                edid_dump
                0x03fa3358                edid_checksum
                0x03fa3384                edid_parse_v1
                0x03fa36bc                edid_parse_CEA
                0x03fa38ec                edid_parse
                0x03fa3968                edid_find_support
                0x03fa3b48                edid_parse_option
                0x03fa3c94                edid_check_block
                0x03fa3ce4                edid_get_hdmi_phy_addr
 .text          0x03fa3cf4      0x104 lib_generic/libgeneric.a(crc32.o)
                0x03fa3cf4                crc32
 .text          0x03fa3df8        0x0 lib_generic/libgeneric.a(ctype.o)
 .text          0x03fa3df8       0xc0 lib_generic/libgeneric.a(display_options.o)
                0x03fa3df8                display_options
                0x03fa3e18                print_size
 .text          0x03fa3eb8      0x584 lib_generic/libgeneric.a(string.o)
                0x03fa3ed4                strnicmp
                0x03fa3f48                strcpy
                0x03fa3f60                strncpy
                0x03fa3f80                strcat
                0x03fa3fac                strncat
                0x03fa3ff4                strcmp
                0x03fa401c                strncmp
                0x03fa4058                strchr
                0x03fa408c                strlen
                0x03fa40a8                strrchr
                0x03fa40e4                strnlen
                0x03fa4108                strdup
                0x03fa413c                strspn
                0x03fa417c                strpbrk
                0x03fa41b8                strtok
                0x03fa4230                strsep
                0x03fa4264                strswab
                0x03fa42b0                memset
                0x03fa42c8                bcopy
                0x03fa42e8                memcpy
                0x03fa4304                memmove
                0x03fa4348                memcmp
                0x03fa4380                memscan
                0x03fa43a8                strstr
                0x03fa4408                memchr
 .text          0x03fa443c      0x860 lib_generic/libgeneric.a(vsprintf.o)
                0x03fa4698                simple_strtoul
                0x03fa4750                simple_strtol
                0x03fa4778                simple_strtoull
                0x03fa4860                vsprintf
                0x03fa4c2c                sprintf
                0x03fa4c50                panic
 .text          0x03fa4c9c     0x2b80 lib_generic/libgeneric.a(zlib.o)
                0x03fa5560                adler32
                0x03fa583c                inflateReset
                0x03fa5898                inflateEnd
                0x03fa592c                inflateInit2
                0x03fa5a7c                inflateInit
                0x03fa5a84                inflate
                0x03fa75f8                inflateIncomp
                0x03fa7724                inflateSync
 .text          0x03fa781c       0x50 board/wmt/libwmt.a(wmt.o)
                0x03fa781c                board_init
                0x03fa7844                misc_init_r
                0x03fa784c                dram_init
                0x03fa7868                __aeabi_unwind_cpp_pr0
 .text          0x03fa786c      0x468 board/wmt/libwmt.a(flash.o)
                0x03fa786c                get_boot_flash_type
                0x03fa7914                get_boot_nor_flash_bit_type
                0x03fa7948                get_boot_nand_flash_bit_type
                0x03fa7998                flash_init
                0x03fa7bcc                flash_print_info
                0x03fa7c18                flash_erase
                0x03fa7c6c                write_buff
 .text          0x03fa7cd4       0x24 board/wmt/libwmt.a(main.o)
                0x03fa7cd4                wmt_post
 .text          0x03fa7cf8      0x6c8 board/wmt/libwmt.a(spi_flash.o)
                0x03fa7dc4                spi_flash_init
                0x03fa80c4                spi_flash_print_info
                0x03fa817c                spi_flash_erase
                0x03fa8364                spi_write_buff
 .text          0x03fa83c0       0x1c board/wmt/libwmt.a(nand_flash.o)
                0x03fa83c0                nand_flash_init
                0x03fa83c8                nand_flash_print_info
                0x03fa83cc                nand_flash_erase
                0x03fa83d4                nand_write_buff
 .text          0x03fa83dc      0xd1c board/wmt/libwmt.a(nor_flash_8bit.o)
                0x03fa8418                nor_flash_8b_init
                0x03fa88f0                nor_flash_8b_print_info
                0x03fa8bd8                nor_flash_8b_erase
                0x03fa8e4c                nor_flash_8b_write_buff
 .text          0x03fa90f8     0x115c board/wmt/libwmt.a(nor_flash_16bit.o)
                0x03fa9128                nor_flash_16b_init
                0x03fa9a44                nor_flash_16b_print_info
                0x03fa9c88                nor_flash_16b_erase
                0x03fa9f00                nor_flash_16b_write_buff
 .text          0x03faa254     0x1018 board/wmt/libwmt.a(wmt_clk.o)
                0x03faa5f0                auto_pll_divisor
                0x03fab00c                manu_pll_divisor
 .text          0x03fab26c     0x1100 board/wmt/libwmt.a(ehci-hcd.o)
                0x03fab3c8                ehci_submit_root
                0x03fab878                ehci_hcd_init
                0x03fab89c                ehci_hcd_stop
                0x03fab8ac                usb_lowlevel_stop
                0x03fab8b0                strtochar
                0x03fab8d8                ehci_config_port_owner
                0x03faba74                ehci_disable_port_owner
                0x03fabaf8                ehci_detect_device
                0x03fabbc0                ehci_enable_port
                0x03fabca8                usb_ehci_initial
                0x03fabcd8                submit_int_msg
                0x03fabce0                usb_check_td
                0x03fabd28                usb_check_bulk_td
                0x03fac0b8                submit_control_msg
                0x03fac0e8                submit_bulk_msg
                0x03fac11c                parse_usb_param
                0x03fac1d0                usb_lowlevel_init
 .text          0x03fac36c     0x1604 board/wmt/libwmt.a(usb_uhci.o)
                0x03fac448                usb_fill_td
                0x03fac4e4                usb_fill_qh
                0x03fac534                usb_uhci_td_stat
                0x03fac588                usb_get_td_status
                0x03fac678                submit_uhci_control_msg
                0x03fac818                submit_uhci_bulk_msg
                0x03fac9a0                uhci_alloc_int_td
                0x03fac9e0                submit_uhci_int_msg
                0x03facad8                reset_hc
                0x03facb18                start_hc
                0x03facc9c                reset_hc2
                0x03faccdc                start_hc2
                0x03face4c                usb_init_skel
                0x03facf8c                usb_check_skel
                0x03facff4                usb_check_int_chain
                0x03fad16c                handle_usb_interrupt
                0x03fad1c8                uhci_lowlevel_init
                0x03fad27c                uhci_lowlevel_stop
                0x03fad2b0                uhci_submit_rh_msg
 .text          0x03fad970      0x6a0 board/wmt/libwmt.a(wmt_i2c.o)
                0x03fad9d0                i2c_init
                0x03fadac4                i2c_transfer
                0x03fade78                i2c_probe
                0x03fade80                i2c_read
                0x03fadf1c                i2c_write
                0x03fadfd0                i2c_reg_read
                0x03fadff0                i2c_reg_write
 .text          0x03fae010      0x664 board/wmt/libwmt.a(wmt_i2c_1.o)
                0x03fae070                i2c1_init
                0x03fae128                i2c1_transfer
                0x03fae4dc                i2c1_probe
                0x03fae4e4                i2c1_read
                0x03fae580                i2c1_write
                0x03fae634                i2c1_reg_read
                0x03fae654                i2c1_reg_write
 .text          0x03fae674       0xd4 cpu/arm920t/libarm920t.a(cpu.o)
                0x03fae6b0                cpu_init
                0x03fae6b8                cleanup_before_linux
                0x03fae6e0                do_reset
                0x03fae6f8                icache_enable
                0x03fae714                icache_disable
                0x03fae730                icache_status
 .text          0x03fae748      0x190 cpu/arm920t/wmt/libwmt.a(serial.o)
                0x03fae748                serial_putc
                0x03fae778                serial_puts
                0x03fae798                serial_getc
                0x03fae7bc                serial_tstc
                0x03fae7dc                serial_setbrg
                0x03fae8ac                serial_init
 .text          0x03fae8d8       0x38 cpu/arm920t/wmt/libwmt.a(ether.o)
                0x03fae8d8                eth_init
                0x03fae8dc                eth_send
                0x03fae8e0                eth_rx
                0x03fae8e4                eth_halt
                0x03fae8e8                wmt_miiphy_read
                0x03fae8f8                wmt_miiphy_write
                0x03fae908                wmt_miiphy_initialize
 .text          0x03fae910      0x6b4 cpu/arm920t/wmt/libwmt.a(gmacif.o)
                0x03fae910                gmac_startio
                0x03faed64                gmac_send
                0x03faee98                gmac_receive
                0x03faef68                gmac_halt
                0x03faef8c                mii_read
                0x03faefa8                mii_write
 .text          0x03faefc4      0xca4 cpu/arm920t/wmt/libwmt.a(dma.o)
                0x03faefc4                disable_dma
                0x03faefe0                enable_dma
                0x03faf014                request_dma
                0x03faf118                clear_dma
                0x03faf188                free_dma
                0x03faf210                setup_dma
                0x03faf328                dma_busy
                0x03faf380                dma_complete
                0x03faf3d8                handle_dma_irq
                0x03faf438                prepare_dma_descript
                0x03faf4c8                start_dma
                0x03faf5c8                prepare_dma_long_descript
                0x03faf610                wake_dma_channel
                0x03faf630                add_descript
                0x03faf69c                init_descriptstack
                0x03faf750                reset_descriptstack
                0x03faf790                free_descriptstack
                0x03faf7b4                init_dma
                0x03faf924                set_descript
                0x03fafad4                handle_transfer
 .text          0x03fafc68     0x2dac cpu/arm920t/wmt/libwmt.a(mmc.o)
                0x03fafc68                Change_SD_host
                0x03fafd84                SD_Init_PDMA
                0x03fafdb8                sd_init_long_desc
                0x03fafe14                sd_pdma_handler
                0x03fafee4                sd_free_pdma
                0x03faff00                card_nop
                0x03faff04                sd_command
                0x03fb0014                sd_send_scr
                0x03fb008c                sd_app_command
                0x03fb0124                sd_alloc_desc_pool
                0x03fb012c                sd_init_short_desc
                0x03fb0164                sd_init_short_desc_with_end
                0x03fb018c                sd_config_desc
                0x03fb01cc                sd_dump_memory
                0x03fb01d0                sd_config_pdma
                0x03fb0210                sdmmcSwitch
                0x03fb03bc                sdmmcSendExCSD
                0x03fb0488                SD_Init
                0x03fb10e0                SD_Initialization
                0x03fb114c                mmc_get_dev
                0x03fb1184                mmc_block_read_singleblock
                0x03fb126c                mmc_block_read_multiblock
                0x03fb1504                mmc_bread
                0x03fb1594                mmc_block_write_singleblock
                0x03fb16e4                mmc_block_write_multiblock
                0x03fb1998                mmc_bwrite
                0x03fb1a30                mmc_read
                0x03fb1ad0                mmc_write
                0x03fb1ad8                sd_set_clock
                0x03fb1fe0                mmc_ident
                0x03fb1fe8                mmc2info
                0x03fb1ffc                get_chip_version
                0x03fb20b4                SD_Controller_Powerup
                0x03fb2754                mmc_init
                0x03fb29b8                SD_card_inserted
 .text          0x03fb2a14      0x4d4 cpu/arm920t/wmt/libwmt.a(pcinet.o)
                0x03fb2a14                NPCIbIsRegBitsOn
                0x03fb2a44                NPCIbIsRegBitsOff
                0x03fb2a70                NPCIvRegBitsOn
                0x03fb2aa8                NPCIvRegBitsOff
                0x03fb2ae0                NPCIvReadManyConfigSpace
                0x03fb2af4                NPCIvReadRevisionId
                0x03fb2b00                NPCIbReadDeviceInfo
                0x03fb2be4                NPCIvInitialize
                0x03fb2c14                NPCIbPCIAlloc
                0x03fb2e60                pciconfigurationdump
 .text          0x03fb2ee8      0x948 cpu/arm920t/wmt/libwmt.a(gmii.o)
                0x03fb2ee8                GMIIbReadEmbeded
                0x03fb2f60                GMIIbWriteEmbeded
                0x03fb2fd4                GMIIbIsRegBitsOn
                0x03fb3004                GMIIbIsRegBitsOff
                0x03fb3030                GMIIbReadAllRegs
                0x03fb3078                GMIIvWaitForNwayCompleted
                0x03fb30dc                GMIIvSetLoopbackMode
                0x03fb3234                GMIIvSetDuplexMode
                0x03fb32cc                GMIIvSetSpeedMode
                0x03fb33f8                GMIIbIsAutoNegotiationOn
                0x03fb3404                GMIIbSafeSoftwareReset
                0x03fb3460                GMIIvScanAllPhy
                0x03fb3524                GMIIvSetActiveForcedPhy
                0x03fb35e8                GMIIbSetActiveLinkedPhy
                0x03fb3738                GMIIvInitialize
 .text          0x03fb3830      0x864 cpu/arm920t/wmt/libwmt.a(gmib.o)
                0x03fb3830                GSTAvClearAllCounter
                0x03fb383c                GSTAvClearAllSwMibCounter
                0x03fb3858                GSTAvUpdateEsrStatCounter
                0x03fb38f0                GSTAvUpdateIsrStatCounter
                0x03fb3abc                GSTAvUpdateRDStatCounter
                0x03fb3c6c                GSTAvUpdateRDStatCounterEx
                0x03fb3cbc                GSTAvUpdateTDStatCounter
                0x03fb3e38                GSTAvUpdateTDStatCounterEx
                0x03fb3e6c                GSTAvUpdateTDStatCounterTq0
                0x03fb3fd8                GSTAvClearHWMIBCounter
                0x03fb4014                GSTAvEnableHWMIBCounter
                0x03fb4024                GSTAvDisableHWMIBCounter
                0x03fb4034                GSTAvUpdateHWMIBCounter
 .text          0x03fb4094      0x47c cpu/arm920t/wmt/libwmt.a(galloct.o)
                0x03fb4094                GMEMvAllocate
                0x03fb40b0                GMEMvAllocateShared
                0x03fb40dc                GALCbAllocateRdrMemory
                0x03fb4164                GALCbAllocateTdSegMemory
                0x03fb41d0                GALCbAllocateTdrMemory
                0x03fb422c                GALCvChainRdrMemory
                0x03fb429c                dumprd
                0x03fb42a0                GALCvChainTdrMemory
                0x03fb4390                dumptd
                0x03fb43dc                GALCvFreeRdrMemory
                0x03fb4400                GALCvFreeTdrMemory
                0x03fb443c                GALCvFreeTdSegMemory
                0x03fb44a0                GALCvSetAllRdOwnerToMac
                0x03fb44d4                GALCvSetAllTdOwnerToMac
                0x03fb4508                GALCvSetDefaultRD
                0x03fb450c                GALCvSetDefaultTD
 .text          0x03fb4510      0xe7c cpu/arm920t/wmt/libwmt.a(gmac.o)
                0x03fb4510                GMACvReadAllRegs
                0x03fb45a8                GMACbIsRegBitsOn
                0x03fb45c0                GMACbIsRegBitsOff
                0x03fb45d4                GMACbyReadEECSR
                0x03fb45dc                GMACbyReadMIICR
                0x03fb45e4                GMACvWriteMIICR
                0x03fb45ec                GMACbyReadMultiAddr
                0x03fb45f8                GMACvWriteMultiAddr
                0x03fb4604                GMACbIsIntDisable
                0x03fb4614                GMACvSetMultiAddrByHash
                0x03fb465c                GMACvResetMultiAddrByHash
                0x03fb46a4                GMACbyGetBootRomSize
                0x03fb46b0                GMACvSetPhyId
                0x03fb46c8                GMACbyGetPhyId
                0x03fb46d4                GMACvSetRxThreshold
                0x03fb46e8                GMACvGetRxThreshold
                0x03fb46fc                GMACvSetDmaLength
                0x03fb4710                GMACvGetDmaLength
                0x03fb4720                GMACvSetLoopbackMode
                0x03fb4734                GMACbIsInLoopbackMode
                0x03fb4744                GMACbIsIn1GMode
                0x03fb477c                GMACbIsIn100MMode
                0x03fb47ec                GMACbIsInFullDuplexMode
                0x03fb47f8                GMACbIsCableLinkOk
                0x03fb4804                GMACvDisableMiiAutoPoll
                0x03fb4844                GMACvEnableMiiAutoPoll
                0x03fb48b8                GMACvSetPacketFilter
                0x03fb492c                GMACvSaveContext
                0x03fb49d8                GMACvRestoreContext
                0x03fb4a8c                GMACvTimer0MiniSDelay
                0x03fb4ae8                GMACvWriteEECSR
                0x03fb4af8                GMACvTimer0MicroSDelay
                0x03fb4b54                GMACbSoftwareReset
                0x03fb4bc4                GMACbSafeSoftwareReset
                0x03fb4c08                GMACbSafeRxOff
                0x03fb4c70                GMACbSafeTxOff
                0x03fb4cdc                GMACbStop
                0x03fb4d2c                GMACbSafeStop
                0x03fb4d6c                GMACbShutdown
                0x03fb4d9c                GMACiWriteVee
                0x03fb4db8                GMACLoadVEE
                0x03fb4ee0                GMACvInitialize
                0x03fb4fe4                GMACvSetVCAM
                0x03fb503c                GMACvSetMCAM
                0x03fb50a0                GMACvGetVCAM
                0x03fb5100                GMACvGetMCAM
                0x03fb5168                GMACvSetVCAMMask
                0x03fb5198                GMACvSetMCAMMask
                0x03fb51c8                GMACvGetVCAMMask
                0x03fb51f8                GMACvGetMCAMMask
                0x03fb522c                GMACvSetVCAMMaskByBR
                0x03fb526c                GMACvSetMCAMMaskByBR
                0x03fb52a8                GMACvGetVCAMMaskByBR
                0x03fb52e4                GMACvGetMCAMMaskByBR
                0x03fb531c                GMACvSetTqIndex
                0x03fb535c                dumpmac
 .text          0x03fb538c      0x8cc cpu/arm920t/wmt/libwmt.a(gadapter.o)
                0x03fb55d0                GADPuInitAll
                0x03fb5730                GADPbInitOne
                0x03fb5880                GADPbInitialize
                0x03fb5a50                GADPbBind
                0x03fb5c08                GADPbShutdown
 .text          0x03fb5c58       0xa0 cpu/arm920t/wmt/libwmt.a(mem.o)
                0x03fb5c58                MEMvAlign
                0x03fb5c94                MEMvAllocateShared
                0x03fb5cf0                MEMvCopy
                0x03fb5cf4                MEMvSet
 .text          0x03fb5cf8       0xec cpu/arm920t/wmt/libwmt.a(vpci.o)
                0x03fb5cf8                VPCIvReadB
                0x03fb5d08                VPCIvReadW
                0x03fb5d18                VPCIvReadD
                0x03fb5d28                VPCIvWriteB
                0x03fb5d34                VPCIvRegBitsOff
                0x03fb5d64                VPCIvRegBitsOn
                0x03fb5d94                VPCIvInitialize
                0x03fb5dcc                VPCIvWriteW
                0x03fb5dd8                VPCIvWriteD
 .text          0x03fb5de4      0x2ac cpu/arm920t/wmt/libwmt.a(upcix.o)
                0x03fb5de4                PCIXvReadB
                0x03fb5e14                PCIXvReadW
                0x03fb5e44                PCIXvReadD
                0x03fb5e68                PCIXvWriteB
                0x03fb5e94                PCIXvWriteW
                0x03fb5ec0                PCIXvWriteD
                0x03fb5ee0                PCIXvReadManyBytes
                0x03fb5f28                PCIXbFindDeviceInfo
 .text          0x03fb6090      0x330 cpu/arm920t/wmt/libwmt.a(gcard.o)
                0x03fb6090                GCARDvSetMediaLinkMode
                0x03fb6364                GCARDvSetLoopbackMode
                0x03fb6390                GCARDbSoftwareReset
 .text          0x03fb63c0      0xa18 cpu/arm920t/wmt/libwmt.a(gisr.o)
                0x03fb63c0                PCAvIntEnable
                0x03fb63d0                PCAvIntDisable
                0x03fb63e0                GISRvIsrForNetwork
                0x03fb6d88                ISRvIsrForNetwork_Card3
                0x03fb6da0                ISRvIsrForNetwork_Card2
                0x03fb6db4                ISRvIsrForNetwork_Card1
                0x03fb6dc8                ISRvIsrForNetwork_Card0
 .text          0x03fb6dd8      0x318 cpu/arm920t/wmt/libwmt.a(tconvert.o)
                0x03fb6dd8                CVTvBy6ToStr12
                0x03fb6e2c                CVTvStr12ToBy6
                0x03fb6e90                CVTvHexToAsc
                0x03fb6ee0                CVTvAscToHex
                0x03fb6fd8                CVTvIP4ToStr15
                0x03fb7088                CVTvStr15ToIP4
 .text          0x03fb70f0       0x4c cpu/arm920t/wmt/libwmt.a(tcrc.o)
                0x03fb70f0                CRCdwCrc32
                0x03fb7124                CRCdwGetCrc32
                0x03fb7138                CRCdwGetCrc32Ex
 .text          0x03fb713c      0x44c lib_arm/libarm.a(armlinux.o)
                0x03fb7248                do_bootm_linux
 .text          0x03fb7588        0x4 lib_arm/libarm.a(cache.o)
                0x03fb7588                flush_cache
 .text          0x03fb758c     0x1be0 fs/fat/libfat.a(fat.o)
                0x03fb77e0                disk_read
                0x03fb7dcc                disk_write
                0x03fb7efc                fat_register_device
                0x03fb8048                do_fat_read
                0x03fb89bc                do_fat_write
                0x03fb8fac                file_fat_detectfs
                0x03fb90f0                file_fat_ls
                0x03fb9100                file_fat_read
                0x03fb9138                file_fat_write
 .text          0x03fb916c      0x2b0 disk/libdisk.a(part.o)
                0x03fb916c                dev_print
                0x03fb9314                init_part
                0x03fb9330                get_partition_info
                0x03fb9358                print_part
 .text          0x03fb941c      0x4c4 disk/libdisk.a(part_dos.o)
                0x03fb9840                test_part_dos
                0x03fb9894                print_part_dos
                0x03fb98c0                get_partition_info_dos
 .text          0x03fb98e0       0x7c cpu/arm920t/wmt/libwmt.a(zde.o)
                0x03fb98e0                semi_bootloados
 .text          0x03fb995c      0x114 /root/Project/sdc1/AndroidPC_2.0/tools/arm-toolchain/bin/../lib/gcc/arm-none-eabi/4.5.2/libgcc.a(_udivsi3.o)
                0x03fb995c                __udivsi3
                0x03fb995c                __aeabi_uidiv
                0x03fb9a50                __aeabi_uidivmod
 .text          0x03fb9a70      0x148 /root/Project/sdc1/AndroidPC_2.0/tools/arm-toolchain/bin/../lib/gcc/arm-none-eabi/4.5.2/libgcc.a(_divsi3.o)
                0x03fb9a70                __aeabi_idiv
                0x03fb9a70                __divsi3
                0x03fb9b98                __aeabi_idivmod
 .text          0x03fb9bb8        0x4 /root/Project/sdc1/AndroidPC_2.0/tools/arm-toolchain/bin/../lib/gcc/arm-none-eabi/4.5.2/libgcc.a(_dvmd_tls.o)
                0x03fb9bb8                __aeabi_ldiv0
                0x03fb9bb8                __aeabi_idiv0
 .text          0x03fb9bbc       0x1c /root/Project/sdc1/AndroidPC_2.0/tools/arm-toolchain/bin/../lib/gcc/arm-none-eabi/4.5.2/libgcc.a(_ashldi3.o)
                0x03fb9bbc                __ashldi3
                0x03fb9bbc                __aeabi_llsl

.glue_7         0x03fb9bd8        0x0
 .glue_7        0x00000000        0x0 linker stubs

.glue_7t        0x03fb9bd8        0x0
 .glue_7t       0x00000000        0x0 linker stubs

.vfp11_veneer   0x03fb9bd8        0x0
 .vfp11_veneer  0x00000000        0x0 linker stubs

.v4_bx          0x03fb9bd8        0x0
 .v4_bx         0x00000000        0x0 linker stubs
                0x03fb9bd8                . = ALIGN (0x4)

.rodata         0x03fb9bd8     0x25dc
 *(.rodata)
 .rodata        0x03fb9bd8       0x80 cpu/arm920t/libarm920t.a(interrupts.o)
 .rodata        0x03fb9c58       0x26 lib_arm/libarm.a(board.o)
                0x03fb9c58                version_string
 .rodata        0x03fb9c7e        0x7 net/libnet.a(net.o)
 *fill*         0x03fb9c85        0x3 00
 .rodata        0x03fb9c88       0xb4 common/libcommon.a(cmd_bootm.o)
 .rodata        0x03fb9d3c       0x58 common/libcommon.a(cmd_mem.o)
 .rodata        0x03fb9d94       0x10 common/libcommon.a(cmd_dma.o)
 .rodata        0x03fb9da4       0x28 common/libcommon.a(cmd_nand.o)
 .rodata        0x03fb9dcc      0x840 common/libcommon.a(minivgui.o)
 .rodata        0x03fba60c       0x34 common/libcommon.a(usb_storage.o)
 .rodata        0x03fba640      0x1f8 common/libcommon.a(govrh.o)
 .rodata        0x03fba838      0xafc common/libcommon.a(vpp.o)
                0x03fba838                vpp_video_mode_table
                0x03fbb1ac                vpp_csc_parm
 .rodata        0x03fbb334       0xe8 common/libcommon.a(hdmi.o)
                0x03fbb348                hdmi_vic_info
 .rodata        0x03fbb41c       0xac common/libcommon.a(vout-wmt.o)
 .rodata        0x03fbb4c8      0x1b8 common/libcommon.a(sil902x.o)
 .rodata        0x03fbb680        0xa common/libcommon.a(parse-edid.o)
                0x03fbb680                edid_v1_descriptor_flag
                0x03fbb682                edid_v1_header
 *fill*         0x03fbb68a        0x2 00
 .rodata        0x03fbb68c      0x400 lib_generic/libgeneric.a(crc32.o)
 .rodata        0x03fbba8c       0x90 lib_generic/libgeneric.a(zlib.o)
 .rodata        0x03fbbb1c        0xc board/wmt/libwmt.a(flash.o)
 .rodata        0x03fbbb28      0x21c board/wmt/libwmt.a(nor_flash_16bit.o)
 .rodata        0x03fbbd44       0x3f board/wmt/libwmt.a(ehci-hcd.o)
 .rodata        0x03fbbd83       0x20 cpu/arm920t/wmt/libwmt.a(gmac.o)
 *fill*         0x03fbbda3        0x1 00
 .rodata        0x03fbbda4       0x10 cpu/arm920t/wmt/libwmt.a(gadapter.o)
 .rodata        0x03fbbdb4      0x400 cpu/arm920t/wmt/libwmt.a(tcrc.o)

.rodata.str1.1  0x03fbc1b4     0x98bc
 .rodata.str1.1
                0x03fbc1b4      0x264 cpu/arm920t/libarm920t.a(interrupts.o)
                                0x27b (size before relaxing)
 .rodata.str1.1
                0x03fbc418       0xff lib_arm/libarm.a(board.o)
                                0x101 (size before relaxing)
 .rodata.str1.1
                0x03fbc517      0x1ba net/libnet.a(net.o)
                                0x1c2 (size before relaxing)
 .rodata.str1.1
                0x03fbc6d1      0x174 net/libnet.a(tftp.o)
                                0x1b5 (size before relaxing)
 .rodata.str1.1
                0x03fbc845       0xcc net/libnet.a(bootp.o)
                                 0xfc (size before relaxing)
 .rodata.str1.1
                0x03fbc911       0x13 net/libnet.a(rarp.o)
                                 0x47 (size before relaxing)
 .rodata.str1.1
                0x03fbc924       0xe4 net/libnet.a(nfs.o)
                                0x16c (size before relaxing)
 .rodata.str1.1
                0x03fbca08      0x138 common/libcommon.a(main.o)
                                0x13b (size before relaxing)
 .rodata.str1.1
                0x03fbcb40       0xec common/libcommon.a(cmd_autoscript.o)
 .rodata.str1.1
                0x03fbcc2c       0xb2 common/libcommon.a(cmd_bdinfo.o)
 .rodata.str1.1
                0x03fbccde      0x103 common/libcommon.a(cmd_boot.o)
                                0x111 (size before relaxing)
 .rodata.str1.1
                0x03fbcde1      0x7a6 common/libcommon.a(cmd_bootm.o)
                                0x806 (size before relaxing)
 .rodata.str1.1
                0x03fbd587       0x67 common/libcommon.a(cmd_console.o)
                                 0x6c (size before relaxing)
 .rodata.str1.1
                0x03fbd5ee      0x54c common/libcommon.a(cmd_fat.o)
                                0x55b (size before relaxing)
 .rodata.str1.1
                0x03fbdb3a      0x745 common/libcommon.a(cmd_flash.o)
                                0x75d (size before relaxing)
 .rodata.str1.1
                0x03fbe27f      0x433 common/libcommon.a(cmd_i2c.o)
                                0x468 (size before relaxing)
 .rodata.str1.1
                0x03fbe6b2      0x474 common/libcommon.a(cmd_ide.o)
                                0x503 (size before relaxing)
 .rodata.str1.1
                0x03fbeb26       0xba common/libcommon.a(cmd_itest.o)
                                 0xca (size before relaxing)
 .rodata.str1.1
                0x03fbebe0      0x2dc common/libcommon.a(cmd_load.o)
                                0x2f2 (size before relaxing)
 .rodata.str1.1
                0x03fbeebc      0x64f common/libcommon.a(cmd_mem.o)
                                0x6a3 (size before relaxing)
 .rodata.str1.1
                0x03fbf50b      0x785 common/libcommon.a(cmd_mii.o)
                                0x7a6 (size before relaxing)
 .rodata.str1.1
                0x03fbfc90       0x6b common/libcommon.a(cmd_misc.o)
                                 0x76 (size before relaxing)
 .rodata.str1.1
                0x03fbfcfb      0x328 common/libcommon.a(cmd_mmc.o)
                                0x33a (size before relaxing)
 .rodata.str1.1
                0x03fc0023       0x38 common/libcommon.a(cmd_dma.o)
                                 0xa0 (size before relaxing)
 .rodata.str1.1
                0x03fc005b     0x143c common/libcommon.a(cmd_nand.o)
                               0x154c (size before relaxing)
 .rodata.str1.1
                0x03fc1497      0x20f common/libcommon.a(cmd_net.o)
                                0x282 (size before relaxing)
 .rodata.str1.1
                0x03fc16a6      0x2cd common/libcommon.a(cmd_nvedit.o)
                                0x350 (size before relaxing)
 .rodata.str1.1
                0x03fc1973      0x742 common/libcommon.a(cmd_usb.o)
                                0x936 (size before relaxing)
 .rodata.str1.1
                0x03fc20b5      0x2ef common/libcommon.a(command.o)
                                0x341 (size before relaxing)
 .rodata.str1.1
                0x03fc23a4       0x70 common/libcommon.a(console.o)
                                 0x74 (size before relaxing)
 .rodata.str1.1
                0x03fc2414       0x2f common/libcommon.a(devices.o)
                                 0x43 (size before relaxing)
 .rodata.str1.1
                0x03fc2443       0x33 common/libcommon.a(env_common.o)
                                 0x37 (size before relaxing)
 .rodata.str1.1
                0x03fc2476       0x7f common/libcommon.a(env_flash.o)
                                 0x85 (size before relaxing)
 .rodata.str1.1
                0x03fc24f5       0xf3 common/libcommon.a(wmt_cmd_display.o)
                                0x13c (size before relaxing)
 .rodata.str1.1
                0x03fc25e8       0x4a common/libcommon.a(minivgui.o)
 .rodata.str1.1
                0x03fc2632      0x172 common/libcommon.a(uboot-vpp.o)
                                0x1c1 (size before relaxing)
 .rodata.str1.1
                0x03fc27a4       0xb7 common/libcommon.a(cmd_mbit.o)
                                0x110 (size before relaxing)
 .rodata.str1.1
                0x03fc285b      0x299 common/libcommon.a(cmd_textout.o)
                                0x2aa (size before relaxing)
 .rodata.str1.1
                0x03fc2af4      0x28e common/libcommon.a(env_parse.o)
                                0x2b2 (size before relaxing)
 .rodata.str1.1
                0x03fc2d82       0xf7 common/libcommon.a(flash.o)
                                0x10c (size before relaxing)
 .rodata.str1.1
                0x03fc2e79      0x14b common/libcommon.a(hush.o)
                                0x1ae (size before relaxing)
 .rodata.str1.1
                0x03fc2fc4      0x174 common/libcommon.a(miiphyutil.o)
                                0x176 (size before relaxing)
 .rodata.str1.1
                0x03fc3138      0x173 common/libcommon.a(usb.o)
 .rodata.str1.1
                0x03fc32ab      0x1cc common/libcommon.a(usb_storage.o)
                                0x1de (size before relaxing)
 .rodata.str1.1
                0x03fc3477       0x1b common/libcommon.a(pwm.o)
 .rodata.str1.1
                0x03fc3492       0x32 common/libcommon.a(wmt-ost.o)
 .rodata.str1.1
                0x03fc34c4      0x2cd common/libcommon.a(govrh.o)
 .rodata.str1.1
                0x03fc3791       0x37 common/libcommon.a(lcd.o)
 .rodata.str1.1
                0x03fc37c8       0xa7 common/libcommon.a(lvds.o)
 .rodata.str1.1
                0x03fc386f      0x2ec common/libcommon.a(vpp.o)
                                0x31f (size before relaxing)
 .rodata.str1.1
                0x03fc3b5b      0x2f1 common/libcommon.a(vout-wmt.o)
                                0x335 (size before relaxing)
 .rodata.str1.1
                0x03fc3e4c       0x34 common/libcommon.a(lcd-oem.o)
 .rodata.str1.1
                0x03fc3e80       0x23 common/libcommon.a(lcd-AUO-A080SN01.o)
 .rodata.str1.1
                0x03fc3ea3       0x12 common/libcommon.a(lcd-INNOLUX-AT070TN83.o)
 .rodata.str1.1
                0x03fc3eb5       0x48 common/libcommon.a(lcd-CHILIN-LW700at9003.o)
 .rodata.str1.1
                0x03fc3efd       0x3b common/libcommon.a(lcd-EKING-EK08009-70135.o)
 .rodata.str1.1
                0x03fc3f38       0x47 common/libcommon.a(lcd-HANNSTAR-HSD101PFW2.o)
 .rodata.str1.1
                0x03fc3f7f       0x2e common/libcommon.a(vt1632.o)
                                 0x35 (size before relaxing)
 .rodata.str1.1
                0x03fc3fad       0xc1 common/libcommon.a(sil902x.o)
                                 0xc8 (size before relaxing)
 .rodata.str1.1
                0x03fc406e       0x1c common/libcommon.a(vpp-osif.o)
 .rodata.str1.1
                0x03fc408a       0x7f common/libcommon.a(vout.o)
 .rodata.str1.1
                0x03fc4109       0x2a common/libcommon.a(sw_i2c.o)
 .rodata.str1.1
                0x03fc4133      0x110 common/libcommon.a(parse-edid.o)
                                0x112 (size before relaxing)
 .rodata.str1.1
                0x03fc4243       0x18 lib_generic/libgeneric.a(display_options.o)
 .rodata.str1.1
                0x03fc425b       0x51 lib_generic/libgeneric.a(vsprintf.o)
 .rodata.str1.1
                0x03fc42ac      0x1f3 lib_generic/libgeneric.a(zlib.o)
                                0x1f4 (size before relaxing)
 .rodata.str1.1
                0x03fc449f       0x9c board/wmt/libwmt.a(flash.o)
                                 0x9e (size before relaxing)
 .rodata.str1.1
                0x03fc453b      0x273 board/wmt/libwmt.a(spi_flash.o)
                                0x294 (size before relaxing)
 .rodata.str1.1
                0x03fc47ae      0x29b board/wmt/libwmt.a(nor_flash_8bit.o)
                                0x325 (size before relaxing)
 .rodata.str1.1
                0x03fc4a49      0x102 board/wmt/libwmt.a(nor_flash_16bit.o)
                                0x3ce (size before relaxing)
 .rodata.str1.1
                0x03fc4b4b      0x1c9 board/wmt/libwmt.a(wmt_clk.o)
 .rodata.str1.1
                0x03fc4d14      0x11a board/wmt/libwmt.a(ehci-hcd.o)
 .rodata.str1.1
                0x03fc4e2e      0x32a board/wmt/libwmt.a(usb_uhci.o)
                                0x32c (size before relaxing)
 .rodata.str1.1
                0x03fc5158       0xdb cpu/arm920t/wmt/libwmt.a(gmacif.o)
                                 0xdd (size before relaxing)
 .rodata.str1.1
                0x03fc5233      0x11a cpu/arm920t/wmt/libwmt.a(dma.o)
 .rodata.str1.1
                0x03fc534d      0x157 cpu/arm920t/wmt/libwmt.a(mmc.o)
 .rodata.str1.1
                0x03fc54a4       0x4c cpu/arm920t/wmt/libwmt.a(pcinet.o)
 .rodata.str1.1
                0x03fc54f0        0xc cpu/arm920t/wmt/libwmt.a(galloct.o)
 .rodata.str1.1
                0x03fc54fc        0xd cpu/arm920t/wmt/libwmt.a(gmac.o)
 .rodata.str1.1
                0x03fc5509       0x63 cpu/arm920t/wmt/libwmt.a(gadapter.o)
 .rodata.str1.1
                0x00000000       0x63 cpu/arm920t/wmt/libwmt.a(tconvert.o)
                                  0x5 (size before relaxing)
 .rodata.str1.1
                0x03fc556c      0x10b lib_arm/libarm.a(armlinux.o)
                                0x17a (size before relaxing)
 .rodata.str1.1
                0x03fc5677      0x1bd fs/fat/libfat.a(fat.o)
                                0x1c3 (size before relaxing)
 .rodata.str1.1
                0x03fc5834      0x152 disk/libdisk.a(part.o)
                                0x17a (size before relaxing)
 .rodata.str1.1
                0x03fc5986       0xea disk/libdisk.a(part_dos.o)
                                 0xf6 (size before relaxing)
                0x03fc5a70                . = ALIGN (0x4)

.data           0x03fc5a70     0x2b18
 *(.data)
 .data          0x03fc5a70        0x0 cpu/arm920t/start.o
 .data          0x03fc5a70        0x0 board/wmt/libwmt.a(lowlevel_init.o)
 .data          0x03fc5a70        0x0 cpu/arm920t/libarm920t.a(interrupts.o)
 .data          0x03fc5a70        0x0 cpu/arm920t/wmt/libwmt.a(interrupts.o)
 .data          0x03fc5a70       0x2c lib_arm/libarm.a(board.o)
                0x03fc5a70                init_sequence
 .data          0x03fc5a9c        0xa net/libnet.a(net.o)
                0x03fc5a9c                NetOurVLAN
                0x03fc5a9e                NetBcastAddr
                0x03fc5aa4                NetOurNativeVLAN
 .data          0x03fc5aa6        0x0 net/libnet.a(tftp.o)
 .data          0x03fc5aa6        0x0 net/libnet.a(bootp.o)
 .data          0x03fc5aa6        0x0 net/libnet.a(rarp.o)
 .data          0x03fc5aa6        0x0 net/libnet.a(eth.o)
 *fill*         0x03fc5aa6        0x2 00
 .data          0x03fc5aa8        0x4 net/libnet.a(nfs.o)
 .data          0x03fc5aac        0xd common/libcommon.a(main.o)
 .data          0x03fc5ab9        0x0 common/libcommon.a(cmd_autoscript.o)
 .data          0x03fc5ab9        0x0 common/libcommon.a(cmd_bdinfo.o)
 .data          0x03fc5ab9        0x0 common/libcommon.a(cmd_boot.o)
 *fill*         0x03fc5ab9        0x3 00
 .data          0x03fc5abc        0x4 common/libcommon.a(cmd_bootm.o)
                0x03fc5abc                load_addr
 .data          0x03fc5ac0        0x0 common/libcommon.a(cmd_console.o)
 .data          0x03fc5ac0        0x0 common/libcommon.a(cmd_fat.o)
 .data          0x03fc5ac0        0x0 common/libcommon.a(cmd_flash.o)
 .data          0x03fc5ac0        0x4 common/libcommon.a(cmd_i2c.o)
 .data          0x03fc5ac4        0x4 common/libcommon.a(cmd_ide.o)
 .data          0x03fc5ac8       0x68 common/libcommon.a(cmd_itest.o)
                0x03fc5ac8                op_table
 .data          0x03fc5b30        0x4 common/libcommon.a(cmd_load.o)
 .data          0x03fc5b34        0x4 common/libcommon.a(cmd_mem.o)
                0x03fc5b34                dp_last_length
 .data          0x03fc5b38      0x2e8 common/libcommon.a(cmd_mii.o)
                0x03fc5b38                reg_0_5_desc_tbl
                0x03fc5b68                desc_and_len_tbl
                0x03fc5b98                reg_0_desc_tbl
                0x03fc5c10                reg_1_desc_tbl
                0x03fc5cd0                reg_2_desc_tbl
                0x03fc5cdc                reg_3_desc_tbl
                0x03fc5d00                reg_4_desc_tbl
                0x03fc5d90                reg_5_desc_tbl
 .data          0x03fc5e20        0x0 common/libcommon.a(cmd_misc.o)
 .data          0x03fc5e20        0x0 common/libcommon.a(cmd_mmc.o)
 .data          0x03fc5e20        0x4 common/libcommon.a(cmd_dma.o)
                0x03fc5e20                pDma_Reg
 .data          0x03fc5e24      0x72c common/libcommon.a(cmd_nand.o)
 .data          0x03fc6550        0x0 common/libcommon.a(cmd_net.o)
 .data          0x03fc6550        0x0 common/libcommon.a(cmd_nvedit.o)
 .data          0x03fc6550        0x4 common/libcommon.a(cmd_usb.o)
 .data          0x03fc6554        0x0 common/libcommon.a(command.o)
 .data          0x03fc6554        0x0 common/libcommon.a(console.o)
 .data          0x03fc6554        0xc common/libcommon.a(devices.o)
                0x03fc6554                stdio_names
 .data          0x03fc6560      0x414 common/libcommon.a(dlmalloc.o)
 .data          0x03fc6974      0x138 common/libcommon.a(env_common.o)
                0x03fc6974                default_environment
                0x03fc6aa8                env_get_char
 .data          0x03fc6aac       0x18 common/libcommon.a(env_flash.o)
                0x03fc6abc                env_ptr
                0x03fc6ac0                env_name_spec
 .data          0x03fc6ac4        0x0 common/libcommon.a(exports.o)
 .data          0x03fc6ac4        0x0 common/libcommon.a(wmt_cmd_display.o)
 .data          0x03fc6ac4        0x0 common/libcommon.a(minivgui.o)
 .data          0x03fc6ac4       0xc0 common/libcommon.a(uboot-vpp.o)
                0x03fc6ac4                vfb_var
                0x03fc6b64                video_str
 .data          0x03fc6b84        0x0 common/libcommon.a(cmd_mbit.o)
 .data          0x03fc6b84        0x8 common/libcommon.a(cmd_textout.o)
                0x03fc6b84                text_x
                0x03fc6b88                text_y
 .data          0x03fc6b8c        0x0 common/libcommon.a(env_parse.o)
 .data          0x03fc6b8c        0x0 common/libcommon.a(flash.o)
 .data          0x03fc6b8c       0x84 common/libcommon.a(hush.o)
 .data          0x03fc6c10        0x0 common/libcommon.a(lists.o)
 .data          0x03fc6c10        0x0 common/libcommon.a(miiphyutil.o)
 .data          0x03fc6c10        0x0 common/libcommon.a(s_record.o)
 .data          0x03fc6c10        0x0 common/libcommon.a(usb.o)
 .data          0x03fc6c10       0x24 common/libcommon.a(usb_storage.o)
                0x03fc6c10                us_direction
                0x03fc6c30                CBWTag
 .data          0x03fc6c34        0x0 common/libcommon.a(pwm.o)
 .data          0x03fc6c34        0x0 common/libcommon.a(wmt-ost.o)
 .data          0x03fc6c34        0x0 common/libcommon.a(govrh.o)
 .data          0x03fc6c34       0x30 common/libcommon.a(lcd.o)
                0x03fc6c34                lcd_vout_dev_ops
                0x03fc6c60                lcd_panel_on
 .data          0x03fc6c64        0x0 common/libcommon.a(lvds.o)
 .data          0x03fc6c64       0xa0 common/libcommon.a(vpp.o)
                0x03fc6c64                vpp_colfmt_str
                0x03fc6c98                vpp_vout_str
                0x03fc6cbc                vpp_vo_boot_arg
                0x03fc6cd4                vpp_vo_boot_arg2
                0x03fc6cec                vpp_vpath_str
 .data          0x03fc6d04        0x0 common/libcommon.a(hdmi.o)
 .data          0x03fc6d04      0xed8 common/libcommon.a(vout-wmt.o)
                0x03fc6d04                vo_boot_parm
                0x03fc6f34                vo_swi2c_dvi
                0x03fc6f3c                vo_swi2c_vga
                0x03fc6f44                vo_lcd_parm
                0x03fc7174                vo_parm_table
                0x03fc7198                vo_vga_parm
                0x03fc73c8                vo_hdmi_parm
                0x03fc75f8                vout_priority
                0x03fc7604                vo_gpio_scl
                0x03fc7620                vo_gpio_sda
                0x03fc763c                vo_i2c0_scl
                0x03fc7658                vo_i2c0_sda
                0x03fc7674                vo_vga_ops
                0x03fc76a0                vo_dvi_ops
                0x03fc76cc                vo_dvi_parm
                0x03fc78fc                vo_dvo2hdmi_ops
                0x03fc7928                vo_dvo2hdmi_parm
                0x03fc7b58                vo_lcd_ops
                0x03fc7b84                vo_boot_ops
                0x03fc7bb0                vo_hdmi_ops
 .data          0x03fc7bdc       0x40 common/libcommon.a(lcd-oem.o)
                0x03fc7bdc                lcd_oem_parm
 .data          0x03fc7c1c       0x40 common/libcommon.a(lcd-AUO-A080SN01.o)
                0x03fc7c1c                lcd_a080sn01_parm
 .data          0x03fc7c5c       0x40 common/libcommon.a(lcd-INNOLUX-AT070TN83.o)
                0x03fc7c5c                lcd_at070tn83_parm
 .data          0x03fc7c9c       0x40 common/libcommon.a(lcd-CHILIN-LW700at9003.o)
                0x03fc7c9c                lcd_lw700at9003_parm
 .data          0x03fc7cdc       0x40 common/libcommon.a(lcd-EKING-EK08009-70135.o)
                0x03fc7cdc                lcd_ek08009_parm
 .data          0x03fc7d1c       0x40 common/libcommon.a(lcd-HANNSTAR-HSD101PFW2.o)
                0x03fc7d1c                lcd_HSD101PFW2_parm
 .data          0x03fc7d5c       0x2c common/libcommon.a(vt1632.o)
                0x03fc7d5c                vt1632_vout_dev_ops
 .data          0x03fc7d88       0x3c common/libcommon.a(sil902x.o)
                0x03fc7d88                sil902x_audio_freq
                0x03fc7d8c                sil902x_audio_fmt
                0x03fc7d90                sil902x_audio_channel
                0x03fc7d94                sil902x_hdmi_edid
                0x03fc7d98                sil902x_vout_dev_ops
 .data          0x03fc7dc4        0x0 common/libcommon.a(vpp-osif.o)
 .data          0x03fc7dc4        0x0 common/libcommon.a(vout.o)
 .data          0x03fc7dc4        0x0 common/libcommon.a(sw_i2c.o)
 .data          0x03fc7dc4       0xcc common/libcommon.a(parse-edid.o)
                0x03fc7dc4                edid_establish_timing
 .data          0x03fc7e90        0x0 lib_generic/libgeneric.a(crc32.o)
 .data          0x03fc7e90      0x100 lib_generic/libgeneric.a(ctype.o)
                0x03fc7e90                _ctype
 .data          0x03fc7f90        0x0 lib_generic/libgeneric.a(display_options.o)
 .data          0x03fc7f90        0x0 lib_generic/libgeneric.a(string.o)
 .data          0x03fc7f90        0x0 lib_generic/libgeneric.a(vsprintf.o)
 .data          0x03fc7f90      0x210 lib_generic/libgeneric.a(zlib.o)
                0x03fc817c                zlib_version
                0x03fc8180                z_errmsg
 .data          0x03fc81a0        0x0 board/wmt/libwmt.a(wmt.o)
 .data          0x03fc81a0        0x3 board/wmt/libwmt.a(flash.o)
                0x03fc81a0                flash_type
                0x03fc81a1                nor_flash_bit
                0x03fc81a2                nand_flash_bit
 .data          0x03fc81a3        0x0 board/wmt/libwmt.a(main.o)
 *fill*         0x03fc81a3        0x1 00
 .data          0x03fc81a4      0x108 board/wmt/libwmt.a(spi_flash.o)
                0x03fc81a4                sf_ids
 .data          0x03fc82ac        0x0 board/wmt/libwmt.a(nand_flash.o)
 .data          0x03fc82ac        0x0 board/wmt/libwmt.a(nor_flash_8bit.o)
 .data          0x03fc82ac        0x0 board/wmt/libwmt.a(nor_flash_16bit.o)
 .data          0x03fc82ac        0x0 board/wmt/libwmt.a(wmt_clk.o)
 .data          0x03fc82ac       0x3a board/wmt/libwmt.a(ehci-hcd.o)
                0x03fc82e4                usb_sel
                0x03fc82e5                ConnectPort
 *fill*         0x03fc82e6        0x2 00
 .data          0x03fc82e8       0x58 board/wmt/libwmt.a(usb_uhci.o)
                0x03fc82e8                usb_base_addr
 .data          0x03fc8340        0x0 board/wmt/libwmt.a(wmt_i2c.o)
 .data          0x03fc8340        0x0 board/wmt/libwmt.a(wmt_i2c_1.o)
 .data          0x03fc8340        0x0 cpu/arm920t/libarm920t.a(cpu.o)
 .data          0x03fc8340        0x8 cpu/arm920t/wmt/libwmt.a(serial.o)
                0x03fc8340                pUart_Reg
                0x03fc8344                pGpioReg
 .data          0x03fc8348        0x0 cpu/arm920t/wmt/libwmt.a(ether.o)
 .data          0x03fc8348        0x8 cpu/arm920t/wmt/libwmt.a(gmacif.o)
                0x03fc834c                g_pvGBufferIndex
 .data          0x03fc8350      0x220 cpu/arm920t/wmt/libwmt.a(dma.o)
                0x03fc8350                dma_device_cfg_table
 .data          0x03fc8570        0xc cpu/arm920t/wmt/libwmt.a(mmc.o)
                0x03fc8570                pSd_Reg
                0x03fc8574                pSd_PDma_Reg
                0x03fc8578                GpioReg
 .data          0x03fc857c        0x8 cpu/arm920t/wmt/libwmt.a(pcinet.o)
                0x03fc857c                g_IO_point
                0x03fc8580                g_Mem_point
 .data          0x03fc8584        0x0 cpu/arm920t/wmt/libwmt.a(gmii.o)
 .data          0x03fc8584        0x0 cpu/arm920t/wmt/libwmt.a(gmib.o)
 .data          0x03fc8584        0x0 cpu/arm920t/wmt/libwmt.a(galloct.o)
 .data          0x03fc8584        0x0 cpu/arm920t/wmt/libwmt.a(gmac.o)
 .data          0x03fc8584        0x0 cpu/arm920t/wmt/libwmt.a(gadapter.o)
 .data          0x03fc8584        0x0 cpu/arm920t/wmt/libwmt.a(mem.o)
 .data          0x03fc8584        0x0 cpu/arm920t/wmt/libwmt.a(vpci.o)
 .data          0x03fc8584        0x0 cpu/arm920t/wmt/libwmt.a(upcix.o)
 .data          0x03fc8584        0x0 cpu/arm920t/wmt/libwmt.a(gcard.o)
 .data          0x03fc8584        0x0 cpu/arm920t/wmt/libwmt.a(gisr.o)
 .data          0x03fc8584        0x0 cpu/arm920t/wmt/libwmt.a(tconvert.o)
 .data          0x03fc8584        0x0 cpu/arm920t/wmt/libwmt.a(tcrc.o)