Archive member included because of file (symbol)

board/wmt/libwmt.a(lowlevel_init.o)
                              cpu/arm920t/start.o (lowlevel_init)
cpu/arm920t/libarm920t.a(interrupts.o)
                              cpu/arm920t/start.o (do_undefined_instruction)
cpu/arm920t/wmt/libwmt.a(interrupts.o)
                              cpu/arm920t/libarm920t.a(interrupts.o) (reset_cpu)
lib_arm/libarm.a(board.o)     cpu/arm920t/start.o (start_armboot)
net/libnet.a(net.o)           lib_arm/libarm.a(board.o) (copy_filename)
net/libnet.a(tftp.o)          net/libnet.a(net.o) (TftpStart)
net/libnet.a(bootp.o)         net/libnet.a(net.o) (BootpRequest)
net/libnet.a(rarp.o)          net/libnet.a(net.o) (RarpRequest)
net/libnet.a(eth.o)           lib_arm/libarm.a(board.o) (eth_initialize)
net/libnet.a(nfs.o)           net/libnet.a(net.o) (NfsStart)
common/libcommon.a(main.o)    lib_arm/libarm.a(board.o) (main_loop)
common/libcommon.a(cmd_autoscript.o)
                              (__u_boot_cmd_autoscr)
common/libcommon.a(cmd_bdinfo.o)
                              (__u_boot_cmd_bdinfo)
common/libcommon.a(cmd_boot.o)
                              (__u_boot_cmd_go)
common/libcommon.a(cmd_bootm.o)
                              common/libcommon.a(main.o) (do_bootd)
common/libcommon.a(cmd_console.o)
                              (__u_boot_cmd_coninfo)
common/libcommon.a(cmd_fat.o)
                              (__u_boot_cmd_fatload)
common/libcommon.a(cmd_flash.o)
                              (__u_boot_cmd_flinfo)
common/libcommon.a(cmd_i2c.o)
                              (__u_boot_cmd_imd)
common/libcommon.a(cmd_ide.o)
                              common/libcommon.a(cmd_fat.o) (ide_get_dev)
common/libcommon.a(cmd_itest.o)
                              (__u_boot_cmd_itest)
common/libcommon.a(cmd_load.o)
                              (__u_boot_cmd_loads)
common/libcommon.a(cmd_mem.o)
                              common/libcommon.a(cmd_i2c.o) (cmd_get_data_size)
common/libcommon.a(cmd_mii.o)
                              (__u_boot_cmd_mii)
common/libcommon.a(cmd_misc.o)
                              (__u_boot_cmd_sleep)
common/libcommon.a(cmd_mmc.o)
                              (__u_boot_cmd_mmcinit)
common/libcommon.a(cmd_dma.o)
                              (__u_boot_cmd_dmacp)
common/libcommon.a(cmd_nand.o)
                              lib_arm/libarm.a(board.o) (nand_probe)
common/libcommon.a(cmd_net.o)
                              (__u_boot_cmd_bootp)
common/libcommon.a(cmd_nvedit.o)
                              net/libnet.a(net.o) (setenv)
common/libcommon.a(cmd_usb.o)
                              (__u_boot_cmd_usb)
common/libcommon.a(command.o)
                              common/libcommon.a(main.o) (find_cmd)
common/libcommon.a(console.o)
                              cpu/arm920t/libarm920t.a(interrupts.o) (printf)
common/libcommon.a(devices.o)
                              lib_arm/libarm.a(board.o) (devices_init)
common/libcommon.a(dlmalloc.o)
                              common/libcommon.a(cmd_autoscript.o) (free)
common/libcommon.a(env_common.o)
                              common/libcommon.a(cmd_nvedit.o) (env_crc_update)
common/libcommon.a(env_flash.o)
                              common/libcommon.a(env_common.o) (env_get_char_spec)
common/libcommon.a(exports.o)
                              lib_arm/libarm.a(board.o) (jumptable_init)
common/libcommon.a(wmt_cmd_display.o)
                              (__u_boot_cmd_display)
common/libcommon.a(minivgui.o)
                              common/libcommon.a(wmt_cmd_display.o) (mv_initPrimary)
common/libcommon.a(uboot-vpp.o)
                              common/libcommon.a(wmt_cmd_display.o) (wmt_graphic_init)
common/libcommon.a(cmd_mbit.o)
                              (__u_boot_cmd_mbit)
common/libcommon.a(cmd_textout.o)
                              common/libcommon.a(wmt_cmd_display.o) (text_x)
common/libcommon.a(env_parse.o)
                              common/libcommon.a(uboot-vpp.o) (parse_gpio_operation)
common/libcommon.a(flash.o)   common/libcommon.a(cmd_load.o) (addr2info)
common/libcommon.a(hush.o)    common/libcommon.a(main.o) (parse_string_outer)
common/libcommon.a(lists.o)   common/libcommon.a(devices.o) (ListCreate)
common/libcommon.a(miiphyutil.o)
                              net/libnet.a(eth.o) (miiphy_init)
common/libcommon.a(s_record.o)
                              common/libcommon.a(cmd_load.o) (srec_decode)
common/libcommon.a(usb.o)     common/libcommon.a(cmd_usb.o) (usb_string)
common/libcommon.a(usb_storage.o)
                              common/libcommon.a(cmd_fat.o) (usb_stor_get_dev)
common/libcommon.a(pwm.o)     common/libcommon.a(wmt_cmd_display.o) (pwm_set_control)
common/libcommon.a(wmt-ost.o)
                              common/libcommon.a(uboot-vpp.o) (wmt_delayus)
common/libcommon.a(govrh.o)   common/libcommon.a(wmt_cmd_display.o) (govrh_set_tg_enable)
[...]
Memory Configuration

Name             Origin             Length             Attributes
*default*        0x00000000         0xffffffff

Linker script and memory map

                0x00000000                . = 0x0
                0x00000000                . = ALIGN (0x4)

.text           0x03f80000    0x3e56c
 cpu/arm920t/start.o(.text)
 .text          0x03f80000      0x3a0 cpu/arm920t/start.o
                0x03f80000                _start
                0x03f80044                _armboot_start
                0x03f80048                _bss_start
                0x03f8004c                _bss_end
 *(.text)
 .text          0x03f803a0        0x8 board/wmt/libwmt.a(lowlevel_init.o)
                0x03f803a4                lowlevel_init
 .text          0x03f803a8      0x264 cpu/arm920t/libarm920t.a(interrupts.o)
                0x03f803a8                enable_interrupts
                0x03f803ac                disable_interrupts
                0x03f803b4                bad_mode
                0x03f803d0                show_regs
                0x03f80510                do_undefined_instruction
                0x03f80534                do_software_interrupt
                0x03f80558                do_prefetch_abort
                0x03f8057c                do_data_abort
                0x03f805a0                do_not_used
                0x03f805c4                do_fiq
                0x03f805e8                do_irq
 .text          0x03f8060c      0x22c cpu/arm920t/wmt/libwmt.a(interrupts.o)
                0x03f80640                set_timer
                0x03f80650                reset_timer_masked
                0x03f80670                reset_timer
                0x03f80674                interrupt_init
                0x03f806b8                get_timer_masked
                0x03f806ec                get_timer
                0x03f80700                udelay
                0x03f80768                udelay_masked
                0x03f807bc                get_ticks
                0x03f807d0                get_tbclk
                0x03f807dc                reset_cpu
 .text          0x03f80838      0x354 lib_arm/libarm.a(board.o)
                0x03f80904                nand_init
                0x03f80928                sbrk
                0x03f80960                raise
                0x03f80964                hang
                0x03f80978                start_armboot
 .text          0x03f80b8c     0x11d8 net/libnet.a(net.o)
                0x03f80c40                NetSetHandler
                0x03f80c50                NetSetTimeout
                0x03f80c80                NetStartAgain
                0x03f80cfc                NetSendPacket
                0x03f80d00                NetCksum
                0x03f80d34                NetCksumOk
                0x03f80d58                NetEthHdrSize
                0x03f80d9c                NetSetEther
                0x03f80e44                ArpRequest
                0x03f80f28                ArpTimeoutCheck
                0x03f80f9c                PingSend
                0x03f810c0                NetSetIP
                0x03f811a4                NetSendUDPPacket
                0x03f812dc                copy_filename
                0x03f81320                ip_to_string
                0x03f81364                string_to_ip
                0x03f813cc                VLAN_to_string
                0x03f81424                string_to_VLAN
                0x03f81470                print_IPaddr
                0x03f8148c                NetReceive
                0x03f81934                getenv_IPaddr
                0x03f81944                getenv_VLAN
                0x03f81954                NetLoop
 .text          0x03f81d64      0x5fc net/libnet.a(tftp.o)
                0x03f82168                TftpStart
 .text          0x03f82360      0x8f8 net/libnet.a(bootp.o)
                0x03f82a6c                BootpRequest
                0x03f82c54                DhcpRequest
 .text          0x03f82c58      0x198 net/libnet.a(rarp.o)
                0x03f82cb4                RarpRequest
 .text          0x03f82df0       0xcc net/libnet.a(eth.o)
                0x03f82df0                eth_parse_enetaddr
                0x03f82e44                eth_getenv_enetaddr
                0x03f82ea0                eth_initialize
 .text          0x03f82ebc      0xe14 net/libnet.a(nfs.o)
                0x03f83aa0                NfsStart
 .text          0x03f83cd0      0x93c common/libcommon.a(main.o)
                0x03f83dac                readline
                0x03f83fa0                run_command
                0x03f843d0                main_loop
                0x03f8458c                do_run
 .text          0x03f8460c      0x1b0 common/libcommon.a(cmd_autoscript.o)
                0x03f84614                autoscript
                0x03f8477c                do_autoscript
 .text          0x03f847bc       0xec common/libcommon.a(cmd_bdinfo.o)
                0x03f847d4                do_bdinfo
 .text          0x03f848a8       0x80 common/libcommon.a(cmd_boot.o)
                0x03f848a8                do_go
 .text          0x03f84928      0xa74 common/libcommon.a(cmd_bootm.o)
                0x03f84948                do_bootd
                0x03f8496c                print_image_hdr
                0x03f84ce0                do_iminfo
                0x03f84d40                gunzip
                0x03f84e8c                do_bootm
 .text          0x03f8539c       0xcc common/libcommon.a(cmd_console.o)
                0x03f8539c                do_coninfo
 .text          0x03f85468      0x558 common/libcommon.a(cmd_fat.o)
                0x03f85468                get_dev
                0x03f854f0                do_fat_fsinfo
                0x03f855c8                do_fat_ls
                0x03f856d0                do_fat_fsstore
                0x03f85840                do_fat_fsload
 .text          0x03f859c0      0xbc8 common/libcommon.a(cmd_flash.o)
                0x03f85e6c                do_flinfo
                0x03f85f18                flash_sect_erase
                0x03f86000                do_flerase
                0x03f861dc                flash_sect_protect
                0x03f862e0                do_protect
 .text          0x03f86588      0x930 common/libcommon.a(cmd_i2c.o)
                0x03f86590                do_i2c_loop
                0x03f866a4                do_i2c_probe
                0x03f866f4                do_i2c_md
                0x03f868dc                do_i2c_crc
                0x03f86a2c                do_i2c_reg_set
                0x03f86b2c                do_i2c_mw
                0x03f86e68                do_i2c_nm
                0x03f86e90                do_i2c_mm
 .text          0x03f86eb8      0xe3c common/libcommon.a(cmd_ide.o)
                0x03f86fc0                do_diskboot
                0x03f8744c                ide_read
                0x03f87634                ide_init
                0x03f877b4                ide_get_dev
                0x03f877c8                ide_write
                0x03f87930                do_ide
 .text          0x03f87cf4      0x2d0 common/libcommon.a(cmd_itest.o)
                0x03f87d58                binary_test
                0x03f87f18                do_itest
 .text          0x03f87fc4      0xb24 common/libcommon.a(cmd_load.o)
                0x03f88228                do_load_serial
                0x03f88304                send_pad
                0x03f88330                ktrans
                0x03f88350                chk1
                0x03f88378                s1_sendpacket
                0x03f8839c                send_ack
                0x03f883f8                send_nack
                0x03f88454                k_data_init
                0x03f88474                k_data_save
                0x03f884a0                k_data_restore
                0x03f884cc                k_data_char
                0x03f8851c                handle_send_packet
                0x03f886e0                do_load_serial_bin
 .text          0x03f88ae8      0xbe8 common/libcommon.a(cmd_mem.o)
                0x03f88ae8                do_mem_base
                0x03f88b28                do_mem_crc
                0x03f88c64                do_mem_mtest
                0x03f88d88                cmd_get_data_size
                0x03f88dd8                do_mem_loop
                0x03f88ed4                do_mem_cp
                0x03f890d4                do_mem_cmp
                0x03f89270                do_mem_mw
                0x03f89498                do_mem_nm
                0x03f894c0                do_mem_mm
                0x03f894e8                do_mem_md
 .text          0x03f896d0      0x78c common/libcommon.a(cmd_mii.o)
                0x03f89718                MII_dump_0_to_5
                0x03f899d8                do_mii
 .text          0x03f89e5c       0x90 common/libcommon.a(cmd_misc.o)
                0x03f89e5c                do_sleep
 .text          0x03f89eec      0x300 common/libcommon.a(cmd_mmc.o)
                0x03f89eec                do_mmc_write
                0x03f89fd0                do_mmc_read
                0x03f8a0b4                do_mmc
                0x03f8a150                do_mmc_wait_insert
 .text          0x03f8a1ec      0x1fc common/libcommon.a(cmd_dma.o)
                0x03f8a1ec                do_dma_cp
                0x03f8a3d0                free_dma_channels
 .text          0x03f8a3e8     0x4f1c common/libcommon.a(cmd_nand.o)
                0x03f8a3f0                isbbtbadblock
                0x03f8a448                update_bbt_inram
                0x03f8a540                WRITE_NAND_COMMAND
                0x03f8a558                nfc_ecc_set
                0x03f8a6ac                shift_bit
                0x03f8a6d4                NFC_WAIT_READY
                0x03f8a704                NAND_WAIT_READY
                0x03f8a74c                NFC_WAIT_CMD_READY
                0x03f8a77c                NAND_WAIT_IDLE
                0x03f8a7b8                check_block
                0x03f8a8c8                NanD_Address
                0x03f8aa58                nand_init_pdma
                0x03f8aa8c                nand_free_pdma
                0x03f8aaa8                nand_alloc_desc_pool
                0x03f8aac8                nand_init_short_desc
                0x03f8ab18                nand_init_long_desc
                0x03f8ab78                nand_config_pdma
                0x03f8abac                nfc_dma_cfg
                0x03f8ad08                nand_pdma_handler
                0x03f8adec                nand_read_page
                0x03f8af6c                NFC_CHECK_ECC
                0x03f8afd4                nfc_BCH_ecc_correct
                0x03f8b058                nfc_BCH_ecc_check
                0x03f8b150                nfc_BCH_read_page
                0x03f8b328                nfc_BCH_read_8kpage
                0x03f8b62c                nand_read_status
                0x03f8b6b0                wmt_nand_erase
                0x03f8b770                nand_page_program
                0x03f8b874                nand_page_program_random
                0x03f8ba24                nand_write_block
                0x03f8bc74                update_bbt_inflash
                0x03f8c004                nand_read_block
                0x03f8c0bc                creat_bbt
                0x03f8c2a8                nfc_1bit_ecc_correct
                0x03f8c424                nfc_1bit_read_page
                0x03f8c48c                wmt_nand_reset
                0x03f8c4dc                nand_readID
                0x03f8c55c                wmt_calc_clock
                0x03f8c8b0                wmt_get_timing
                0x03f8c95c                get_pattern_small
                0x03f8c9f0                get_pattern_large
                0x03f8cabc                WMT_check_pattern
                0x03f8cb64                find_bbt
                0x03f8cd50                nand_probe
                0x03f8d758                check_block_table
                0x03f8d83c                nand_erase
                0x03f8d974                WMTLoadImageFormNAND
                0x03f8daac                WMTSaveImageToNAND
                0x03f8dd1c                WMTEraseNAND
                0x03f8de84                tellme_whereistable
                0x03f8df28                tellme_badblock
                0x03f8dff4                nand_rw
                0x03f8e510                do_nandboot
                0x03f8e784                WMTEraseNANDALL
                0x03f8e854                tellme_nandinfo
                0x03f8e994                do_nand
 .text          0x03f8f304      0x374 common/libcommon.a(cmd_net.o)
                0x03f8f304                do_ping
                0x03f8f63c                do_nfs
                0x03f8f648                do_dhcp
                0x03f8f654                do_rarpb
                0x03f8f660                do_tftpb
                0x03f8f66c                do_bootp
 .text          0x03f8f678      0x858 common/libcommon.a(cmd_nvedit.o)
                0x03f8f6ec                do_saveenv
                0x03f8f718                do_printenv
                0x03f8f8c8                _do_setenv
                0x03f8fd28                do_setenv
                0x03f8fd64                setenv
                0x03f8fd94                getenv
                0x03f8fe14                getenv_r
 .text          0x03f8fed0     0x11b8 common/libcommon.a(cmd_usb.o)
                0x03f8fed8                do_usbboot
                0x03f90294                usb_get_class_desc
                0x03f90340                usb_display_class_sub
                0x03f904b4                usb_display_string
                0x03f904e8                usb_display_desc
                0x03f90630                usb_display_conf_desc
                0x03f906dc                usb_display_if_desc
                0x03f90764                usb_display_ep_desc
                0x03f90820                usb_display_config
                0x03f908b0                usb_show_tree_graph
                0x03f90bc4                usb_show_tree
                0x03f90bf4                do_usb
 .text          0x03f91088      0xcd8 common/libcommon.a(command.o)
                0x03f91088                do_echo
                0x03f91108                do_version
                0x03f91128                var_complete
                0x03f911b0                do_exit
                0x03f911e0                do_test
                0x03f91648                find_cmd
                0x03f916dc                do_help
                0x03f918b8                install_auto_complete
                0x03f918e4                cmd_auto_complete
 .text          0x03f91d60      0x57c common/libcommon.a(console.o)
                0x03f91e04                serial_printf
                0x03f91e48                fgetc
                0x03f91e74                ftstc
                0x03f91ea0                fputc
                0x03f91ec8                fputs
                0x03f91ef0                fprintf
                0x03f91f38                getc
                0x03f91f50                tstc
                0x03f91f68                putc
                0x03f91f84                puts
                0x03f91fa0                printf
                0x03f91fe4                vprintf
                0x03f92018                ctrlc
                0x03f92064                disable_ctrlc
                0x03f9207c                had_ctrlc
                0x03f9208c                clear_ctrlc
                0x03f920a0                dbg
                0x03f920ac                console_assign
                0x03f9213c                console_init_f
                0x03f9214c                console_init_r
 .text          0x03f922dc      0x104 common/libcommon.a(devices.o)
                0x03f922dc                device_register
                0x03f92300                devices_init
                0x03f923c4                devices_done
 .text          0x03f923e0      0xfd0 common/libcommon.a(dlmalloc.o)
                0x03f923e0                malloc_bin_reloc
                0x03f92420                malloc_trim
                0x03f924f0                free
                0x03f9271c                cfree
                0x03f92720                malloc
                0x03f92c9c                calloc
                0x03f92d78                memalign
                0x03f92e88                pvalloc
                0x03f92ea0                valloc
                0x03f92eac                realloc
                0x03f932fc                malloc_usable_size
                0x03f9333c                mallopt
 .text          0x03f933b0      0x270 common/libcommon.a(env_common.o)
                0x03f933b0                env_get_char_memory
                0x03f933f4                env_crc_update
                0x03f93420                env_get_addr
                0x03f93444                env_relocate
                0x03f934e4                env_complete
 .text          0x03f93620      0x3a0 common/libcommon.a(env_flash.o)
                0x03f93620                env_get_char_spec
                0x03f9362c                env_init
                0x03f93734                saveenv
                0x03f93880                env_relocate_spec
 .text          0x03f939c0       0xb4 common/libcommon.a(exports.o)
                0x03f939c4                get_version
                0x03f939cc                jumptable_init
 .text          0x03f93a74      0x46c common/libcommon.a(wmt_cmd_display.o)
                0x03f93b50                display_init
                0x03f93ca0                display_clear
 .text          0x03f93ee0      0x7d8 common/libcommon.a(minivgui.o)
                0x03f93f34                mv_initPrimary
                0x03f93fcc                mv_drawLine
                0x03f94068                mv_drawRect
                0x03f940d4                mv_fillRect
                0x03f94130                mv_loadBmp
                0x03f94520                mv_textOut
 .text          0x03f946b8      0x58c common/libcommon.a(uboot-vpp.o)
                0x03f946b8                uboot_vpp_alloc_framebuffer
                0x03f9476c                lcd_poweron_ctl
                0x03f94890                vpp_mod_init
                0x03f948a0                vpp_device_init
                0x03f948e0                wmt_graphic_init
 .text          0x03f94c44      0x120 common/libcommon.a(cmd_mbit.o)
                0x03f94c44                excute_reg_op
 .text          0x03f94d64      0x25c common/libcommon.a(cmd_textout.o)
                0x03f94de8                do_textout
 .text          0x03f94fc0      0x344 common/libcommon.a(env_parse.o)
                0x03f94fc0                parse_gpio_operation
                0x03f9508c                parse_pwm_params
 .text          0x03f95304      0x37c common/libcommon.a(flash.o)
                0x03f95304                flash_protect
                0x03f953d4                addr2info
                0x03f95444                flash_write
                0x03f955a0                flash_perror
 .text          0x03f95680     0x1bb8 common/libcommon.a(hush.o)
                0x03f95eec                simple_itoa
                0x03f95f48                new_pipe
                0x03f95ff4                reserved_word
                0x03f96294                mapset
                0x03f962b8                update_ifs_map
                0x03f96328                parse_string_outer
                0x03f9717c                parse_file_outer
                0x03f971c0                u_boot_hush_start
 .text          0x03f97238      0x3d0 common/libcommon.a(lists.o)
                0x03f97238                NewHandle
                0x03f97294                DisposeHandle
                0x03f972b4                GetHandleSize
                0x03f972bc                SetHandleSize
                0x03f97338                ListCreate
                0x03f97398                ListSetAllocationPolicy
                0x03f973ac                ListDispose
                0x03f973b0                ListInsertItems
                0x03f97574                ListInsertItem
                0x03f9757c                ListGetItems
                0x03f975b8                ListGetPtrToItem
                0x03f975e4                ListGetDataPtr
                0x03f975f0                ListGetItemSize
                0x03f975fc                ListNumItems
 .text          0x03f97608      0x518 common/libcommon.a(miiphyutil.o)
                0x03f97608                miiphy_init
                0x03f97624                miiphy_register
                0x03f97700                miiphy_set_current_dev
                0x03f9775c                miiphy_get_current_dev
                0x03f97774                miiphy_read
                0x03f97800                miiphy_write
                0x03f9788c                miiphy_listdev
                0x03f978f4                miiphy_info
                0x03f97980                miiphy_reset
                0x03f97a20                miiphy_speed
                0x03f97aa0                miiphy_duplex
 .text          0x03f97b20      0x2e0 common/libcommon.a(s_record.o)
                0x03f97b94                srec_decode
 .text          0x03f97e00     0x1dac common/libcommon.a(usb.o)
                0x03f97ed4                wait_ms
                0x03f97ef4                usb_disable_asynch
                0x03f97f14                usb_submit_int_msg
                0x03f97f18                usb_control_msg
                0x03f98058                usb_bulk_msg
                0x03f980e0                usb_maxpacket
                0x03f98144                usb_set_maxpacket
                0x03f981a8                usb_parse_config
                0x03f98314                usb_clear_halt
                0x03f98444                usb_get_descriptor
                0x03f984c8                usb_get_configuration_no
                0x03f9857c                usb_set_address
                0x03f985c0                usb_set_interface
                0x03f9869c                usb_set_configuration
                0x03f9873c                usb_set_protocol
                0x03f987b8                usb_set_idle
                0x03f98838                usb_get_report
                0x03f988c0                usb_get_class_descriptor
                0x03f98948                usb_get_string
                0x03f98ae8                usb_string
                0x03f98c30                usb_get_dev_index
                0x03f98c7c                usb_alloc_new_device
                0x03f98dc8                usb_get_hub_descriptor
                0x03f98e48                usb_clear_hub_feature
                0x03f98ebc                usb_clear_port_feature
                0x03f98f38                usb_set_port_feature
                0x03f99010                usb_get_hub_status
                0x03f99084                usb_get_port_status
                0x03f99104                usb_hub_reset
                0x03f99118                usb_stop
                0x03f99154                usb_hub_allocate
                0x03f99198                hub_port_reset
                0x03f99238                usb_new_device
                0x03f99600                usb_scan_devices
                0x03f996a8                usb_init
                0x03f99748                usb_hub_port_connect_change
                0x03f998cc                usb_hub_configure
                0x03f99b1c                usb_hub_probe
                0x03f99b78                portspeed
 .text          0x03f99bac     0x16a8 common/libcommon.a(usb_storage.o)
                0x03f99f9c                usb_stor_get_dev
                0x03f99fb0                usb_show_progress
                0x03f99fbc                usb_stor_read
                0x03f9a204                usb_stor_info
                0x03f9a26c                usb_stor_BBB_comdat
                0x03f9a36c                usb_stor_CB_comdat
                0x03f9a6b0                usb_stor_CBI_get_status
                0x03f9a780                usb_stor_CB_transport
                0x03f9a980                usb_stor_BBB_clear_endpt_stall
                0x03f9a9f4                usb_stor_BBB_transport
                0x03f9abd4                usb_storage_probe
                0x03f9ae08                usb_stor_get_info
                0x03f9b03c                usb_stor_scan
 .text          0x03f9b254      0x3c0 common/libcommon.a(pwm.o)
                0x03f9b254                lcd_blt_set_level
                0x03f9b258                lcd_blt_set_freq
                0x03f9b25c                pwm_set_control
                0x03f9b29c                pwm_set_scalar
                0x03f9b2d8                pwm_set_period
                0x03f9b314                pwm_set_duty
                0x03f9b350                pwm_get_period
                0x03f9b368                pwm_get_duty
                0x03f9b380                set_lcd_power
                0x03f9b40c                pwm_set_gpio
                0x03f9b4d8                pwm_set_enable
                0x03f9b534                lcd_blt_enable
                0x03f9b538                lcd_blt_set_pwm
 .text          0x03f9b614      0x184 common/libcommon.a(wmt-ost.o)
                0x03f9b614                wmt_write_ostc
                0x03f9b65c                wmt_init_ost
                0x03f9b6bc                wmt_read_ostc
                0x03f9b754                wmt_delayus
 .text          0x03f9b798     0x1e0c common/libcommon.a(govrh.o)
                0x03f9b798                govrh_set_data_format
                0x03f9b8b4                govrh_set_MIF_enable
                0x03f9b8cc                govrh_set_colorbar
                0x03f9b91c                govrh_set_fb_addr
                0x03f9b94c                govrh_get_color_format
                0x03f9b9c8                govrh_get_tg
                0x03f9bb64                govrh_get_fb_addr
                0x03f9bb94                govrh_get_int_status
                0x03f9bbb0                govrh_clean_int_status
                0x03f9bbc8                govrh_set_tg_enable
                0x03f9bc48                govrh_set_clock
                0x03f9bcd0                govrh_set_tg1
                0x03f9be18                govrh_set_tg
                0x03f9be4c                govrh_set_tg2
                0x03f9bf8c                govrh_set_int_enable
                0x03f9bfc4                govrh_set_dvo_enable
                0x03f9c038                govrh_set_dvo_sync_polar
                0x03f9c070                govrh_get_dvo_color_format
                0x03f9c0b8                govrh_set_csc_mode
                0x03f9c2f0                govrh_reg_dump
                0x03f9c9d8                govrh_set_dvo_color_format
                0x03f9ca5c                govrh_set_dvo_outdatw
                0x03f9cab8                govrh_set_dvo_clock_delay
                0x03f9caf4                govrh_set_vga_enable
                0x03f9cb4c                govrh_set_VGA_sync
                0x03f9cb8c                govrh_set_VGA_sync_polar
                0x03f9cbc4                govrh_DAC_set_sense_sel
                0x03f9cc24                govrh_DAC_set_sense_value
                0x03f9cc74                govrh_DAC_get_connect
                0x03f9cc9c                govrh_DAC_set_pwrdn
                0x03f9ccb4                govrh_DAC_monitor_sense
                0x03f9cd2c                govrh_set_contrast
                0x03f9cd78                govrh_get_contrast
                0x03f9cd8c                govrh_set_brightness
                0x03f9cda4                govrh_get_brightness
                0x03f9cdb8                govrh_set_source_format
                0x03f9cdec                govrh_set_output_format
                0x03f9ce04                govrh_set_fb_info
                0x03f9ce80                govrh_set_framebuffer
                0x03f9cee4                govrh_get_fb_info
                0x03f9cf60                govrh_set_fifo_index
                0x03f9cf78                govrh_set_reg_level
                0x03f9cfd4                govrh_set_reg_update
                0x03f9cfec                govrh_set_timing
                0x03f9d208                govrh_get_framebuffer
                0x03f9d258                govrh_set_media_format
                0x03f9d270                govrh_DISP_set_enable
                0x03f9d288                govrh_IGS_set_mode
                0x03f9d2e0                govrh_IGS_set_RGB_swap
                0x03f9d2f8                govrh_set_dual_disp
                0x03f9d320                govrh_init
                0x03f9d438                govrh_mod_init
 .text          0x03f9d5a4      0x234 common/libcommon.a(lcd.o)
                0x03f9d5a4                lcd_check_plugin
                0x03f9d5bc                lcd_config
                0x03f9d5c4                lcd_set_power_down
                0x03f9d5dc                lcd_panel_register
                0x03f9d608                lcd_get_parm
                0x03f9d638                lcd_init
                0x03f9d6cc                lcd_set_mode
                0x03f9d7ac                lcd_module_init
 .text          0x03f9d7d8      0x214 common/libcommon.a(lvds.o)
                0x03f9d7d8                lvds_set_power_down
                0x03f9d7f0                lvds_set_enable
                0x03f9d830                lvds_set_rgb_type
                0x03f9d848                lvds_get_colfmt
                0x03f9d850                lvds_reg_dump
                0x03f9d948                lvds_init
 .text          0x03f9d9ec     0x1940 common/libcommon.a(vpp.o)
                0x03f9d9ec                vpp_get_chipid
                0x03f9d9fc                vpp_cache_sync
                0x03f9da08                vpp_set_dbg_gpio
                0x03f9dad0                vpp_check_dbg_level
                0x03f9db14                vpp_mod_unregister
                0x03f9db64                vpp_mod_register
                0x03f9dc18                vpp_mod_get_base
                0x03f9dc34                vpp_mod_get_fb_base
                0x03f9dc48                vpp_mod_get_framebuf
                0x03f9dc5c                vpp_clr_framebuf
                0x03f9dc94                vpp_get_fb_field
                0x03f9dca0                vpp_get_base_clock
                0x03f9dcc0                vpp_calculate_diff
                0x03f9dcd0                vpp_calculate_clock
                0x03f9dfc0                vpp_check_value
                0x03f9dfe0                vpp_show_timing
                0x03f9e0a8                vpp_show_framebuf
                0x03f9e148                vpp_show_view
                0x03f9e1bc                vpp_trans_timing
                0x03f9e328                vpp_mod_set_timing
                0x03f9e3bc                vpp_check_csc_mode
                0x03f9e404                vpp_set_vout_resolution
                0x03f9e43c                vpp_get_gcd
                0x03f9e454                vpp_check_scale_ratio
                0x03f9e5a0                vpp_calculate_scale_ratio
                0x03f9e770                vpp_check_bilinear_arg
                0x03f9e838                vpp_get_video_mode_fps
                0x03f9e8dc                vpp_get_video_mode
                0x03f9ea98                vpp_get_video_mode_ext
                0x03f9eac4                vpp_set_video_mode
                0x03f9eae0                vpp_set_video_quality
                0x03f9eae4                vpp_calculate_y_crop
                0x03f9eaf4                vpp_calculate_c_crop
                0x03f9eb60                vpp_set_vppm_int_enable
                0x03f9eb64                vpp_reg_dump
                0x03f9ebd8                vpp_convert_colfmt
                0x03f9ed78                vpp_set_power_mgr
                0x03f9ed7c                vpp_backup_reg
                0x03f9edcc                vpp_restore_reg
                0x03f9ee0c                vpp_backup_reg2
                0x03f9ee38                vpp_restore_reg2
                0x03f9ee68                vpp_init
                0x03f9f0cc                vpp_config
 .text          0x03f9f32c     0x16c8 common/libcommon.a(disp.o)
                0x03f9f32c                disp_set_colorbar
                0x03f9f344                disp_set_enable
                0x03f9f3d8                disp_reg_dump
                0x03f9f944                disp_set_field
                0x03f9f95c                disp_set_clamping
                0x03f9f974                disp_get_cur_field
                0x03f9f998                disp_EXTTV_set_enable
                0x03f9f9d4                disp_VGA_set_polar
                0x03f9fa0c                disp_DAC_set_pwrdn
                0x03f9fa74                disp_init
                0x03f9fc6c                disp_DAC_sense
                0x03f9feb8                disp_patch
                0x03fa00d8                disp_set_mode
                0x03fa08f4                disp_set_tvsys
                0x03fa090c                disp_set_tvconn
                0x03fa0928                disp_get_color_format
                0x03fa0958                disp_mod_init
 .text          0x03fa09f4       0xa4 common/libcommon.a(disp-attr.o)
                0x03fa09f4                disp_get_attribute
                0x03fa0a08                disp_get_timing
 .text          0x03fa0a98      0x760 common/libcommon.a(vppm.o)
                0x03fa0a98                vppm_get_int_status
                0x03fa0b20                vppm_reg_dump
                0x03fa0ea8                vppm_clean_int_status
                0x03fa0f34                vppm_set_int_enable
                0x03fa0ff0                vppm_get_int_enable
                0x03fa1090                vppm_set_module_reset
                0x03fa111c                vppm_init
                0x03fa113c                vppm_set_DAC_select
                0x03fa1178                vppm_mod_init
 .text          0x03fa11f8     0x1bf4 common/libcommon.a(hdmi.o)
                0x03fa11f8                hdmi_reg32_write
                0x03fa1250                hdmi_ecc
                0x03fa1350                hdmi_checksum
                0x03fa139c                hdmi_set_enable
                0x03fa13cc                hdmi_set_dvi_enable
                0x03fa13e4                hdmi_set_sync_low_active
                0x03fa141c                hdmi_set_output_colfmt
                0x03fa1470                hdmi_get_output_colfmt
                0x03fa14a8                hdmi_get_plugin
                0x03fa14bc                hdmi_get_plug_status
                0x03fa14d4                hdmi_clear_plug_status
                0x03fa1508                hdmi_enable_plugin
                0x03fa1540                hdmi_write_fifo
                0x03fa15bc                hdmi_read_fifo
                0x03fa1628                hdmi_DDC_check_status
                0x03fa16dc                hdmi_DDC_set_freq
                0x03fa1710                hdmi_DDC_reset
                0x03fa174c                hdmi_DDC_read_func
                0x03fa19f8                hdmi_DDC_read
                0x03fa1a50                hdmi_audio_enable
                0x03fa1a68                hdmi_audio_mute
                0x03fa1a80                hdmi_write_packet
                0x03fa1b3c                hdmi_tx_null_packet
                0x03fa1b4c                hdmi_tx_general_control_packet
                0x03fa1b90                hdmi_get_pic_aspect
                0x03fa1bb0                hdmi_tx_avi_infoframe_packet
                0x03fa1c6c                hdmi_tx_audio_infoframe_packet
                0x03fa1cdc                hdmi_tx_vendor_specific_infoframe_packet
                0x03fa1d8c                hdmi_set_audio_n_cts
                0x03fa1e38                hdmi_config_audio
                0x03fa2018                hdmi_config_video
                0x03fa2038                hdmi_set_option
                0x03fa20c4                hdmi_config
                0x03fa2248                hdmi_set_cp_enable
                0x03fa2280                hdmi_poll_cp_status
                0x03fa22a4                hdmi_check_cp_int
                0x03fa22c8                hdmi_get_bksv
                0x03fa22ec                hdmi_check_plugin
                0x03fa2370                hdmi_reg_dump
                0x03fa2c08                hdmi_set_cypher
                0x03fa2c4c                hdmi_init
 .text          0x03fa2dec     0x2098 common/libcommon.a(vout-wmt.o)
                0x03fa4300                vo_i2c_proc
                0x03fa4444                vout_set_int_type
                0x03fa4474                vo_vga_plug_detect
                0x03fa459c                vo_set_lcd_id
                0x03fa45ac                vo_get_lcd_id
                0x03fa45bc                vo_res_to_tvsys
                0x03fa4600                vo_tvsys_to_res
                0x03fa46c0                vo_sda_plug_detect
                0x03fa47e4                vo_hdmi_cp_set_enable_tmr
                0x03fa494c                vout_extdev_probe
                0x03fa4a24                vout_intdev_probe
                0x03fa4ac4                vout_init
                0x03fa4e64                vout_exit
 .text          0x03fa4e84       0x28 common/libcommon.a(lcd-oem.o)
                0x03fa4e84                lcd_oem_get_parm
                0x03fa4e9c                lcd_oem_init
 .text          0x03fa4eac       0x28 common/libcommon.a(lcd-AUO-A080SN01.o)
                0x03fa4eac                lcd_a080sn01_get_parm
                0x03fa4ec4                lcd_a080sn01_init
 .text          0x03fa4ed4       0x24 common/libcommon.a(lcd-INNOLUX-AT070TN83.o)
                0x03fa4edc                lcd_at070tn83_get_parm
                0x03fa4ee8                lcd_at070tn83_init
 .text          0x03fa4ef8       0x3c common/libcommon.a(lcd-CHILIN-LW700at9003.o)
                0x03fa4ef8                lcd_lw700at9003_get_parm
                0x03fa4f24                lcd_lw700at9003_init
 .text          0x03fa4f34       0x34 common/libcommon.a(lcd-EKING-EK08009-70135.o)
                0x03fa4f34                lcd_ek08009_get_parm
                0x03fa4f58                lcd_ek08009_init
 .text          0x03fa4f68       0x34 common/libcommon.a(lcd-HANNSTAR-HSD101PFW2.o)
                0x03fa4f68                lcd_HSD101PFW2_get_parm
                0x03fa4f8c                lcd_HSD101PFW2_init
 .text          0x03fa4f9c      0x1fc common/libcommon.a(vt1632.o)
                0x03fa4f9c                vt1632_config
                0x03fa4fa4                vt1632_get_edid
                0x03fa4fac                vt1632_set_power_down
                0x03fa5008                vt1632_set_mode
                0x03fa5074                vt1632_init
                0x03fa5104                vt1632_check_plugin
                0x03fa5180                vt1632_module_init
 .text          0x03fa5198      0xf1c common/libcommon.a(sil902x.o)
                0x03fa51b4                sil902x_set_power_down
                0x03fa51b8                sil902x_set_mode
                0x03fa527c                ReadModifyWrite
                0x03fa52ac                sil902x_CP_check_supported
                0x03fa531c                sil902x_CP_check_AKSV
                0x03fa536c                sil902x_CP_get_bksv
                0x03fa5394                sil902x_CP_init
                0x03fa53e4                sil902x_CP_enable
                0x03fa5438                sil902x_TMDS_enable
                0x03fa5454                sil902x_CP_restart
                0x03fa5474                sil902x_CP_check_status
                0x03fa5558                sil902x_poll
                0x03fa55c4                sil902x_enable_access
                0x03fa561c                sil902x_do_read_edid
                0x03fa570c                sil902x_read_edid
                0x03fa5770                sil902x_get_vmode
                0x03fa5960                sil902x_get_audio
                0x03fa5a38                sil902x_set_audio
                0x03fa5a8c                sil902x_active
                0x03fa5cf0                sil902x_config
                0x03fa5d10                sil902x_set_power_mode
                0x03fa5de0                sil902x_check_plugin
                0x03fa5e8c                sil902x_interrupt
                0x03fa5f50                sil902x_set_interrupt
                0x03fa5f7c                sil902x_init
                0x03fa5fbc                sil902x_clr_interrupt
                0x03fa5fdc                sil902x_mute_audio
                0x03fa609c                sil902x_module_init
 .text          0x03fa60b4      0x32c common/libcommon.a(vpp-osif.o)
                0x03fa60b4                inl
                0x03fa60bc                outl
                0x03fa60c4                vppif_reg8_in
                0x03fa60cc                vppif_reg8_out
                0x03fa60d8                vppif_reg16_in
                0x03fa60e0                vppif_reg16_out
                0x03fa60ec                vppif_reg32_in
                0x03fa60f0                vppif_reg32_out
                0x03fa6110                vppif_reg32_write
                0x03fa6148                vppif_reg32_read
                0x03fa6164                vppif_reg32_mask
                0x03fa616c                vpp_request_irq
                0x03fa6174                vpp_free_irq
                0x03fa6178                wmt_getsyspara
                0x03fa61d0                vpp_parse_param
                0x03fa6258                vpp_lock
                0x03fa625c                vpp_unlock
                0x03fa6260                vpp_i2c_write
                0x03fa62b8                vpp_i2c_read
                0x03fa6314                vpp_i2c_enhanced_ddc_read
                0x03fa63d4                DelayMS
 .text          0x03fa63e0      0x9e0 common/libcommon.a(vout.o)
                0x03fa63e0                vout_change_status
                0x03fa648c                vout_op
                0x03fa64d4                vout_control
                0x03fa6574                vout_set_blank
                0x03fa6584                vout_set_mode
                0x03fa6678                vout_suspend
                0x03fa6684                vout_resume
                0x03fa6690                vout_chkplug
                0x03fa66b0                vout_get_edid
                0x03fa6744                vout_register
                0x03fa67a8                vout_unregister
                0x03fa67e8                vout_get_info
                0x03fa67f8                vout_device_register
                0x03fa6838                vout_get_device
                0x03fa6850                vout_find_video_mode
                0x03fa6a70                vout_config
                0x03fa6c94                vout_check_ratio_16_9
                0x03fa6cb4                vout_find_edid_support_mode
 .text          0x03fa6dc0      0x778 common/libcommon.a(sw_i2c.o)
                0x03fa6dc8                wmt_swi2c_lock
                0x03fa6dcc                wmt_swi2c_delay
                0x03fa6dd0                wmt_swi2c_SetSDAInput
                0x03fa6e0c                wmt_swi2c_SetSDAOutput
                0x03fa6e48                wmt_swi2c_GetSDA
                0x03fa6e70                wmt_swi2c_GetSCL
                0x03fa6e98                wmt_swi2c_SetSDA
                0x03fa6f40                wmt_swi2c_SetSCL
                0x03fa6fe8                wmt_swi2c_SetData
                0x03fa702c                wmt_swi2c_SetClock
                0x03fa707c                wmt_swi2c_StartI2C
                0x03fa70d8                wmt_swi2c_StopI2C
                0x03fa7130                wmt_swi2c_WriteAck
                0x03fa71b4                wmt_swi2c_ReadAck
                0x03fa7280                wmt_swi2c_tx
                0x03fa72dc                wmt_swi2c_rx
                0x03fa7344                wmt_swi2c_reg_bk
                0x03fa73b0                wmt_swi2c_read
                0x03fa7484                wmt_swi2c_write
                0x03fa7530                wmt_swi2c_check
 .text          0x03fa7538      0xcc8 common/libcommon.a(parse-edid.o)
                0x03fa7574                edid_dump
                0x03fa75d4                edid_checksum
                0x03fa7600                edid_parse_v1
                0x03fa7a9c                edid_parse_CEA
                0x03fa7d74                edid_parse
                0x03fa7e24                edid_find_support
                0x03fa8054                edid_parse_option
                0x03fa81a0                edid_check_block
                0x03fa81f0                edid_get_hdmi_phy_addr
 .text          0x03fa8200      0x104 lib_generic/libgeneric.a(crc32.o)
                0x03fa8200                crc32
 .text          0x03fa8304        0x0 lib_generic/libgeneric.a(ctype.o)
 .text          0x03fa8304       0xc0 lib_generic/libgeneric.a(display_options.o)
                0x03fa8304                display_options
                0x03fa8324                print_size
 .text          0x03fa83c4      0x584 lib_generic/libgeneric.a(string.o)
                0x03fa83e0                strnicmp
                0x03fa8454                strcpy
                0x03fa846c                strncpy
                0x03fa848c                strcat
                0x03fa84b8                strncat
                0x03fa8500                strcmp
                0x03fa8528                strncmp
                0x03fa8564                strchr
                0x03fa8598                strlen
                0x03fa85b4                strrchr
                0x03fa85f0                strnlen
                0x03fa8614                strdup
                0x03fa8648                strspn
                0x03fa8688                strpbrk
                0x03fa86c4                strtok
                0x03fa873c                strsep
                0x03fa8770                strswab
                0x03fa87bc                memset
                0x03fa87d4                bcopy
                0x03fa87f4                memcpy
                0x03fa8810                memmove
                0x03fa8854                memcmp
                0x03fa888c                memscan
                0x03fa88b4                strstr
                0x03fa8914                memchr
 .text          0x03fa8948      0x860 lib_generic/libgeneric.a(vsprintf.o)
                0x03fa8ba4                simple_strtoul
                0x03fa8c5c                simple_strtol
                0x03fa8c84                simple_strtoull
                0x03fa8d6c                vsprintf
                0x03fa9138                sprintf
                0x03fa915c                panic
 .text          0x03fa91a8     0x2b7c lib_generic/libgeneric.a(zlib.o)
                0x03fa9a68                adler32
                0x03fa9d44                inflateReset
                0x03fa9da0                inflateEnd
                0x03fa9e34                inflateInit2
                0x03fa9f84                inflateInit
                0x03fa9f8c                inflate
                0x03fabb00                inflateIncomp
                0x03fabc2c                inflateSync
 .text          0x03fabd24       0x50 board/wmt/libwmt.a(wmt.o)
                0x03fabd24                board_init
                0x03fabd4c                misc_init_r
                0x03fabd54                dram_init
                0x03fabd70                __aeabi_unwind_cpp_pr0
 .text          0x03fabd74      0x468 board/wmt/libwmt.a(flash.o)
                0x03fabd74                get_boot_flash_type
                0x03fabe1c                get_boot_nor_flash_bit_type
                0x03fabe50                get_boot_nand_flash_bit_type
                0x03fabea0                flash_init
                0x03fac0d4                flash_print_info
                0x03fac120                flash_erase
                0x03fac174                write_buff
 .text          0x03fac1dc       0x24 board/wmt/libwmt.a(main.o)
                0x03fac1dc                wmt_post
 .text          0x03fac200      0x6c8 board/wmt/libwmt.a(spi_flash.o)
                0x03fac2cc                spi_flash_init
                0x03fac5cc                spi_flash_print_info
                0x03fac684                spi_flash_erase
                0x03fac86c                spi_write_buff
 .text          0x03fac8c8       0x1c board/wmt/libwmt.a(nand_flash.o)
                0x03fac8c8                nand_flash_init
                0x03fac8d0                nand_flash_print_info
                0x03fac8d4                nand_flash_erase
                0x03fac8dc                nand_write_buff
 .text          0x03fac8e4      0xd1c board/wmt/libwmt.a(nor_flash_8bit.o)
                0x03fac920                nor_flash_8b_init
                0x03facdf8                nor_flash_8b_print_info
                0x03fad0e0                nor_flash_8b_erase
                0x03fad354                nor_flash_8b_write_buff
 .text          0x03fad600     0x115c board/wmt/libwmt.a(nor_flash_16bit.o)
                0x03fad630                nor_flash_16b_init
                0x03fadf4c                nor_flash_16b_print_info
                0x03fae190                nor_flash_16b_erase
                0x03fae408                nor_flash_16b_write_buff
 .text          0x03fae75c      0xffc board/wmt/libwmt.a(wmt_clk.o)
                0x03faeaf4                auto_pll_divisor
                0x03faf4fc                manu_pll_divisor
 .text          0x03faf758     0x120c board/wmt/libwmt.a(ehci-hcd.o)
                0x03faf8b4                ehci_submit_root
                0x03fafda0                ehci_hcd_init
                0x03fafdc4                ehci_hcd_stop
                0x03fafdd4                usb_lowlevel_stop
                0x03fafdd8                strtochar
                0x03fafe00                ehci_config_port_owner
                0x03faff9c                ehci_disable_port_owner
                0x03fb0020                ehci_detect_device
                0x03fb00e8                ehci_enable_port
                0x03fb01d0                usb_ehci_initial
                0x03fb0200                submit_int_msg
                0x03fb0208                usb_check_td
                0x03fb0250                usb_check_bulk_td
                0x03fb06b0                submit_control_msg
                0x03fb06e0                submit_bulk_msg
                0x03fb0714                parse_usb_param
                0x03fb07c8                usb_lowlevel_init
 .text          0x03fb0964     0x17a8 board/wmt/libwmt.a(usb_uhci.o)
                0x03fb0a40                usb_fill_td
                0x03fb0adc                usb_fill_qh
                0x03fb0b2c                usb_uhci_td_stat
                0x03fb0b80                usb_get_td_status
                0x03fb0cec                submit_uhci_control_msg
                0x03fb0e8c                submit_uhci_bulk_msg
                0x03fb1064                uhci_alloc_int_td
                0x03fb10a4                submit_uhci_int_msg
                0x03fb11e8                reset_hc
                0x03fb1228                start_hc
                0x03fb13ac                reset_hc2
                0x03fb13ec                start_hc2
                0x03fb155c                usb_init_skel
                0x03fb169c                usb_check_skel
                0x03fb1704                usb_check_int_chain
                0x03fb18c4                handle_usb_interrupt
                0x03fb1920                uhci_lowlevel_init
                0x03fb19d4                uhci_lowlevel_stop
                0x03fb1a08                uhci_submit_rh_msg
 .text          0x03fb210c      0x6a0 board/wmt/libwmt.a(wmt_i2c.o)
                0x03fb216c                i2c_init
                0x03fb2260                i2c_transfer
                0x03fb2614                i2c_probe
                0x03fb261c                i2c_read
                0x03fb26b8                i2c_write
                0x03fb276c                i2c_reg_read
                0x03fb278c                i2c_reg_write
 .text          0x03fb27ac      0x664 board/wmt/libwmt.a(wmt_i2c_1.o)
                0x03fb280c                i2c1_init
                0x03fb28c4                i2c1_transfer
                0x03fb2c78                i2c1_probe
                0x03fb2c80                i2c1_read
                0x03fb2d1c                i2c1_write
                0x03fb2dd0                i2c1_reg_read
                0x03fb2df0                i2c1_reg_write
 .text          0x03fb2e10       0xd4 cpu/arm920t/libarm920t.a(cpu.o)
                0x03fb2e4c                cpu_init
                0x03fb2e54                cleanup_before_linux
                0x03fb2e7c                do_reset
                0x03fb2e94                icache_enable
                0x03fb2eb0                icache_disable
                0x03fb2ecc                icache_status
 .text          0x03fb2ee4      0x190 cpu/arm920t/wmt/libwmt.a(serial.o)
                0x03fb2ee4                serial_putc
                0x03fb2f14                serial_puts
                0x03fb2f34                serial_getc
                0x03fb2f58                serial_tstc
                0x03fb2f78                serial_setbrg
                0x03fb3048                serial_init
 .text          0x03fb3074       0x38 cpu/arm920t/wmt/libwmt.a(ether.o)
                0x03fb3074                eth_init
                0x03fb3078                eth_send
                0x03fb307c                eth_rx
                0x03fb3080                eth_halt
                0x03fb3084                wmt_miiphy_read
                0x03fb3094                wmt_miiphy_write
                0x03fb30a4                wmt_miiphy_initialize
 .text          0x03fb30ac      0x6b4 cpu/arm920t/wmt/libwmt.a(gmacif.o)
                0x03fb30ac                gmac_startio
                0x03fb3500                gmac_send
                0x03fb3634                gmac_receive
                0x03fb3704                gmac_halt
                0x03fb3728                mii_read
                0x03fb3744                mii_write
 .text          0x03fb3760      0xca0 cpu/arm920t/wmt/libwmt.a(dma.o)
                0x03fb3760                disable_dma
                0x03fb377c                enable_dma
                0x03fb37b0                request_dma
                0x03fb38b4                clear_dma
                0x03fb3924                free_dma
                0x03fb39ac                setup_dma
                0x03fb3ac0                dma_busy
                0x03fb3b18                dma_complete
                0x03fb3b70                handle_dma_irq
                0x03fb3bd0                prepare_dma_descript
                0x03fb3c60                start_dma
                0x03fb3d60                prepare_dma_long_descript
                0x03fb3da8                wake_dma_channel
                0x03fb3dc8                add_descript
                0x03fb3e34                init_descriptstack
                0x03fb3ee8                reset_descriptstack
                0x03fb3f28                free_descriptstack
                0x03fb3f4c                init_dma
                0x03fb40bc                set_descript
                0x03fb426c                handle_transfer
 .text          0x03fb4400     0x2dac cpu/arm920t/wmt/libwmt.a(mmc.o)
                0x03fb4400                Change_SD_host
                0x03fb451c                SD_Init_PDMA
                0x03fb4550                sd_init_long_desc
                0x03fb45ac                sd_pdma_handler
                0x03fb467c                sd_free_pdma
                0x03fb4698                card_nop
                0x03fb469c                sd_command
                0x03fb47ac                sd_send_scr
                0x03fb4824                sd_app_command
                0x03fb48bc                sd_alloc_desc_pool
                0x03fb48c4                sd_init_short_desc
                0x03fb48fc                sd_init_short_desc_with_end
                0x03fb4924                sd_config_desc
                0x03fb4964                sd_dump_memory
                0x03fb4968                sd_config_pdma
                0x03fb49a8                sdmmcSwitch
                0x03fb4b54                sdmmcSendExCSD
                0x03fb4c20                SD_Init
                0x03fb5878                SD_Initialization
                0x03fb58e4                mmc_get_dev
                0x03fb591c                mmc_block_read_singleblock
                0x03fb5a04                mmc_block_read_multiblock
                0x03fb5c9c                mmc_bread
                0x03fb5d2c                mmc_block_write_singleblock
                0x03fb5e7c                mmc_block_write_multiblock
                0x03fb6130                mmc_bwrite
                0x03fb61c8                mmc_read
                0x03fb6268                mmc_write
                0x03fb6270                sd_set_clock
                0x03fb6778                mmc_ident
                0x03fb6780                mmc2info
                0x03fb6794                get_chip_version
                0x03fb684c                SD_Controller_Powerup
                0x03fb6eec                mmc_init
                0x03fb7150                SD_card_inserted
 .text          0x03fb71ac      0x4d4 cpu/arm920t/wmt/libwmt.a(pcinet.o)
                0x03fb71ac                NPCIbIsRegBitsOn
                0x03fb71dc                NPCIbIsRegBitsOff
                0x03fb7208                NPCIvRegBitsOn
                0x03fb7240                NPCIvRegBitsOff
                0x03fb7278                NPCIvReadManyConfigSpace
                0x03fb728c                NPCIvReadRevisionId
                0x03fb7298                NPCIbReadDeviceInfo
                0x03fb737c                NPCIvInitialize
                0x03fb73ac                NPCIbPCIAlloc
                0x03fb75f8                pciconfigurationdump
 .text          0x03fb7680      0x948 cpu/arm920t/wmt/libwmt.a(gmii.o)
                0x03fb7680                GMIIbReadEmbeded
                0x03fb76f8                GMIIbWriteEmbeded
                0x03fb776c                GMIIbIsRegBitsOn
                0x03fb779c                GMIIbIsRegBitsOff
                0x03fb77c8                GMIIbReadAllRegs
                0x03fb7810                GMIIvWaitForNwayCompleted
                0x03fb7874                GMIIvSetLoopbackMode
                0x03fb79cc                GMIIvSetDuplexMode
                0x03fb7a64                GMIIvSetSpeedMode
                0x03fb7b90                GMIIbIsAutoNegotiationOn
                0x03fb7b9c                GMIIbSafeSoftwareReset
                0x03fb7bf8                GMIIvScanAllPhy
                0x03fb7cbc                GMIIvSetActiveForcedPhy
                0x03fb7d80                GMIIbSetActiveLinkedPhy
                0x03fb7ed0                GMIIvInitialize
 .text          0x03fb7fc8      0x864 cpu/arm920t/wmt/libwmt.a(gmib.o)
                0x03fb7fc8                GSTAvClearAllCounter
                0x03fb7fd4                GSTAvClearAllSwMibCounter
                0x03fb7ff0                GSTAvUpdateEsrStatCounter
                0x03fb8088                GSTAvUpdateIsrStatCounter
                0x03fb8254                GSTAvUpdateRDStatCounter
                0x03fb8404                GSTAvUpdateRDStatCounterEx
                0x03fb8454                GSTAvUpdateTDStatCounter
                0x03fb85d0                GSTAvUpdateTDStatCounterEx
                0x03fb8604                GSTAvUpdateTDStatCounterTq0
                0x03fb8770                GSTAvClearHWMIBCounter
                0x03fb87ac                GSTAvEnableHWMIBCounter
                0x03fb87bc                GSTAvDisableHWMIBCounter
                0x03fb87cc                GSTAvUpdateHWMIBCounter
 .text          0x03fb882c      0x47c cpu/arm920t/wmt/libwmt.a(galloct.o)
                0x03fb882c                GMEMvAllocate
                0x03fb8848                GMEMvAllocateShared
                0x03fb8874                GALCbAllocateRdrMemory
                0x03fb88fc                GALCbAllocateTdSegMemory
                0x03fb8968                GALCbAllocateTdrMemory
                0x03fb89c4                GALCvChainRdrMemory
                0x03fb8a34                dumprd
                0x03fb8a38                GALCvChainTdrMemory
                0x03fb8b28                dumptd
                0x03fb8b74                GALCvFreeRdrMemory
                0x03fb8b98                GALCvFreeTdrMemory
                0x03fb8bd4                GALCvFreeTdSegMemory
                0x03fb8c38                GALCvSetAllRdOwnerToMac
                0x03fb8c6c                GALCvSetAllTdOwnerToMac
                0x03fb8ca0                GALCvSetDefaultRD
                0x03fb8ca4                GALCvSetDefaultTD
 .text          0x03fb8ca8      0xe7c cpu/arm920t/wmt/libwmt.a(gmac.o)
                0x03fb8ca8                GMACvReadAllRegs
                0x03fb8d40                GMACbIsRegBitsOn
                0x03fb8d58                GMACbIsRegBitsOff
                0x03fb8d6c                GMACbyReadEECSR
                0x03fb8d74                GMACbyReadMIICR
                0x03fb8d7c                GMACvWriteMIICR
                0x03fb8d84                GMACbyReadMultiAddr
                0x03fb8d90                GMACvWriteMultiAddr
                0x03fb8d9c                GMACbIsIntDisable
                0x03fb8dac                GMACvSetMultiAddrByHash
                0x03fb8df4                GMACvResetMultiAddrByHash
                0x03fb8e3c                GMACbyGetBootRomSize
                0x03fb8e48                GMACvSetPhyId
                0x03fb8e60                GMACbyGetPhyId
                0x03fb8e6c                GMACvSetRxThreshold
                0x03fb8e80                GMACvGetRxThreshold
                0x03fb8e94                GMACvSetDmaLength
                0x03fb8ea8                GMACvGetDmaLength
                0x03fb8eb8                GMACvSetLoopbackMode
                0x03fb8ecc                GMACbIsInLoopbackMode
                0x03fb8edc                GMACbIsIn1GMode
                0x03fb8f14                GMACbIsIn100MMode
                0x03fb8f84                GMACbIsInFullDuplexMode
                0x03fb8f90                GMACbIsCableLinkOk
                0x03fb8f9c                GMACvDisableMiiAutoPoll
                0x03fb8fdc                GMACvEnableMiiAutoPoll
                0x03fb9050                GMACvSetPacketFilter
                0x03fb90c4                GMACvSaveContext
                0x03fb9170                GMACvRestoreContext
                0x03fb9224                GMACvTimer0MiniSDelay
                0x03fb9280                GMACvWriteEECSR
                0x03fb9290                GMACvTimer0MicroSDelay
                0x03fb92ec                GMACbSoftwareReset
                0x03fb935c                GMACbSafeSoftwareReset
                0x03fb93a0                GMACbSafeRxOff
                0x03fb9408                GMACbSafeTxOff
                0x03fb9474                GMACbStop
                0x03fb94c4                GMACbSafeStop
                0x03fb9504                GMACbShutdown
                0x03fb9534                GMACiWriteVee
                0x03fb9550                GMACLoadVEE
                0x03fb9678                GMACvInitialize
                0x03fb977c                GMACvSetVCAM
                0x03fb97d4                GMACvSetMCAM
                0x03fb9838                GMACvGetVCAM
                0x03fb9898                GMACvGetMCAM
                0x03fb9900                GMACvSetVCAMMask
                0x03fb9930                GMACvSetMCAMMask
                0x03fb9960                GMACvGetVCAMMask
                0x03fb9990                GMACvGetMCAMMask
                0x03fb99c4                GMACvSetVCAMMaskByBR
                0x03fb9a04                GMACvSetMCAMMaskByBR
                0x03fb9a40                GMACvGetVCAMMaskByBR
                0x03fb9a7c                GMACvGetMCAMMaskByBR
                0x03fb9ab4                GMACvSetTqIndex
                0x03fb9af4                dumpmac
 .text          0x03fb9b24      0x8cc cpu/arm920t/wmt/libwmt.a(gadapter.o)
                0x03fb9d68                GADPuInitAll
                0x03fb9ec8                GADPbInitOne
                0x03fba018                GADPbInitialize
                0x03fba1e8                GADPbBind
                0x03fba3a0                GADPbShutdown
 .text          0x03fba3f0       0xa0 cpu/arm920t/wmt/libwmt.a(mem.o)
                0x03fba3f0                MEMvAlign
                0x03fba42c                MEMvAllocateShared
                0x03fba488                MEMvCopy
                0x03fba48c                MEMvSet
 .text          0x03fba490       0xec cpu/arm920t/wmt/libwmt.a(vpci.o)
                0x03fba490                VPCIvReadB
                0x03fba4a0                VPCIvReadW
                0x03fba4b0                VPCIvReadD
                0x03fba4c0                VPCIvWriteB
                0x03fba4cc                VPCIvRegBitsOff
                0x03fba4fc                VPCIvRegBitsOn
                0x03fba52c                VPCIvInitialize
                0x03fba564                VPCIvWriteW
                0x03fba570                VPCIvWriteD
 .text          0x03fba57c      0x2ac cpu/arm920t/wmt/libwmt.a(upcix.o)
                0x03fba57c                PCIXvReadB
                0x03fba5ac                PCIXvReadW
                0x03fba5dc                PCIXvReadD
                0x03fba600                PCIXvWriteB
                0x03fba62c                PCIXvWriteW
                0x03fba658                PCIXvWriteD
                0x03fba678                PCIXvReadManyBytes
                0x03fba6c0                PCIXbFindDeviceInfo
 .text          0x03fba828      0x330 cpu/arm920t/wmt/libwmt.a(gcard.o)
                0x03fba828                GCARDvSetMediaLinkMode
                0x03fbaafc                GCARDvSetLoopbackMode
                0x03fbab28                GCARDbSoftwareReset
 .text          0x03fbab58      0xa18 cpu/arm920t/wmt/libwmt.a(gisr.o)
                0x03fbab58                PCAvIntEnable
                0x03fbab68                PCAvIntDisable
                0x03fbab78                GISRvIsrForNetwork
                0x03fbb520                ISRvIsrForNetwork_Card3
                0x03fbb538                ISRvIsrForNetwork_Card2
                0x03fbb54c                ISRvIsrForNetwork_Card1
                0x03fbb560                ISRvIsrForNetwork_Card0
 .text          0x03fbb570      0x318 cpu/arm920t/wmt/libwmt.a(tconvert.o)
                0x03fbb570                CVTvBy6ToStr12
                0x03fbb5c4                CVTvStr12ToBy6
                0x03fbb628                CVTvHexToAsc
                0x03fbb678                CVTvAscToHex
                0x03fbb770                CVTvIP4ToStr15
                0x03fbb820                CVTvStr15ToIP4
 .text          0x03fbb888       0x4c cpu/arm920t/wmt/libwmt.a(tcrc.o)
                0x03fbb888                CRCdwCrc32
                0x03fbb8bc                CRCdwGetCrc32
                0x03fbb8d0                CRCdwGetCrc32Ex
 .text          0x03fbb8d4      0x44c lib_arm/libarm.a(armlinux.o)
                0x03fbb9e0                do_bootm_linux
 .text          0x03fbbd20        0x4 lib_arm/libarm.a(cache.o)
                0x03fbbd20                flush_cache
 .text          0x03fbbd24     0x1be0 fs/fat/libfat.a(fat.o)
                0x03fbbf78                disk_read
                0x03fbc564                disk_write
                0x03fbc694                fat_register_device
                0x03fbc7e0                do_fat_read
                0x03fbd154                do_fat_write
                0x03fbd744                file_fat_detectfs
                0x03fbd888                file_fat_ls
                0x03fbd898                file_fat_read
                0x03fbd8d0                file_fat_write
 .text          0x03fbd904      0x2b0 disk/libdisk.a(part.o)
                0x03fbd904                dev_print
                0x03fbdaac                init_part
                0x03fbdac8                get_partition_info
                0x03fbdaf0                print_part
 .text          0x03fbdbb4      0x4c4 disk/libdisk.a(part_dos.o)
                0x03fbdfd8                test_part_dos
                0x03fbe02c                print_part_dos
                0x03fbe058                get_partition_info_dos
 .text          0x03fbe078       0x7c cpu/arm920t/wmt/libwmt.a(zde.o)
                0x03fbe078                semi_bootloados
 .text          0x03fbe0f4      0x20c /root/Project/sdb1/APC_Github/apc-8750-private/tools/arm-toolchain/arm_201103_gcc4.5.2/bin/../lib/gcc/arm-none-linux-gnueabi/4.5.2/libgcc.a(_udivsi3.o)
                0x03fbe0f4                __udivsi3
                0x03fbe0f4                __aeabi_uidiv
                0x03fbe2e0                __aeabi_uidivmod
 .text          0x03fbe300      0x240 /root/Project/sdb1/APC_Github/apc-8750-private/tools/arm-toolchain/arm_201103_gcc4.5.2/bin/../lib/gcc/arm-none-linux-gnueabi/4.5.2/libgcc.a(_divsi3.o)
                0x03fbe300                __aeabi_idiv
                0x03fbe300                __divsi3
                0x03fbe520                __aeabi_idivmod
 .text          0x03fbe540       0x1c /root/Project/sdb1/APC_Github/apc-8750-private/tools/arm-toolchain/arm_201103_gcc4.5.2/bin/../lib/gcc/arm-none-linux-gnueabi/4.5.2/libgcc.a(_ashldi3.o)
                0x03fbe540                __ashldi3
                0x03fbe540                __aeabi_llsl
 .text          0x03fbe55c       0x10 /root/Project/sdb1/APC_Github/apc-8750-private/tools/arm-toolchain/arm_201103_gcc4.5.2/bin/../lib/gcc/arm-none-linux-gnueabi/4.5.2/libgcc.a(_dvmd_lnx.o)
                0x03fbe55c                __aeabi_ldiv0
                0x03fbe55c                __aeabi_idiv0

.glue_7         0x03fbe56c        0x0
 .glue_7        0x00000000        0x0 linker stubs

.glue_7t        0x03fbe56c        0x0
 .glue_7t       0x00000000        0x0 linker stubs

.vfp11_veneer   0x03fbe56c        0x0
 .vfp11_veneer  0x00000000        0x0 linker stubs

.v4_bx          0x03fbe56c        0x0
 .v4_bx         0x00000000        0x0 linker stubs
                0x03fbe56c                . = ALIGN (0x4)

.rodata         0x03fbe56c     0x26d0
 *(.rodata)
 .rodata        0x03fbe56c       0x80 cpu/arm920t/libarm920t.a(interrupts.o)
 .rodata        0x03fbe5ec       0x26 lib_arm/libarm.a(board.o)
                0x03fbe5ec                version_string
 .rodata        0x03fbe612        0x7 net/libnet.a(net.o)
 *fill*         0x03fbe619        0x3 00
 .rodata        0x03fbe61c       0xb4 common/libcommon.a(cmd_bootm.o)
 .rodata        0x03fbe6d0       0x58 common/libcommon.a(cmd_mem.o)
 .rodata        0x03fbe728       0x10 common/libcommon.a(cmd_dma.o)
 .rodata        0x03fbe738       0x28 common/libcommon.a(cmd_nand.o)
 .rodata        0x03fbe760      0x840 common/libcommon.a(minivgui.o)
 .rodata        0x03fbefa0       0x34 common/libcommon.a(usb_storage.o)
 .rodata        0x03fbefd4      0x1f8 common/libcommon.a(govrh.o)
 .rodata        0x03fbf1cc      0xbcc common/libcommon.a(vpp.o)
                0x03fbf1cc                vpp_video_mode_table
                0x03fbfb3e                hdmi_vic_info
                0x03fbfc10                vpp_csc_parm
 .rodata        0x03fbfd98       0x24 common/libcommon.a(disp.o)
 .rodata        0x03fbfdbc       0x9c common/libcommon.a(hdmi.o)
 .rodata        0x03fbfe58       0xf8 common/libcommon.a(vout-wmt.o)
 .rodata        0x03fbff50      0x1b8 common/libcommon.a(sil902x.o)
 .rodata        0x03fc0108        0xa common/libcommon.a(parse-edid.o)
                0x03fc0108                edid_v1_descriptor_flag
                0x03fc010a                edid_v1_header
 *fill*         0x03fc0112        0x2 00
 .rodata        0x03fc0114      0x400 lib_generic/libgeneric.a(crc32.o)
 .rodata        0x03fc0514       0x90 lib_generic/libgeneric.a(zlib.o)
 .rodata        0x03fc05a4        0xc board/wmt/libwmt.a(flash.o)
 .rodata        0x03fc05b0      0x21c board/wmt/libwmt.a(nor_flash_16bit.o)
 .rodata        0x03fc07cc       0x3f board/wmt/libwmt.a(ehci-hcd.o)
 .rodata        0x03fc080b       0x20 cpu/arm920t/wmt/libwmt.a(gmac.o)
 *fill*         0x03fc082b        0x1 00
 .rodata        0x03fc082c       0x10 cpu/arm920t/wmt/libwmt.a(gadapter.o)
 .rodata        0x03fc083c      0x400 cpu/arm920t/wmt/libwmt.a(tcrc.o)

.rodata.str1.1  0x03fc0c3c     0xa308
 .rodata.str1.1
                0x03fc0c3c      0x264 cpu/arm920t/libarm920t.a(interrupts.o)
                                0x27b (size before relaxing)
 .rodata.str1.1
                0x03fc0ea0       0xff lib_arm/libarm.a(board.o)
                                0x101 (size before relaxing)
 .rodata.str1.1
                0x03fc0f9f      0x1ba net/libnet.a(net.o)
                                0x1c2 (size before relaxing)
 .rodata.str1.1
                0x03fc1159      0x174 net/libnet.a(tftp.o)
                                0x1b5 (size before relaxing)
 .rodata.str1.1
                0x03fc12cd       0xcc net/libnet.a(bootp.o)
                                 0xfc (size before relaxing)
 .rodata.str1.1
                0x03fc1399       0x13 net/libnet.a(rarp.o)
                                 0x47 (size before relaxing)
 .rodata.str1.1
                0x03fc13ac       0xe4 net/libnet.a(nfs.o)
                                0x16c (size before relaxing)
 .rodata.str1.1
                0x03fc1490      0x138 common/libcommon.a(main.o)
                                0x13b (size before relaxing)
 .rodata.str1.1
                0x03fc15c8       0xec common/libcommon.a(cmd_autoscript.o)
 .rodata.str1.1
                0x03fc16b4       0xb2 common/libcommon.a(cmd_bdinfo.o)
 .rodata.str1.1
                0x03fc1766      0x103 common/libcommon.a(cmd_boot.o)
                                0x111 (size before relaxing)
 .rodata.str1.1
                0x03fc1869      0x7a6 common/libcommon.a(cmd_bootm.o)
                                0x806 (size before relaxing)
 .rodata.str1.1
                0x03fc200f       0x67 common/libcommon.a(cmd_console.o)
                                 0x6c (size before relaxing)
 .rodata.str1.1
                0x03fc2076      0x54c common/libcommon.a(cmd_fat.o)
                                0x55b (size before relaxing)
 .rodata.str1.1
                0x03fc25c2      0x745 common/libcommon.a(cmd_flash.o)
                                0x75d (size before relaxing)
 .rodata.str1.1
                0x03fc2d07      0x433 common/libcommon.a(cmd_i2c.o)
                                0x468 (size before relaxing)
 .rodata.str1.1
                0x03fc313a      0x474 common/libcommon.a(cmd_ide.o)
                                0x503 (size before relaxing)
 .rodata.str1.1
                0x03fc35ae       0xba common/libcommon.a(cmd_itest.o)
                                 0xca (size before relaxing)
 .rodata.str1.1
                0x03fc3668      0x2dc common/libcommon.a(cmd_load.o)
                                0x2f2 (size before relaxing)
 .rodata.str1.1
                0x03fc3944      0x64f common/libcommon.a(cmd_mem.o)
                                0x6a3 (size before relaxing)
 .rodata.str1.1
                0x03fc3f93      0x785 common/libcommon.a(cmd_mii.o)
                                0x7a6 (size before relaxing)
 .rodata.str1.1
                0x03fc4718       0x6b common/libcommon.a(cmd_misc.o)
                                 0x76 (size before relaxing)
 .rodata.str1.1
                0x03fc4783      0x328 common/libcommon.a(cmd_mmc.o)
                                0x33a (size before relaxing)
 .rodata.str1.1
                0x03fc4aab       0x38 common/libcommon.a(cmd_dma.o)
                                 0xa0 (size before relaxing)
 .rodata.str1.1
                0x03fc4ae3     0x143c common/libcommon.a(cmd_nand.o)
                               0x154c (size before relaxing)
 .rodata.str1.1
                0x03fc5f1f      0x20f common/libcommon.a(cmd_net.o)
                                0x282 (size before relaxing)
 .rodata.str1.1
                0x03fc612e      0x2cd common/libcommon.a(cmd_nvedit.o)
                                0x350 (size before relaxing)
 .rodata.str1.1
                0x03fc63fb      0x72e common/libcommon.a(cmd_usb.o)
                                0x922 (size before relaxing)
 .rodata.str1.1
                0x03fc6b29      0x2ef common/libcommon.a(command.o)
                                0x341 (size before relaxing)
 .rodata.str1.1
                0x03fc6e18       0x70 common/libcommon.a(console.o)
                                 0x74 (size before relaxing)
 .rodata.str1.1
                0x03fc6e88       0x2f common/libcommon.a(devices.o)
                                 0x43 (size before relaxing)
 .rodata.str1.1
                0x03fc6eb7       0x33 common/libcommon.a(env_common.o)
                                 0x37 (size before relaxing)
 .rodata.str1.1
                0x03fc6eea       0x7f common/libcommon.a(env_flash.o)
                                 0x85 (size before relaxing)
 .rodata.str1.1
                0x03fc6f69       0xf3 common/libcommon.a(wmt_cmd_display.o)
                                0x13c (size before relaxing)
 .rodata.str1.1
                0x03fc705c       0x4a common/libcommon.a(minivgui.o)
 .rodata.str1.1
                0x03fc70a6      0x172 common/libcommon.a(uboot-vpp.o)
                                0x1c1 (size before relaxing)
 .rodata.str1.1
                0x03fc7218       0xb7 common/libcommon.a(cmd_mbit.o)
                                0x110 (size before relaxing)
 .rodata.str1.1
                0x03fc72cf      0x299 common/libcommon.a(cmd_textout.o)
                                0x2aa (size before relaxing)
 .rodata.str1.1
                0x03fc7568      0x28e common/libcommon.a(env_parse.o)
                                0x2b2 (size before relaxing)
 .rodata.str1.1
                0x03fc77f6       0xf7 common/libcommon.a(flash.o)
                                0x10c (size before relaxing)
 .rodata.str1.1
                0x03fc78ed      0x14b common/libcommon.a(hush.o)
                                0x1ae (size before relaxing)
 .rodata.str1.1
                0x03fc7a38      0x174 common/libcommon.a(miiphyutil.o)
                                0x176 (size before relaxing)
 .rodata.str1.1
                0x03fc7bac      0x29e common/libcommon.a(usb.o)
 .rodata.str1.1
                0x03fc7e4a      0x1cc common/libcommon.a(usb_storage.o)
                                0x1de (size before relaxing)
 .rodata.str1.1
                0x03fc8016       0x1b common/libcommon.a(pwm.o)
 .rodata.str1.1
                0x03fc8031       0x32 common/libcommon.a(wmt-ost.o)
 .rodata.str1.1
                0x03fc8063      0x2f8 common/libcommon.a(govrh.o)
 .rodata.str1.1
                0x03fc835b       0x37 common/libcommon.a(lcd.o)
 .rodata.str1.1
                0x03fc8392       0xa7 common/libcommon.a(lvds.o)
 .rodata.str1.1
                0x03fc8439      0x2f8 common/libcommon.a(vpp.o)
                                0x32b (size before relaxing)
 .rodata.str1.1
                0x03fc8731      0x26a common/libcommon.a(disp.o)
                                0x279 (size before relaxing)
 .rodata.str1.1
                0x03fc899b      0x19c common/libcommon.a(vppm.o)
                                0x1a0 (size before relaxing)
 .rodata.str1.1
                0x03fc8b37      0x4e3 common/libcommon.a(hdmi.o)
                                0x4ea (size before relaxing)
 .rodata.str1.1
                0x03fc901a      0x325 common/libcommon.a(vout-wmt.o)
                                0x359 (size before relaxing)
 .rodata.str1.1
                0x03fc933f       0x34 common/libcommon.a(lcd-oem.o)
 .rodata.str1.1
                0x03fc9373       0x23 common/libcommon.a(lcd-AUO-A080SN01.o)
 .rodata.str1.1
                0x03fc9396       0x12 common/libcommon.a(lcd-INNOLUX-AT070TN83.o)
 .rodata.str1.1
                0x03fc93a8       0x48 common/libcommon.a(lcd-CHILIN-LW700at9003.o)
 .rodata.str1.1
                0x03fc93f0       0x3b common/libcommon.a(lcd-EKING-EK08009-70135.o)
 .rodata.str1.1
                0x03fc942b       0x47 common/libcommon.a(lcd-HANNSTAR-HSD101PFW2.o)
 .rodata.str1.1
                0x03fc9472       0x2e common/libcommon.a(vt1632.o)
                                 0x35 (size before relaxing)
 .rodata.str1.1
                0x03fc94a0       0xc1 common/libcommon.a(sil902x.o)
                                 0xc8 (size before relaxing)
 .rodata.str1.1
                0x03fc9561       0x1c common/libcommon.a(vpp-osif.o)
 .rodata.str1.1
                0x03fc957d       0x60 common/libcommon.a(vout.o)
 .rodata.str1.1
                0x03fc95dd       0x2a common/libcommon.a(sw_i2c.o)
 .rodata.str1.1
                0x03fc9607      0x110 common/libcommon.a(parse-edid.o)
                                0x112 (size before relaxing)
 .rodata.str1.1
                0x03fc9717       0x18 lib_generic/libgeneric.a(display_options.o)
 .rodata.str1.1
                0x03fc972f       0x51 lib_generic/libgeneric.a(vsprintf.o)
 .rodata.str1.1
                0x03fc9780      0x1f3 lib_generic/libgeneric.a(zlib.o)
                                0x1f4 (size before relaxing)
 .rodata.str1.1
                0x03fc9973       0x9c board/wmt/libwmt.a(flash.o)
                                 0x9e (size before relaxing)
 .rodata.str1.1
                0x03fc9a0f      0x273 board/wmt/libwmt.a(spi_flash.o)
                                0x294 (size before relaxing)
 .rodata.str1.1
                0x03fc9c82      0x29b board/wmt/libwmt.a(nor_flash_8bit.o)
                                0x325 (size before relaxing)
 .rodata.str1.1
                0x03fc9f1d      0x102 board/wmt/libwmt.a(nor_flash_16bit.o)
                                0x3ce (size before relaxing)
 .rodata.str1.1
                0x03fca01f      0x1c9 board/wmt/libwmt.a(wmt_clk.o)
 .rodata.str1.1
                0x03fca1e8      0x11a board/wmt/libwmt.a(ehci-hcd.o)
 .rodata.str1.1
                0x03fca302      0x32a board/wmt/libwmt.a(usb_uhci.o)
                                0x32c (size before relaxing)
 .rodata.str1.1
                0x03fca62c       0xdb cpu/arm920t/wmt/libwmt.a(gmacif.o)
                                 0xdd (size before relaxing)
 .rodata.str1.1
                0x03fca707      0x11a cpu/arm920t/wmt/libwmt.a(dma.o)
 .rodata.str1.1
                0x03fca821      0x157 cpu/arm920t/wmt/libwmt.a(mmc.o)
 .rodata.str1.1
                0x03fca978       0x4c cpu/arm920t/wmt/libwmt.a(pcinet.o)
 .rodata.str1.1
                0x03fca9c4        0xc cpu/arm920t/wmt/libwmt.a(galloct.o)
 .rodata.str1.1
                0x03fca9d0        0xd cpu/arm920t/wmt/libwmt.a(gmac.o)
 .rodata.str1.1
                0x03fca9dd       0x63 cpu/arm920t/wmt/libwmt.a(gadapter.o)
 .rodata.str1.1
                0x00000000       0x63 cpu/arm920t/wmt/libwmt.a(tconvert.o)
                                  0x5 (size before relaxing)
 .rodata.str1.1
                0x03fcaa40      0x10b lib_arm/libarm.a(armlinux.o)
                                0x17a (size before relaxing)
 .rodata.str1.1
                0x03fcab4b      0x1bd fs/fat/libfat.a(fat.o)
                                0x1c3 (size before relaxing)
 .rodata.str1.1
                0x03fcad08      0x152 disk/libdisk.a(part.o)
                                0x17a (size before relaxing)
 .rodata.str1.1
                0x03fcae5a       0xea disk/libdisk.a(part_dos.o)
                                 0xf6 (size before relaxing)
                0x03fcaf44                . = ALIGN (0x4)

.data           0x03fcaf44     0x374c
 *(.data)
 .data          0x03fcaf44        0x0 cpu/arm920t/start.o
 .data          0x03fcaf44        0x0 board/wmt/libwmt.a(lowlevel_init.o)
 .data          0x03fcaf44        0x0 cpu/arm920t/libarm920t.a(interrupts.o)
 .data          0x03fcaf44        0x0 cpu/arm920t/wmt/libwmt.a(interrupts.o)
 .data          0x03fcaf44       0x2c lib_arm/libarm.a(board.o)
                0x03fcaf44                init_sequence
 .data          0x03fcaf70        0xa net/libnet.a(net.o)
                0x03fcaf70                NetOurVLAN
                0x03fcaf72                NetBcastAddr
                0x03fcaf78                NetOurNativeVLAN
 .data          0x03fcaf7a        0x0 net/libnet.a(tftp.o)
 .data          0x03fcaf7a        0x0 net/libnet.a(bootp.o)
 .data          0x03fcaf7a        0x0 net/libnet.a(rarp.o)
 .data          0x03fcaf7a        0x0 net/libnet.a(eth.o)
 *fill*         0x03fcaf7a        0x2 00
 .data          0x03fcaf7c        0x4 net/libnet.a(nfs.o)
 .data          0x03fcaf80        0xd common/libcommon.a(main.o)
 .data          0x03fcaf8d        0x0 common/libcommon.a(cmd_autoscript.o)
 .data          0x03fcaf8d        0x0 common/libcommon.a(cmd_bdinfo.o)
 .data          0x03fcaf8d        0x0 common/libcommon.a(cmd_boot.o)
 *fill*         0x03fcaf8d        0x3 00
 .data          0x03fcaf90        0x4 common/libcommon.a(cmd_bootm.o)
                0x03fcaf90                load_addr
 .data          0x03fcaf94        0x0 common/libcommon.a(cmd_console.o)
 .data          0x03fcaf94        0x0 common/libcommon.a(cmd_fat.o)
 .data          0x03fcaf94        0x0 common/libcommon.a(cmd_flash.o)
 .data          0x03fcaf94        0x4 common/libcommon.a(cmd_i2c.o)
 .data          0x03fcaf98        0x4 common/libcommon.a(cmd_ide.o)
 .data          0x03fcaf9c       0x68 common/libcommon.a(cmd_itest.o)
                0x03fcaf9c                op_table
 .data          0x03fcb004        0x4 common/libcommon.a(cmd_load.o)
 .data          0x03fcb008        0x4 common/libcommon.a(cmd_mem.o)
                0x03fcb008                dp_last_length
 .data          0x03fcb00c      0x2e8 common/libcommon.a(cmd_mii.o)
                0x03fcb00c                reg_0_5_desc_tbl
                0x03fcb03c                desc_and_len_tbl
                0x03fcb06c                reg_0_desc_tbl
                0x03fcb0e4                reg_1_desc_tbl
                0x03fcb1a4                reg_2_desc_tbl
                0x03fcb1b0                reg_3_desc_tbl
                0x03fcb1d4                reg_4_desc_tbl
                0x03fcb264                reg_5_desc_tbl
 .data          0x03fcb2f4        0x0 common/libcommon.a(cmd_misc.o)
 .data          0x03fcb2f4        0x0 common/libcommon.a(cmd_mmc.o)
 .data          0x03fcb2f4        0x4 common/libcommon.a(cmd_dma.o)
                0x03fcb2f4                pDma_Reg
 .data          0x03fcb2f8      0x72c common/libcommon.a(cmd_nand.o)
 .data          0x03fcba24        0x0 common/libcommon.a(cmd_net.o)
 .data          0x03fcba24        0x0 common/libcommon.a(cmd_nvedit.o)
 .data          0x03fcba24        0x4 common/libcommon.a(cmd_usb.o)
 .data          0x03fcba28        0x0 common/libcommon.a(command.o)
 .data          0x03fcba28        0x0 common/libcommon.a(console.o)
 .data          0x03fcba28        0xc common/libcommon.a(devices.o)
                0x03fcba28                stdio_names
 .data          0x03fcba34      0x414 common/libcommon.a(dlmalloc.o)
 .data          0x03fcbe48      0x138 common/libcommon.a(env_common.o)
                0x03fcbe48                default_environment
                0x03fcbf7c                env_get_char
 .data          0x03fcbf80       0x18 common/libcommon.a(env_flash.o)
                0x03fcbf90                env_ptr
                0x03fcbf94                env_name_spec
 .data          0x03fcbf98        0x0 common/libcommon.a(exports.o)
 .data          0x03fcbf98        0x0 common/libcommon.a(wmt_cmd_display.o)
 .data          0x03fcbf98        0x0 common/libcommon.a(minivgui.o)
 .data          0x03fcbf98       0xc0 common/libcommon.a(uboot-vpp.o)
                0x03fcbf98                vfb_var
                0x03fcc038                video_str
 .data          0x03fcc058        0x0 common/libcommon.a(cmd_mbit.o)
 .data          0x03fcc058        0x8 common/libcommon.a(cmd_textout.o)
                0x03fcc058                text_x
                0x03fcc05c                text_y
 .data          0x03fcc060        0x0 common/libcommon.a(env_parse.o)
 .data          0x03fcc060        0x0 common/libcommon.a(flash.o)
 .data          0x03fcc060       0x84 common/libcommon.a(hush.o)
 .data          0x03fcc0e4        0x0 common/libcommon.a(lists.o)
 .data          0x03fcc0e4        0x0 common/libcommon.a(miiphyutil.o)
 .data          0x03fcc0e4        0x0 common/libcommon.a(s_record.o)
 .data          0x03fcc0e4        0x0 common/libcommon.a(usb.o)
 .data          0x03fcc0e4       0x24 common/libcommon.a(usb_storage.o)
                0x03fcc0e4                us_direction
                0x03fcc104                CBWTag
 .data          0x03fcc108        0x0 common/libcommon.a(pwm.o)
 .data          0x03fcc108        0x0 common/libcommon.a(wmt-ost.o)
 .data          0x03fcc108        0x0 common/libcommon.a(govrh.o)
 .data          0x03fcc108       0x30 common/libcommon.a(lcd.o)
                0x03fcc108                lcd_vout_dev_ops
                0x03fcc134                lcd_panel_on
 .data          0x03fcc138        0x0 common/libcommon.a(lvds.o)
 .data          0x03fcc138       0xa0 common/libcommon.a(vpp.o)
                0x03fcc138                vpp_colfmt_str
                0x03fcc16c                vpp_vout_str
                0x03fcc190                vpp_vo_boot_arg
                0x03fcc1a8                vpp_vo_boot_arg2
                0x03fcc1c0                vpp_vpath_str
 .data          0x03fcc1d8        0x0 common/libcommon.a(disp.o)
 .data          0x03fcc1d8      0x724 common/libcommon.a(disp-attr.o)
                0x03fcc1d8                disp_attr_tbl
                0x03fcc650                disp_timing_tbl
 .data          0x03fcc8fc        0x0 common/libcommon.a(vppm.o)
 .data          0x03fcc8fc        0x0 common/libcommon.a(hdmi.o)
 .data          0x03fcc8fc     0x13cc common/libcommon.a(vout-wmt.o)
                0x03fcc8fc                vo_boot_parm
                0x03fccb30                vo_lcd_parm
                0x03fccd64                vo_parm_table
                0x03fccd88                vo_vga_parm
                0x03fccfbc                vo_sda_parm
                0x03fcd1f0                vo_lvds_parm
                0x03fcd424                vo_hdmi_parm
                0x03fcd658                vout_priority
                0x03fcd680                vo_gpio_scl
                0x03fcd69c                vo_gpio_sda
                0x03fcd6b8                vo_i2c0_scl
                0x03fcd6d4                vo_i2c0_sda
                0x03fcd6f0                vo_swi2c_vga
                0x03fcd6f8                vo_swi2c_dvi
                0x03fcd700                vo_vga_ops
                0x03fcd72c                vo_dvi_ops
                0x03fcd758                vo_dvi_parm
                0x03fcd98c                vo_dvo2hdmi_ops
                0x03fcd9b8                vo_dvo2hdmi_parm
                0x03fcdbec                vo_lcd_ops
                0x03fcdc18                vo_sda_ops
                0x03fcdc44                vo_boot_ops
                0x03fcdc70                vo_hdmi_ops
                0x03fcdc9c                vo_lvds_ops
 .data          0x03fcdcc8       0x40 common/libcommon.a(lcd-oem.o)
                0x03fcdcc8                lcd_oem_parm
 .data          0x03fcdd08       0x40 common/libcommon.a(lcd-AUO-A080SN01.o)
                0x03fcdd08                lcd_a080sn01_parm
 .data          0x03fcdd48       0x40 common/libcommon.a(lcd-INNOLUX-AT070TN83.o)
                0x03fcdd48                lcd_at070tn83_parm
 .data          0x03fcdd88       0x40 common/libcommon.a(lcd-CHILIN-LW700at9003.o)
                0x03fcdd88                lcd_lw700at9003_parm
 .data          0x03fcddc8       0x40 common/libcommon.a(lcd-EKING-EK08009-70135.o)
                0x03fcddc8                lcd_ek08009_parm
 .data          0x03fcde08       0x40 common/libcommon.a(lcd-HANNSTAR-HSD101PFW2.o)
                0x03fcde08                lcd_HSD101PFW2_parm
 .data          0x03fcde48       0x2c common/libcommon.a(vt1632.o)
                0x03fcde48                vt1632_vout_dev_ops
 .data          0x03fcde74       0x3c common/libcommon.a(sil902x.o)
                0x03fcde74                sil902x_audio_freq
                0x03fcde78                sil902x_audio_fmt
                0x03fcde7c                sil902x_audio_channel
                0x03fcde80                sil902x_hdmi_edid
                0x03fcde84                sil902x_vout_dev_ops
 .data          0x03fcdeb0        0x0 common/libcommon.a(vpp-osif.o)
 .data          0x03fcdeb0        0x0 common/libcommon.a(vout.o)
 .data          0x03fcdeb0        0x0 common/libcommon.a(sw_i2c.o)